******************************************************************************
                  TI ARM Linker Unix v20.2.1                   
******************************************************************************
>> Linked Wed Dec  2 12:32:24 2020

OUTPUT FILE NAME:   <Client for cyber.out>
ENTRY POINT SYMBOL: "_c_int00_noargs"  address: 000039c5


MEMORY CONFIGURATION

         name            origin    length      used     unused   attr    fill
----------------------  --------  ---------  --------  --------  ----  --------
  MAIN                  00000000   00040000  00004160  0003bea0  R  X
  INFO                  00200000   00004000  00000000  00004000  R  X
  SRAM_CODE             01000000   00010000  00000e26  0000f1da  RW X
  SRAM_DATA             20000000   00010000  00000e26  0000f1da  RW  


SEGMENT ALLOCATION MAP

run origin  load origin   length   init length attrs members
----------  ----------- ---------- ----------- ----- -------
00000000    00000000    00004160   00004160    r-x
  00000000    00000000    000000e4   000000e4    r-- .intvecs
  000000e4    000000e4    00003b3c   00003b3c    r-x .text
  00003c20    00003c20    000004a8   000004a8    r-- .const
  000040c8    000040c8    00000098   00000098    r-- .cinit
20000000    20000000    00000c2c   00000000    rw-
  20000000    20000000    0000063a   00000000    rw- .bss
  20000640    20000640    00000400   00000000    rw- .sysmem
  20000a40    20000a40    000001ec   00000000    rw- .data
2000fe00    2000fe00    00000200   00000000    rw-
  2000fe00    2000fe00    00000200   00000000    rw- .stack


SECTION ALLOCATION MAP

 output                                  attributes/
section   page    origin      length       input sections
--------  ----  ----------  ----------   ----------------
.intvecs   0    00000000    000000e4     
                  00000000    000000e4     startup_msp432p401r_ccs.obj (.intvecs:retain)

.text      0    000000e4    00003b3c     
                  000000e4    00000a4e     rtsv7M4_T_le_v4SPD16_eabi.lib : _printfi.c.obj (.text:__TI_printfi)
                  00000b32    00000002                                   : _lock.c.obj (.text:_nop)
                  00000b34    000008f4     des.obj (.text)
                  00001428    0000051c     main.obj (.text)
                  00001944    00000334     system_msp432p401r.obj (.text)
                  00001c78    00000270     rtsv7M4_T_le_v4SPD16_eabi.lib : _printfi.c.obj (.text:_pconv_a)
                  00001ee8    000001d0                                   : _printfi.c.obj (.text:_pconv_g)
                  000020b8    000001b6                                   : fd_add_t2.asm.obj (.text)
                  0000226e    00000002                                   : div0.asm.obj (.text)
                  00002270    0000013c                                   : _printfi.c.obj (.text:_pconv_e)
                  000023ac    00000136                                   : fd_div_t2.asm.obj (.text)
                  000024e2    00000002     --HOLE-- [fill = 0]
                  000024e4    00000124                                   : _printfi.c.obj (.text:fcvt)
                  00002608    00000114                                   : fputs.c.obj (.text:fputs)
                  0000271c    00000110                                   : s_scalbn.c.obj (.text:scalbn)
                  0000282c    00000108                                   : memory.c.obj (.text:aligned_alloc)
                  00002934    000000fc                                   : fd_mul_t2.asm.obj (.text)
                  00002a30    000000e4                                   : memory.c.obj (.text:free)
                  00002b14    000000dc                                   : setvbuf.c.obj (.text:setvbuf)
                  00002bf0    000000b1                                   : _printfi.c.obj (.text:_ltostr)
                  00002ca1    00000001     --HOLE-- [fill = 0]
                  00002ca2    0000009c                                   : memcpy_t2.asm.obj (.text)
                  00002d3e    00000096                                   : ull_div_t2.asm.obj (.text)
                  00002dd4    0000008c                                   : fputc.c.obj (.text:fputc)
                  00002e60    00000086                                   : fd_cmp_t2.asm.obj (.text:__aeabi_cdcmple)
                  00002ee6    00000086                                   : fd_cmp_t2.asm.obj (.text:__aeabi_cdrcmple)
                  00002f6c    0000007a                                   : memset_t2.asm.obj (.text)
                  00002fe6    00000002     --HOLE-- [fill = 0]
                  00002fe8    00000074                                   : fclose.c.obj (.text:__TI_closefile)
                  0000305c    00000070                                   : memory.c.obj (.text:split)
                  000030cc    0000006e                                   : _printfi.c.obj (.text:_mcpy)
                  0000313a    00000002     --HOLE-- [fill = 0]
                  0000313c    0000006c                                   : hostrename.c.obj (.text:HOSTrename)
                  000031a8    00000068                                   : hostlseek.c.obj (.text:HOSTlseek)
                  00003210    00000068                                   : copy_decompress_lzss.c.obj (.text:decompress:lzss:__TI_decompress_lzss)
                  00003278    00000068                                   : printf.c.obj (.text:printf)
                  000032e0    00000064                                   : s_frexp.c.obj (.text:frexp)
                  00003344    00000064                                   : fseek.c.obj (.text:fseek)
                  000033a8    00000062                                   : _io_perm.c.obj (.text:__TI_wrt_ok)
                  0000340a    00000002     --HOLE-- [fill = 0]
                  0000340c    00000060                                   : hostopen.c.obj (.text:HOSTopen)
                  0000346c    0000005c                                   : close.c.obj (.text:close)
                  000034c8    00000058                                   : hostread.c.obj (.text:HOSTread)
                  00003520    00000058                                   : hostwrite.c.obj (.text:HOSTwrite)
                  00003578    00000056                                   : _printfi.c.obj (.text:_pconv_f)
                  000035ce    00000054                                   : _ltoa.c.obj (.text:__TI_ltoa)
                  00003622    00000052                                   : _printfi.c.obj (.text:_ecpy)
                  00003674    0000004c                                   : fflush.c.obj (.text:__TI_doflush)
                  000036c0    0000004c                                   : atoi.c.obj (.text:atoi)
                  0000370c    00000048                                   : exit.c.obj (.text:exit)
                  00003754    00000048                                   : fd_toi_t2.asm.obj (.text)
                  0000379c    00000044                                   : hostclose.c.obj (.text:HOSTclose)
                  000037e0    00000044                                   : hostunlink.c.obj (.text:HOSTunlink)
                  00003824    00000044                                   : autoinit.c.obj (.text:__TI_auto_init_nobinit_nopinit:__TI_auto_init_nobinit_nopinit)
                  00003868    00000044                                   : getdevice.c.obj (.text:getdevice)
                  000038ac    0000003e                                   : _printfi.c.obj (.text:_fcpy)
                  000038ea    00000002     --HOLE-- [fill = 0]
                  000038ec    00000038                                   : trgmsg.c.obj (.text:__TI_writemsg)
                  00003924    00000036                                   : strncpy.c.obj (.text:strncpy)
                  0000395a    00000002     --HOLE-- [fill = 0]
                  0000395c    00000034                                   : fopen.c.obj (.text:__TI_cleanup)
                  00003990    00000034                                   : trgmsg.c.obj (.text:__TI_readmsg)
                  000039c4    00000034                                   : boot_cortex_m.c.obj (.text:_c_int00_noargs:_c_int00_noargs)
                  000039f8    00000030                                   : getdevice.c.obj (.text:finddevice)
                  00003a28    0000002e                                   : i_tofd_t2.asm.obj (.text)
                  00003a56    00000002     --HOLE-- [fill = 0]
                  00003a58    0000002c                                   : unlink.c.obj (.text:unlink)
                  00003a84    00000028                                   : memory.c.obj (.text:free_list_insert)
                  00003aac    00000028                                   : lseek.c.obj (.text:lseek)
                  00003ad4    00000028                                   : write.c.obj (.text:write)
                  00003afc    00000020                                   : memchr.c.obj (.text:memchr)
                  00003b1c    0000001c                                   : memory.c.obj (.text:free_list_remove)
                  00003b38    0000001c                                   : memccpy.c.obj (.text:memccpy)
                  00003b54    0000001a                                   : s_copysign.c.obj (.text:copysign)
                  00003b6e    00000018                                   : strcmp.c.obj (.text:strcmp)
                  00003b86    00000016                                   : strchr.c.obj (.text:strchr)
                  00003b9c    00000014                                   : strcpy.c.obj (.text:strcpy)
                  00003bb0    00000014                                   : strlen.c.obj (.text:strlen)
                  00003bc4    00000012                                   : wcslen.c.obj (.text:wcslen)
                  00003bd6    0000000e                                   : copy_decompress_none.c.obj (.text:decompress:none:__TI_decompress_none)
                  00003be4    0000000e     startup_msp432p401r_ccs.obj (.text)
                  00003bf2    0000000c     rtsv7M4_T_le_v4SPD16_eabi.lib : copy_zero_init.c.obj (.text:decompress:ZI:__TI_zero_init)
                  00003bfe    00000002     --HOLE-- [fill = 0]
                  00003c00    00000008                                   : errno.c.obj (.text:__aeabi_errno_addr)
                  00003c08    00000008                                   : memory.c.obj (.text:malloc)
                  00003c10    00000004                                   : printf.c.obj (.text:_outc)
                  00003c14    00000004                                   : printf.c.obj (.text:_outs)
                  00003c18    00000004                                   : pre_init.c.obj (.text:_system_pre_init)
                  00003c1c    00000004                                   : exit.c.obj (.text:abort:abort)

.const     0    00003c20    000004a8     
                  00003c20    00000101     rtsv7M4_T_le_v4SPD16_eabi.lib : ctype.c.obj (.const:.string:_ctypes_)
                  00003d21    00000003     --HOLE-- [fill = 0]
                  00003d24    00000044     des.obj (.const:DES_default)
                  00003d68    00000040     des.obj (.const:.string:FP)
                  00003da8    00000040     des.obj (.const:.string:IP)
                  00003de8    00000040     des.obj (.const:.string:S1)
                  00003e28    00000040     des.obj (.const:.string:S2)
                  00003e68    00000040     des.obj (.const:.string:S3)
                  00003ea8    00000040     des.obj (.const:.string:S4)
                  00003ee8    00000040     des.obj (.const:.string:S5)
                  00003f28    00000040     des.obj (.const:.string:S6)
                  00003f68    00000040     des.obj (.const:.string:S7)
                  00003fa8    00000040     des.obj (.const:.string:S8)
                  00003fe8    00000038     des.obj (.const:.string:PC1)
                  00004020    00000030     des.obj (.const:.string:E)
                  00004050    00000030     des.obj (.const:.string:PC2)
                  00004080    00000020     des.obj (.const:.string:P)
                  000040a0    00000010     des.obj (.const:.string:$P$T0$1)
                  000040b0    00000010     des.obj (.const:.string:key_shifts)
                  000040c0    00000008     main.obj (.const:.string:$P$T0$1)

.cinit     0    000040c8    00000098     
                  000040c8    0000006f     (.cinit..data.load) [load image, compression = lzss]
                  00004137    00000001     --HOLE-- [fill = 0]
                  00004138    0000000c     (__TI_handler_table)
                  00004144    00000004     --HOLE-- [fill = 0]
                  00004148    00000008     (.cinit..bss.load) [load image, compression = zero_init]
                  00004150    00000010     (__TI_cinit_table)

.init_array 
*          0    00000000    00000000     UNINITIALIZED

.binit     0    00000000    00000000     

.bss       0    20000000    0000063a     UNINITIALIZED
                  20000000    00000384     (.common:bc)
                  20000384    00000120     rtsv7M4_T_le_v4SPD16_eabi.lib : trgmsg.c.obj (.bss:_CIOBUF_)
                  200004a4    000000a0     (.common:__TI_tmpnams)
                  20000544    00000080     des.obj (.bss:round_key)
                  200005c4    00000044     (.common:config)
                  20000608    00000008     des.obj (.bss:des_key)
                  20000610    00000008     (.common:buffer)
                  20000618    00000008     (.common:message)
                  20000620    00000008     (.common:output)
                  20000628    00000008     (.common:parmbuf)
                  20000630    00000004     (.common:FLAG)
                  20000634    00000004     (.common:i)
                  20000638    00000001     (.common:index)
                  20000639    00000001     (.common:x)

.sysmem    0    20000640    00000400     UNINITIALIZED
                  20000640    00000010     rtsv7M4_T_le_v4SPD16_eabi.lib : memory.c.obj (.sysmem)
                  20000650    000003f0     --HOLE--

.data      0    20000a40    000001ec     UNINITIALIZED
                  20000a40    000000f0     rtsv7M4_T_le_v4SPD16_eabi.lib : defs.c.obj (.data:_ftable)
                  20000b30    00000078                                   : host_device.c.obj (.data:_device)
                  20000ba8    00000050                                   : host_device.c.obj (.data:_stream)
                  20000bf8    00000010                                   : defs.c.obj (.data)
                  20000c08    0000000c                                   : exit.c.obj (.data:$O1$$)
                  20000c14    00000008                                   : _lock.c.obj (.data:$O1$$)
                  20000c1c    00000008                                   : memory.c.obj (.data:$O1$$)
                  20000c24    00000004                                   : errno.c.obj (.data)
                  20000c28    00000004     system_msp432p401r.obj (.data)

.stack     0    2000fe00    00000200     UNINITIALIZED
                  2000fe00    00000004     rtsv7M4_T_le_v4SPD16_eabi.lib : boot_cortex_m.c.obj (.stack)
                  2000fe04    000001fc     --HOLE--

__llvm_prf_cnts 
*          0    20000000    00000000     UNINITIALIZED

MODULE SUMMARY

       Module                        code    ro data   rw data
       ------                        ----    -------   -------
    ./
       des.obj                       2292    924       408    
       main.obj                      1308    8         1868   
       system_msp432p401r.obj        820     0         8      
       startup_msp432p401r_ccs.obj   14      228       0      
    +--+-----------------------------+-------+---------+---------+
       Total:                        4434    1160      2284   
                                                              
    /Applications/ti/ccs1011/ccs/tools/compiler/ti-cgt-arm_20.2.1.LTS/lib/rtsv7M4_T_le_v4SPD16_eabi.lib
       _printfi.c.obj                4851    0         0      
       defs.c.obj                    0       0         832    
       memory.c.obj                  680     0         16     
       trgmsg.c.obj                  108     0         576    
       fd_add_t2.asm.obj             438     0         0      
       host_device.c.obj             0       0         400    
       fd_div_t2.asm.obj             310     0         0      
       fputs.c.obj                   276     0         0      
       s_scalbn.c.obj                272     0         0      
       fd_cmp_t2.asm.obj             268     0         0      
       ctype.c.obj                   0       257       0      
       fd_mul_t2.asm.obj             252     0         0      
       setvbuf.c.obj                 220     0         0      
       memcpy_t2.asm.obj             156     0         0      
       ull_div_t2.asm.obj            150     0         0      
       fputc.c.obj                   140     0         0      
       memset_t2.asm.obj             122     0         0      
       fclose.c.obj                  116     0         0      
       getdevice.c.obj               116     0         0      
       hostopen.c.obj                96      0         16     
       printf.c.obj                  112     0         0      
       hostrename.c.obj              108     0         0      
       copy_decompress_lzss.c.obj    104     0         0      
       hostlseek.c.obj               104     0         0      
       exit.c.obj                    76      0         24     
       fseek.c.obj                   100     0         0      
       s_frexp.c.obj                 100     0         0      
       _io_perm.c.obj                98      0         0      
       close.c.obj                   92      0         0      
       hostread.c.obj                88      0         0      
       hostwrite.c.obj               88      0         0      
       _ltoa.c.obj                   84      0         0      
       atoi.c.obj                    76      0         0      
       fflush.c.obj                  76      0         0      
       fd_toi_t2.asm.obj             72      0         0      
       autoinit.c.obj                68      0         0      
       hostclose.c.obj               68      0         0      
       hostunlink.c.obj              68      0         0      
       strncpy.c.obj                 54      0         0      
       boot_cortex_m.c.obj           52      0         0      
       fopen.c.obj                   52      0         0      
       i_tofd_t2.asm.obj             46      0         0      
       unlink.c.obj                  44      0         0      
       lseek.c.obj                   40      0         0      
       write.c.obj                   40      0         0      
       memchr.c.obj                  32      0         0      
       memccpy.c.obj                 28      0         0      
       s_copysign.c.obj              26      0         0      
       strcmp.c.obj                  24      0         0      
       strchr.c.obj                  22      0         0      
       strcpy.c.obj                  20      0         0      
       strlen.c.obj                  20      0         0      
       _lock.c.obj                   2       0         16     
       wcslen.c.obj                  18      0         0      
       errno.c.obj                   8       0         8      
       copy_decompress_none.c.obj    14      0         0      
       copy_zero_init.c.obj          12      0         0      
       pre_init.c.obj                4       0         0      
       div0.asm.obj                  2       0         0      
    +--+-----------------------------+-------+---------+---------+
       Total:                        10713   257       1888   
                                                              
       Heap:                         0       0         2048   
       Stack:                        0       0         1024   
       Linker Generated:             0       147       0      
    +--+-----------------------------+-------+---------+---------+
       Grand Total:                  15147   1564      7244   


LINKER GENERATED COPY TABLES

__TI_cinit_table @ 00004150 records: 2, size/record: 8, table size: 16
	.data: load addr=000040c8, load size=0000006f bytes, run addr=20000a40, run size=000001ec bytes, compression=lzss
	.bss: load addr=00004148, load size=00000008 bytes, run addr=20000000, run size=0000063a bytes, compression=zero_init


LINKER GENERATED HANDLER TABLE

__TI_handler_table @ 00004138 records: 3, size/record: 4, table size: 12
	index: 0, handler: __TI_decompress_lzss
	index: 1, handler: __TI_decompress_none
	index: 2, handler: __TI_zero_init


GLOBAL SYMBOLS: SORTED ALPHABETICALLY BY Name 

address   name                           
-------   ----                           
00003bf1  ADC14_IRQHandler               
00003bf1  AES256_IRQHandler              
00003bf1  BusFault_Handler               
00003c1d  C$$EXIT                        
0000391b  C$$IO$$                        
00001663  CLRScreen                      
00003bf1  COMP_E0_IRQHandler             
00003bf1  COMP_E1_IRQHandler             
00003bf1  CS_IRQHandler                  
00001611  DES                            
00003d24  DES_default                    
00003bf1  DMA_ERR_IRQHandler             
00003bf1  DMA_INT0_IRQHandler            
00003bf1  DMA_INT1_IRQHandler            
00003bf1  DMA_INT2_IRQHandler            
00003bf1  DMA_INT3_IRQHandler            
00003bf1  DebugMon_Handler               
00003bf1  Default_Handler                
0000146b  EUSCIA0_IRQHandler             
0000146b  EUSCIA0_IRQHandler             
00003bf1  EUSCIA1_IRQHandler             
000014e7  EUSCIA2_IRQHandler             
000014e7  EUSCIA2_IRQHandler             
00003bf1  EUSCIA3_IRQHandler             
00003bf1  EUSCIB0_IRQHandler             
00003bf1  EUSCIB1_IRQHandler             
00003bf1  EUSCIB2_IRQHandler             
00003bf1  EUSCIB3_IRQHandler             
20000630  FLAG                           
00003bf1  FLCTL_IRQHandler               
00003bf1  FPU_IRQHandler                 
0000379d  HOSTclose                      
000031a9  HOSTlseek                      
0000340d  HOSTopen                       
000034c9  HOSTread                       
0000313d  HOSTrename                     
000037e1  HOSTunlink                     
00003521  HOSTwrite                      
00003bf1  HardFault_Handler              
000015cb  InitVar                        
00003bf1  MemManage_Handler              
00003bf1  NMI_Handler                    
00003bf1  PCM_IRQHandler                 
00003bf1  PORT1_IRQHandler               
00003bf1  PORT2_IRQHandler               
00003bf1  PORT3_IRQHandler               
00003bf1  PORT4_IRQHandler               
00003bf1  PORT5_IRQHandler               
00003bf1  PORT6_IRQHandler               
00003bf1  PSS_IRQHandler                 
00003bf1  PendSV_Handler                 
00001673  Print_bc                       
000017bd  PuttySetup                     
00003bf1  RTC_C_IRQHandler               
00003be5  Reset_Handler                  
00003bf1  SVC_Handler                    
00001745  SendEcryption                  
0000157f  SendMessage                    
000016f9  SendPutty                      
000016bd  SendWifi                       
0000168f  Set12Mhz                       
00003bf1  SysTick_Handler                
20000c28  SystemCoreClock                
00001945  SystemCoreClockUpdate          
00001bbd  SystemInit                     
00003bf1  T32_INT1_IRQHandler            
00003bf1  T32_INT2_IRQHandler            
00003bf1  T32_INTC_IRQHandler            
00003bf1  TA0_0_IRQHandler               
00003bf1  TA0_N_IRQHandler               
00003bf1  TA1_0_IRQHandler               
00003bf1  TA1_N_IRQHandler               
00003bf1  TA2_0_IRQHandler               
00003bf1  TA2_N_IRQHandler               
00003bf1  TA3_0_IRQHandler               
00003bf1  TA3_N_IRQHandler               
00001789  TerminalRead                   
00003bf1  UsageFault_Handler             
4000480c  WDTCTL_SYM                     
00003bf1  WDT_A_IRQHandler               
0000151b  WifiConnect                    
00001855  WifiSetup                      
20000384  __CIOBUF_                      
20010000  __STACK_END                    
00000200  __STACK_SIZE                   
00000400  __SYSMEM_SIZE                  
00004150  __TI_CINIT_Base                
00004160  __TI_CINIT_Limit               
00004138  __TI_Handler_Table_Base        
00004144  __TI_Handler_Table_Limit       
00003825  __TI_auto_init_nobinit_nopinit 
0000395d  __TI_cleanup                   
20000c08  __TI_cleanup_ptr               
00002fe9  __TI_closefile                 
00003211  __TI_decompress_lzss           
00003bd7  __TI_decompress_none           
00003675  __TI_doflush                   
20000c0c  __TI_dtors_ptr                 
20000c10  __TI_enable_exit_profile_output
20000bf8  __TI_ft_end                    
000035cf  __TI_ltoa                      
ffffffff  __TI_pprof_out_hndl            
000000e5  __TI_printfi                   
ffffffff  __TI_prof_data_size            
ffffffff  __TI_prof_data_start           
00003991  __TI_readmsg                   
00000000  __TI_static_base__             
200004a4  __TI_tmpnams                   
000038ed  __TI_writemsg                  
000033a9  __TI_wrt_ok                    
00003bf3  __TI_zero_init                 
00002e61  __aeabi_cdcmpeq                
00002e61  __aeabi_cdcmple                
00002ee7  __aeabi_cdrcmple               
00003755  __aeabi_d2iz                   
000020c3  __aeabi_dadd                   
000023ad  __aeabi_ddiv                   
00002935  __aeabi_dmul                   
000020b9  __aeabi_dsub                   
00003c01  __aeabi_errno_addr             
00003a29  __aeabi_i2d                    
0000226f  __aeabi_idiv0                  
0000226f  __aeabi_ldiv0                  
00002f6d  __aeabi_memclr                 
00002f6d  __aeabi_memclr4                
00002f6d  __aeabi_memclr8                
00002ca3  __aeabi_memcpy                 
00002ca3  __aeabi_memcpy4                
00002ca3  __aeabi_memcpy8                
00002f6f  __aeabi_memset                 
00002f6f  __aeabi_memset4                
00002f6f  __aeabi_memset8                
20000c04  __aeabi_stderr                 
20000bfc  __aeabi_stdin                  
20000c00  __aeabi_stdout                 
00002d3f  __aeabi_uldivmod               
ffffffff  __binit__                      
ffffffff  __c_args__                     
UNDEFED   __mpu_init                     
2000fe00  __stack                        
20000000  __start___llvm_prf_cnts        
20000000  __stop___llvm_prf_cnts         
000039c5  _c_int00_noargs                
00003c20  _ctypes_                       
20000b30  _device                        
20000a40  _ftable                        
20000c14  _lock                          
00000b33  _nop                           
20000ba8  _stream                        
20000640  _sys_memory                    
UNDEFED   _system_post_cinit             
00003c19  _system_pre_init               
20000c18  _unlock                        
00003c1d  abort                          
0000282d  aligned_alloc                  
000036c1  atoi                           
20000000  bc                             
ffffffff  binit                          
20000610  buffer                         
00000bcf  change_bit                     
00000b9f  clear_bit                      
0000346d  close                          
200005c4  config                         
00003b55  copysign                       
00003b55  copysignl                      
00000bef  count_bit                      
000011f1  des_crypt                      
00001409  des_decrypt                    
000013f1  des_encrypt                    
00001001  des_f                          
00000fb5  des_get_roundkey               
00000c71  des_init                       
20000c24  errno                          
0000370d  exit                           
000039f9  finddevice                     
00002dd5  fputc                          
00002609  fputs                          
00002a31  free                           
000032e1  frexp                          
000032e1  frexpl                         
00003345  fseek                          
00000b35  get_bit                        
00003869  getdevice                      
20000634  i                              
20000638  index                          
00000000  interruptVectors               
0000271d  ldexp                          
0000271d  ldexpl                         
00000c21  left_shift                     
00003aad  lseek                          
00001429  main                           
00003c09  malloc                         
0000282d  memalign                       
00003b39  memccpy                        
00003afd  memchr                         
00002ca3  memcpy                         
00002f75  memset                         
20000618  message                        
20000620  output                         
20000628  parmbuf                        
00000c4d  print_key                      
00003279  printf                         
00002dd5  putc                           
00003a59  remove                         
0000271d  scalbn                         
0000271d  scalbnl                        
00000b6f  set_bit                        
00002b15  setvbuf                        
00003b87  strchr                         
00003b6f  strcmp                         
00003b9d  strcpy                         
00003bb1  strlen                         
00003925  strncpy                        
00003a59  unlink                         
00003bc5  wcslen                         
00003ad5  write                          
20000639  x                              


GLOBAL SYMBOLS: SORTED BY Symbol Address 

address   name                           
-------   ----                           
00000000  __TI_static_base__             
00000000  interruptVectors               
000000e5  __TI_printfi                   
00000200  __STACK_SIZE                   
00000400  __SYSMEM_SIZE                  
00000b33  _nop                           
00000b35  get_bit                        
00000b6f  set_bit                        
00000b9f  clear_bit                      
00000bcf  change_bit                     
00000bef  count_bit                      
00000c21  left_shift                     
00000c4d  print_key                      
00000c71  des_init                       
00000fb5  des_get_roundkey               
00001001  des_f                          
000011f1  des_crypt                      
000013f1  des_encrypt                    
00001409  des_decrypt                    
00001429  main                           
0000146b  EUSCIA0_IRQHandler             
0000146b  EUSCIA0_IRQHandler             
000014e7  EUSCIA2_IRQHandler             
000014e7  EUSCIA2_IRQHandler             
0000151b  WifiConnect                    
0000157f  SendMessage                    
000015cb  InitVar                        
00001611  DES                            
00001663  CLRScreen                      
00001673  Print_bc                       
0000168f  Set12Mhz                       
000016bd  SendWifi                       
000016f9  SendPutty                      
00001745  SendEcryption                  
00001789  TerminalRead                   
000017bd  PuttySetup                     
00001855  WifiSetup                      
00001945  SystemCoreClockUpdate          
00001bbd  SystemInit                     
000020b9  __aeabi_dsub                   
000020c3  __aeabi_dadd                   
0000226f  __aeabi_idiv0                  
0000226f  __aeabi_ldiv0                  
000023ad  __aeabi_ddiv                   
00002609  fputs                          
0000271d  ldexp                          
0000271d  ldexpl                         
0000271d  scalbn                         
0000271d  scalbnl                        
0000282d  aligned_alloc                  
0000282d  memalign                       
00002935  __aeabi_dmul                   
00002a31  free                           
00002b15  setvbuf                        
00002ca3  __aeabi_memcpy                 
00002ca3  __aeabi_memcpy4                
00002ca3  __aeabi_memcpy8                
00002ca3  memcpy                         
00002d3f  __aeabi_uldivmod               
00002dd5  fputc                          
00002dd5  putc                           
00002e61  __aeabi_cdcmpeq                
00002e61  __aeabi_cdcmple                
00002ee7  __aeabi_cdrcmple               
00002f6d  __aeabi_memclr                 
00002f6d  __aeabi_memclr4                
00002f6d  __aeabi_memclr8                
00002f6f  __aeabi_memset                 
00002f6f  __aeabi_memset4                
00002f6f  __aeabi_memset8                
00002f75  memset                         
00002fe9  __TI_closefile                 
0000313d  HOSTrename                     
000031a9  HOSTlseek                      
00003211  __TI_decompress_lzss           
00003279  printf                         
000032e1  frexp                          
000032e1  frexpl                         
00003345  fseek                          
000033a9  __TI_wrt_ok                    
0000340d  HOSTopen                       
0000346d  close                          
000034c9  HOSTread                       
00003521  HOSTwrite                      
000035cf  __TI_ltoa                      
00003675  __TI_doflush                   
000036c1  atoi                           
0000370d  exit                           
00003755  __aeabi_d2iz                   
0000379d  HOSTclose                      
000037e1  HOSTunlink                     
00003825  __TI_auto_init_nobinit_nopinit 
00003869  getdevice                      
000038ed  __TI_writemsg                  
0000391b  C$$IO$$                        
00003925  strncpy                        
0000395d  __TI_cleanup                   
00003991  __TI_readmsg                   
000039c5  _c_int00_noargs                
000039f9  finddevice                     
00003a29  __aeabi_i2d                    
00003a59  remove                         
00003a59  unlink                         
00003aad  lseek                          
00003ad5  write                          
00003afd  memchr                         
00003b39  memccpy                        
00003b55  copysign                       
00003b55  copysignl                      
00003b6f  strcmp                         
00003b87  strchr                         
00003b9d  strcpy                         
00003bb1  strlen                         
00003bc5  wcslen                         
00003bd7  __TI_decompress_none           
00003be5  Reset_Handler                  
00003bf1  ADC14_IRQHandler               
00003bf1  AES256_IRQHandler              
00003bf1  BusFault_Handler               
00003bf1  COMP_E0_IRQHandler             
00003bf1  COMP_E1_IRQHandler             
00003bf1  CS_IRQHandler                  
00003bf1  DMA_ERR_IRQHandler             
00003bf1  DMA_INT0_IRQHandler            
00003bf1  DMA_INT1_IRQHandler            
00003bf1  DMA_INT2_IRQHandler            
00003bf1  DMA_INT3_IRQHandler            
00003bf1  DebugMon_Handler               
00003bf1  Default_Handler                
00003bf1  EUSCIA1_IRQHandler             
00003bf1  EUSCIA3_IRQHandler             
00003bf1  EUSCIB0_IRQHandler             
00003bf1  EUSCIB1_IRQHandler             
00003bf1  EUSCIB2_IRQHandler             
00003bf1  EUSCIB3_IRQHandler             
00003bf1  FLCTL_IRQHandler               
00003bf1  FPU_IRQHandler                 
00003bf1  HardFault_Handler              
00003bf1  MemManage_Handler              
00003bf1  NMI_Handler                    
00003bf1  PCM_IRQHandler                 
00003bf1  PORT1_IRQHandler               
00003bf1  PORT2_IRQHandler               
00003bf1  PORT3_IRQHandler               
00003bf1  PORT4_IRQHandler               
00003bf1  PORT5_IRQHandler               
00003bf1  PORT6_IRQHandler               
00003bf1  PSS_IRQHandler                 
00003bf1  PendSV_Handler                 
00003bf1  RTC_C_IRQHandler               
00003bf1  SVC_Handler                    
00003bf1  SysTick_Handler                
00003bf1  T32_INT1_IRQHandler            
00003bf1  T32_INT2_IRQHandler            
00003bf1  T32_INTC_IRQHandler            
00003bf1  TA0_0_IRQHandler               
00003bf1  TA0_N_IRQHandler               
00003bf1  TA1_0_IRQHandler               
00003bf1  TA1_N_IRQHandler               
00003bf1  TA2_0_IRQHandler               
00003bf1  TA2_N_IRQHandler               
00003bf1  TA3_0_IRQHandler               
00003bf1  TA3_N_IRQHandler               
00003bf1  UsageFault_Handler             
00003bf1  WDT_A_IRQHandler               
00003bf3  __TI_zero_init                 
00003c01  __aeabi_errno_addr             
00003c09  malloc                         
00003c19  _system_pre_init               
00003c1d  C$$EXIT                        
00003c1d  abort                          
00003c20  _ctypes_                       
00003d24  DES_default                    
00004138  __TI_Handler_Table_Base        
00004144  __TI_Handler_Table_Limit       
00004150  __TI_CINIT_Base                
00004160  __TI_CINIT_Limit               
20000000  __start___llvm_prf_cnts        
20000000  __stop___llvm_prf_cnts         
20000000  bc                             
20000384  __CIOBUF_                      
200004a4  __TI_tmpnams                   
200005c4  config                         
20000610  buffer                         
20000618  message                        
20000620  output                         
20000628  parmbuf                        
20000630  FLAG                           
20000634  i                              
20000638  index                          
20000639  x                              
20000640  _sys_memory                    
20000a40  _ftable                        
20000b30  _device                        
20000ba8  _stream                        
20000bf8  __TI_ft_end                    
20000bfc  __aeabi_stdin                  
20000c00  __aeabi_stdout                 
20000c04  __aeabi_stderr                 
20000c08  __TI_cleanup_ptr               
20000c0c  __TI_dtors_ptr                 
20000c10  __TI_enable_exit_profile_output
20000c14  _lock                          
20000c18  _unlock                        
20000c24  errno                          
20000c28  SystemCoreClock                
2000fe00  __stack                        
20010000  __STACK_END                    
4000480c  WDTCTL_SYM                     
ffffffff  __TI_pprof_out_hndl            
ffffffff  __TI_prof_data_size            
ffffffff  __TI_prof_data_start           
ffffffff  __binit__                      
ffffffff  __c_args__                     
ffffffff  binit                          
UNDEFED   __mpu_init                     
UNDEFED   _system_post_cinit             

[217 symbols]
