<?xml version="1.0" encoding="ISO-8859-1" ?>
<link_info>
   <banner>TI ARM Linker Unix v20.2.1.LTS</banner>
   <copyright>Copyright (c) 1996-2018 Texas Instruments Incorporated</copyright>
   <link_time>0x5fc7ebc8</link_time>
   <link_errors>0x0</link_errors>
   <output_file>Client for cyber.out</output_file>
   <entry_point>
      <name>_c_int00_noargs</name>
      <address>0x39c5</address>
   </entry_point>
   <input_file_list>
      <input_file id="fl-1">
         <path>./</path>
         <kind>object</kind>
         <file>des.obj</file>
         <name>des.obj</name>
      </input_file>
      <input_file id="fl-2">
         <path>./</path>
         <kind>object</kind>
         <file>main.obj</file>
         <name>main.obj</name>
      </input_file>
      <input_file id="fl-3">
         <path>./</path>
         <kind>object</kind>
         <file>startup_msp432p401r_ccs.obj</file>
         <name>startup_msp432p401r_ccs.obj</name>
      </input_file>
      <input_file id="fl-4">
         <path>./</path>
         <kind>object</kind>
         <file>system_msp432p401r.obj</file>
         <name>system_msp432p401r.obj</name>
      </input_file>
      <input_file id="fl-8">
         <kind>object</kind>
         <file>&lt;internal&gt;</file>
         <name>&lt;internal&gt;</name>
      </input_file>
      <input_file id="fl-be">
         <path>/Applications/ti/ccs1011/ccs/tools/compiler/ti-cgt-arm_20.2.1.LTS/lib/</path>
         <kind>archive</kind>
         <file>rtsv7M4_T_le_v4SPD16_eabi.lib</file>
         <name>printf.c.obj</name>
      </input_file>
      <input_file id="fl-bf">
         <path>/Applications/ti/ccs1011/ccs/tools/compiler/ti-cgt-arm_20.2.1.LTS/lib/</path>
         <kind>archive</kind>
         <file>rtsv7M4_T_le_v4SPD16_eabi.lib</file>
         <name>_printfi.c.obj</name>
      </input_file>
      <input_file id="fl-c0">
         <path>/Applications/ti/ccs1011/ccs/tools/compiler/ti-cgt-arm_20.2.1.LTS/lib/</path>
         <kind>archive</kind>
         <file>rtsv7M4_T_le_v4SPD16_eabi.lib</file>
         <name>fputc.c.obj</name>
      </input_file>
      <input_file id="fl-c1">
         <path>/Applications/ti/ccs1011/ccs/tools/compiler/ti-cgt-arm_20.2.1.LTS/lib/</path>
         <kind>archive</kind>
         <file>rtsv7M4_T_le_v4SPD16_eabi.lib</file>
         <name>fputs.c.obj</name>
      </input_file>
      <input_file id="fl-c2">
         <path>/Applications/ti/ccs1011/ccs/tools/compiler/ti-cgt-arm_20.2.1.LTS/lib/</path>
         <kind>archive</kind>
         <file>rtsv7M4_T_le_v4SPD16_eabi.lib</file>
         <name>_io_perm.c.obj</name>
      </input_file>
      <input_file id="fl-c3">
         <path>/Applications/ti/ccs1011/ccs/tools/compiler/ti-cgt-arm_20.2.1.LTS/lib/</path>
         <kind>archive</kind>
         <file>rtsv7M4_T_le_v4SPD16_eabi.lib</file>
         <name>setvbuf.c.obj</name>
      </input_file>
      <input_file id="fl-c4">
         <path>/Applications/ti/ccs1011/ccs/tools/compiler/ti-cgt-arm_20.2.1.LTS/lib/</path>
         <kind>archive</kind>
         <file>rtsv7M4_T_le_v4SPD16_eabi.lib</file>
         <name>memset_t2.asm.obj</name>
      </input_file>
      <input_file id="fl-c5">
         <path>/Applications/ti/ccs1011/ccs/tools/compiler/ti-cgt-arm_20.2.1.LTS/lib/</path>
         <kind>archive</kind>
         <file>rtsv7M4_T_le_v4SPD16_eabi.lib</file>
         <name>fd_add_t2.asm.obj</name>
      </input_file>
      <input_file id="fl-c6">
         <path>/Applications/ti/ccs1011/ccs/tools/compiler/ti-cgt-arm_20.2.1.LTS/lib/</path>
         <kind>archive</kind>
         <file>rtsv7M4_T_le_v4SPD16_eabi.lib</file>
         <name>fd_cmp_t2.asm.obj</name>
      </input_file>
      <input_file id="fl-c7">
         <path>/Applications/ti/ccs1011/ccs/tools/compiler/ti-cgt-arm_20.2.1.LTS/lib/</path>
         <kind>archive</kind>
         <file>rtsv7M4_T_le_v4SPD16_eabi.lib</file>
         <name>fd_div_t2.asm.obj</name>
      </input_file>
      <input_file id="fl-c8">
         <path>/Applications/ti/ccs1011/ccs/tools/compiler/ti-cgt-arm_20.2.1.LTS/lib/</path>
         <kind>archive</kind>
         <file>rtsv7M4_T_le_v4SPD16_eabi.lib</file>
         <name>fd_mul_t2.asm.obj</name>
      </input_file>
      <input_file id="fl-c9">
         <path>/Applications/ti/ccs1011/ccs/tools/compiler/ti-cgt-arm_20.2.1.LTS/lib/</path>
         <kind>archive</kind>
         <file>rtsv7M4_T_le_v4SPD16_eabi.lib</file>
         <name>fd_toi_t2.asm.obj</name>
      </input_file>
      <input_file id="fl-ca">
         <path>/Applications/ti/ccs1011/ccs/tools/compiler/ti-cgt-arm_20.2.1.LTS/lib/</path>
         <kind>archive</kind>
         <file>rtsv7M4_T_le_v4SPD16_eabi.lib</file>
         <name>i_tofd_t2.asm.obj</name>
      </input_file>
      <input_file id="fl-cb">
         <path>/Applications/ti/ccs1011/ccs/tools/compiler/ti-cgt-arm_20.2.1.LTS/lib/</path>
         <kind>archive</kind>
         <file>rtsv7M4_T_le_v4SPD16_eabi.lib</file>
         <name>memcpy_t2.asm.obj</name>
      </input_file>
      <input_file id="fl-cc">
         <path>/Applications/ti/ccs1011/ccs/tools/compiler/ti-cgt-arm_20.2.1.LTS/lib/</path>
         <kind>archive</kind>
         <file>rtsv7M4_T_le_v4SPD16_eabi.lib</file>
         <name>ull_div_t2.asm.obj</name>
      </input_file>
      <input_file id="fl-cd">
         <path>/Applications/ti/ccs1011/ccs/tools/compiler/ti-cgt-arm_20.2.1.LTS/lib/</path>
         <kind>archive</kind>
         <file>rtsv7M4_T_le_v4SPD16_eabi.lib</file>
         <name>copy_zero_init.c.obj</name>
      </input_file>
      <input_file id="fl-ce">
         <path>/Applications/ti/ccs1011/ccs/tools/compiler/ti-cgt-arm_20.2.1.LTS/lib/</path>
         <kind>archive</kind>
         <file>rtsv7M4_T_le_v4SPD16_eabi.lib</file>
         <name>copy_decompress_none.c.obj</name>
      </input_file>
      <input_file id="fl-cf">
         <path>/Applications/ti/ccs1011/ccs/tools/compiler/ti-cgt-arm_20.2.1.LTS/lib/</path>
         <kind>archive</kind>
         <file>rtsv7M4_T_le_v4SPD16_eabi.lib</file>
         <name>copy_decompress_lzss.c.obj</name>
      </input_file>
      <input_file id="fl-d0">
         <path>/Applications/ti/ccs1011/ccs/tools/compiler/ti-cgt-arm_20.2.1.LTS/lib/</path>
         <kind>archive</kind>
         <file>rtsv7M4_T_le_v4SPD16_eabi.lib</file>
         <name>exit.c.obj</name>
      </input_file>
      <input_file id="fl-d1">
         <path>/Applications/ti/ccs1011/ccs/tools/compiler/ti-cgt-arm_20.2.1.LTS/lib/</path>
         <kind>archive</kind>
         <file>rtsv7M4_T_le_v4SPD16_eabi.lib</file>
         <name>_lock.c.obj</name>
      </input_file>
      <input_file id="fl-d2">
         <path>/Applications/ti/ccs1011/ccs/tools/compiler/ti-cgt-arm_20.2.1.LTS/lib/</path>
         <kind>archive</kind>
         <file>rtsv7M4_T_le_v4SPD16_eabi.lib</file>
         <name>_ltoa.c.obj</name>
      </input_file>
      <input_file id="fl-d3">
         <path>/Applications/ti/ccs1011/ccs/tools/compiler/ti-cgt-arm_20.2.1.LTS/lib/</path>
         <kind>archive</kind>
         <file>rtsv7M4_T_le_v4SPD16_eabi.lib</file>
         <name>atoi.c.obj</name>
      </input_file>
      <input_file id="fl-d4">
         <path>/Applications/ti/ccs1011/ccs/tools/compiler/ti-cgt-arm_20.2.1.LTS/lib/</path>
         <kind>archive</kind>
         <file>rtsv7M4_T_le_v4SPD16_eabi.lib</file>
         <name>ctype.c.obj</name>
      </input_file>
      <input_file id="fl-d5">
         <path>/Applications/ti/ccs1011/ccs/tools/compiler/ti-cgt-arm_20.2.1.LTS/lib/</path>
         <kind>archive</kind>
         <file>rtsv7M4_T_le_v4SPD16_eabi.lib</file>
         <name>defs.c.obj</name>
      </input_file>
      <input_file id="fl-d6">
         <path>/Applications/ti/ccs1011/ccs/tools/compiler/ti-cgt-arm_20.2.1.LTS/lib/</path>
         <kind>archive</kind>
         <file>rtsv7M4_T_le_v4SPD16_eabi.lib</file>
         <name>memccpy.c.obj</name>
      </input_file>
      <input_file id="fl-d7">
         <path>/Applications/ti/ccs1011/ccs/tools/compiler/ti-cgt-arm_20.2.1.LTS/lib/</path>
         <kind>archive</kind>
         <file>rtsv7M4_T_le_v4SPD16_eabi.lib</file>
         <name>memchr.c.obj</name>
      </input_file>
      <input_file id="fl-d8">
         <path>/Applications/ti/ccs1011/ccs/tools/compiler/ti-cgt-arm_20.2.1.LTS/lib/</path>
         <kind>archive</kind>
         <file>rtsv7M4_T_le_v4SPD16_eabi.lib</file>
         <name>memory.c.obj</name>
      </input_file>
      <input_file id="fl-d9">
         <path>/Applications/ti/ccs1011/ccs/tools/compiler/ti-cgt-arm_20.2.1.LTS/lib/</path>
         <kind>archive</kind>
         <file>rtsv7M4_T_le_v4SPD16_eabi.lib</file>
         <name>strchr.c.obj</name>
      </input_file>
      <input_file id="fl-da">
         <path>/Applications/ti/ccs1011/ccs/tools/compiler/ti-cgt-arm_20.2.1.LTS/lib/</path>
         <kind>archive</kind>
         <file>rtsv7M4_T_le_v4SPD16_eabi.lib</file>
         <name>strlen.c.obj</name>
      </input_file>
      <input_file id="fl-db">
         <path>/Applications/ti/ccs1011/ccs/tools/compiler/ti-cgt-arm_20.2.1.LTS/lib/</path>
         <kind>archive</kind>
         <file>rtsv7M4_T_le_v4SPD16_eabi.lib</file>
         <name>write.c.obj</name>
      </input_file>
      <input_file id="fl-dc">
         <path>/Applications/ti/ccs1011/ccs/tools/compiler/ti-cgt-arm_20.2.1.LTS/lib/</path>
         <kind>archive</kind>
         <file>rtsv7M4_T_le_v4SPD16_eabi.lib</file>
         <name>host_device.c.obj</name>
      </input_file>
      <input_file id="fl-dd">
         <path>/Applications/ti/ccs1011/ccs/tools/compiler/ti-cgt-arm_20.2.1.LTS/lib/</path>
         <kind>archive</kind>
         <file>rtsv7M4_T_le_v4SPD16_eabi.lib</file>
         <name>errno.c.obj</name>
      </input_file>
      <input_file id="fl-de">
         <path>/Applications/ti/ccs1011/ccs/tools/compiler/ti-cgt-arm_20.2.1.LTS/lib/</path>
         <kind>archive</kind>
         <file>rtsv7M4_T_le_v4SPD16_eabi.lib</file>
         <name>boot_cortex_m.c.obj</name>
      </input_file>
      <input_file id="fl-df">
         <path>/Applications/ti/ccs1011/ccs/tools/compiler/ti-cgt-arm_20.2.1.LTS/lib/</path>
         <kind>archive</kind>
         <file>rtsv7M4_T_le_v4SPD16_eabi.lib</file>
         <name>s_frexp.c.obj</name>
      </input_file>
      <input_file id="fl-e0">
         <path>/Applications/ti/ccs1011/ccs/tools/compiler/ti-cgt-arm_20.2.1.LTS/lib/</path>
         <kind>archive</kind>
         <file>rtsv7M4_T_le_v4SPD16_eabi.lib</file>
         <name>s_scalbn.c.obj</name>
      </input_file>
      <input_file id="fl-e1">
         <path>/Applications/ti/ccs1011/ccs/tools/compiler/ti-cgt-arm_20.2.1.LTS/lib/</path>
         <kind>archive</kind>
         <file>rtsv7M4_T_le_v4SPD16_eabi.lib</file>
         <name>wcslen.c.obj</name>
      </input_file>
      <input_file id="fl-e2">
         <path>/Applications/ti/ccs1011/ccs/tools/compiler/ti-cgt-arm_20.2.1.LTS/lib/</path>
         <kind>archive</kind>
         <file>rtsv7M4_T_le_v4SPD16_eabi.lib</file>
         <name>fflush.c.obj</name>
      </input_file>
      <input_file id="fl-e3">
         <path>/Applications/ti/ccs1011/ccs/tools/compiler/ti-cgt-arm_20.2.1.LTS/lib/</path>
         <kind>archive</kind>
         <file>rtsv7M4_T_le_v4SPD16_eabi.lib</file>
         <name>fopen.c.obj</name>
      </input_file>
      <input_file id="fl-e4">
         <path>/Applications/ti/ccs1011/ccs/tools/compiler/ti-cgt-arm_20.2.1.LTS/lib/</path>
         <kind>archive</kind>
         <file>rtsv7M4_T_le_v4SPD16_eabi.lib</file>
         <name>fseek.c.obj</name>
      </input_file>
      <input_file id="fl-e5">
         <path>/Applications/ti/ccs1011/ccs/tools/compiler/ti-cgt-arm_20.2.1.LTS/lib/</path>
         <kind>archive</kind>
         <file>rtsv7M4_T_le_v4SPD16_eabi.lib</file>
         <name>div0.asm.obj</name>
      </input_file>
      <input_file id="fl-e6">
         <path>/Applications/ti/ccs1011/ccs/tools/compiler/ti-cgt-arm_20.2.1.LTS/lib/</path>
         <kind>archive</kind>
         <file>rtsv7M4_T_le_v4SPD16_eabi.lib</file>
         <name>autoinit.c.obj</name>
      </input_file>
      <input_file id="fl-e7">
         <path>/Applications/ti/ccs1011/ccs/tools/compiler/ti-cgt-arm_20.2.1.LTS/lib/</path>
         <kind>archive</kind>
         <file>rtsv7M4_T_le_v4SPD16_eabi.lib</file>
         <name>pre_init.c.obj</name>
      </input_file>
      <input_file id="fl-e8">
         <path>/Applications/ti/ccs1011/ccs/tools/compiler/ti-cgt-arm_20.2.1.LTS/lib/</path>
         <kind>archive</kind>
         <file>rtsv7M4_T_le_v4SPD16_eabi.lib</file>
         <name>cpy_tbl.c.obj</name>
      </input_file>
      <input_file id="fl-e9">
         <path>/Applications/ti/ccs1011/ccs/tools/compiler/ti-cgt-arm_20.2.1.LTS/lib/</path>
         <kind>archive</kind>
         <file>rtsv7M4_T_le_v4SPD16_eabi.lib</file>
         <name>args_main.c.obj</name>
      </input_file>
      <input_file id="fl-ea">
         <path>/Applications/ti/ccs1011/ccs/tools/compiler/ti-cgt-arm_20.2.1.LTS/lib/</path>
         <kind>archive</kind>
         <file>rtsv7M4_T_le_v4SPD16_eabi.lib</file>
         <name>hostclose.c.obj</name>
      </input_file>
      <input_file id="fl-eb">
         <path>/Applications/ti/ccs1011/ccs/tools/compiler/ti-cgt-arm_20.2.1.LTS/lib/</path>
         <kind>archive</kind>
         <file>rtsv7M4_T_le_v4SPD16_eabi.lib</file>
         <name>hostlseek.c.obj</name>
      </input_file>
      <input_file id="fl-ec">
         <path>/Applications/ti/ccs1011/ccs/tools/compiler/ti-cgt-arm_20.2.1.LTS/lib/</path>
         <kind>archive</kind>
         <file>rtsv7M4_T_le_v4SPD16_eabi.lib</file>
         <name>hostopen.c.obj</name>
      </input_file>
      <input_file id="fl-ed">
         <path>/Applications/ti/ccs1011/ccs/tools/compiler/ti-cgt-arm_20.2.1.LTS/lib/</path>
         <kind>archive</kind>
         <file>rtsv7M4_T_le_v4SPD16_eabi.lib</file>
         <name>hostread.c.obj</name>
      </input_file>
      <input_file id="fl-ee">
         <path>/Applications/ti/ccs1011/ccs/tools/compiler/ti-cgt-arm_20.2.1.LTS/lib/</path>
         <kind>archive</kind>
         <file>rtsv7M4_T_le_v4SPD16_eabi.lib</file>
         <name>hostrename.c.obj</name>
      </input_file>
      <input_file id="fl-ef">
         <path>/Applications/ti/ccs1011/ccs/tools/compiler/ti-cgt-arm_20.2.1.LTS/lib/</path>
         <kind>archive</kind>
         <file>rtsv7M4_T_le_v4SPD16_eabi.lib</file>
         <name>hostunlink.c.obj</name>
      </input_file>
      <input_file id="fl-f0">
         <path>/Applications/ti/ccs1011/ccs/tools/compiler/ti-cgt-arm_20.2.1.LTS/lib/</path>
         <kind>archive</kind>
         <file>rtsv7M4_T_le_v4SPD16_eabi.lib</file>
         <name>hostwrite.c.obj</name>
      </input_file>
      <input_file id="fl-f1">
         <path>/Applications/ti/ccs1011/ccs/tools/compiler/ti-cgt-arm_20.2.1.LTS/lib/</path>
         <kind>archive</kind>
         <file>rtsv7M4_T_le_v4SPD16_eabi.lib</file>
         <name>trgmsg.c.obj</name>
      </input_file>
      <input_file id="fl-f2">
         <path>/Applications/ti/ccs1011/ccs/tools/compiler/ti-cgt-arm_20.2.1.LTS/lib/</path>
         <kind>archive</kind>
         <file>rtsv7M4_T_le_v4SPD16_eabi.lib</file>
         <name>open.c.obj</name>
      </input_file>
      <input_file id="fl-f3">
         <path>/Applications/ti/ccs1011/ccs/tools/compiler/ti-cgt-arm_20.2.1.LTS/lib/</path>
         <kind>archive</kind>
         <file>rtsv7M4_T_le_v4SPD16_eabi.lib</file>
         <name>lseek.c.obj</name>
      </input_file>
      <input_file id="fl-f4">
         <path>/Applications/ti/ccs1011/ccs/tools/compiler/ti-cgt-arm_20.2.1.LTS/lib/</path>
         <kind>archive</kind>
         <file>rtsv7M4_T_le_v4SPD16_eabi.lib</file>
         <name>s_copysign.c.obj</name>
      </input_file>
      <input_file id="fl-f5">
         <path>/Applications/ti/ccs1011/ccs/tools/compiler/ti-cgt-arm_20.2.1.LTS/lib/</path>
         <kind>archive</kind>
         <file>rtsv7M4_T_le_v4SPD16_eabi.lib</file>
         <name>fclose.c.obj</name>
      </input_file>
      <input_file id="fl-f6">
         <path>/Applications/ti/ccs1011/ccs/tools/compiler/ti-cgt-arm_20.2.1.LTS/lib/</path>
         <kind>archive</kind>
         <file>rtsv7M4_T_le_v4SPD16_eabi.lib</file>
         <name>getdevice.c.obj</name>
      </input_file>
      <input_file id="fl-f7">
         <path>/Applications/ti/ccs1011/ccs/tools/compiler/ti-cgt-arm_20.2.1.LTS/lib/</path>
         <kind>archive</kind>
         <file>rtsv7M4_T_le_v4SPD16_eabi.lib</file>
         <name>strcmp.c.obj</name>
      </input_file>
      <input_file id="fl-f8">
         <path>/Applications/ti/ccs1011/ccs/tools/compiler/ti-cgt-arm_20.2.1.LTS/lib/</path>
         <kind>archive</kind>
         <file>rtsv7M4_T_le_v4SPD16_eabi.lib</file>
         <name>strcpy.c.obj</name>
      </input_file>
      <input_file id="fl-f9">
         <path>/Applications/ti/ccs1011/ccs/tools/compiler/ti-cgt-arm_20.2.1.LTS/lib/</path>
         <kind>archive</kind>
         <file>rtsv7M4_T_le_v4SPD16_eabi.lib</file>
         <name>strncpy.c.obj</name>
      </input_file>
      <input_file id="fl-fa">
         <path>/Applications/ti/ccs1011/ccs/tools/compiler/ti-cgt-arm_20.2.1.LTS/lib/</path>
         <kind>archive</kind>
         <file>rtsv7M4_T_le_v4SPD16_eabi.lib</file>
         <name>remove.c.obj</name>
      </input_file>
      <input_file id="fl-fb">
         <path>/Applications/ti/ccs1011/ccs/tools/compiler/ti-cgt-arm_20.2.1.LTS/lib/</path>
         <kind>archive</kind>
         <file>rtsv7M4_T_le_v4SPD16_eabi.lib</file>
         <name>close.c.obj</name>
      </input_file>
      <input_file id="fl-fc">
         <path>/Applications/ti/ccs1011/ccs/tools/compiler/ti-cgt-arm_20.2.1.LTS/lib/</path>
         <kind>archive</kind>
         <file>rtsv7M4_T_le_v4SPD16_eabi.lib</file>
         <name>unlink.c.obj</name>
      </input_file>
   </input_file_list>
   <object_component_list>
      <object_component id="oc-26">
         <name>.intvecs:retain</name>
         <load_address>0x0</load_address>
         <run_address>0x0</run_address>
         <size>0xe4</size>
         <input_file_ref idref="fl-3"/>
      </object_component>
      <object_component id="oc-1ba">
         <name>.text:__TI_printfi</name>
         <load_address>0xe4</load_address>
         <run_address>0xe4</run_address>
         <size>0xa4e</size>
         <input_file_ref idref="fl-bf"/>
      </object_component>
      <object_component id="oc-203">
         <name>.text:_nop</name>
         <load_address>0xb32</load_address>
         <run_address>0xb32</run_address>
         <size>0x2</size>
         <input_file_ref idref="fl-d1"/>
      </object_component>
      <object_component id="oc-b3">
         <name>.text</name>
         <load_address>0xb34</load_address>
         <run_address>0xb34</run_address>
         <size>0x8f4</size>
         <input_file_ref idref="fl-1"/>
      </object_component>
      <object_component id="oc-70">
         <name>.text</name>
         <load_address>0x1428</load_address>
         <run_address>0x1428</run_address>
         <size>0x51c</size>
         <input_file_ref idref="fl-2"/>
      </object_component>
      <object_component id="oc-ac">
         <name>.text</name>
         <load_address>0x1944</load_address>
         <run_address>0x1944</run_address>
         <size>0x334</size>
         <input_file_ref idref="fl-4"/>
      </object_component>
      <object_component id="oc-245">
         <name>.text:_pconv_a</name>
         <load_address>0x1c78</load_address>
         <run_address>0x1c78</run_address>
         <size>0x270</size>
         <input_file_ref idref="fl-bf"/>
      </object_component>
      <object_component id="oc-233">
         <name>.text:_pconv_g</name>
         <load_address>0x1ee8</load_address>
         <run_address>0x1ee8</run_address>
         <size>0x1d0</size>
         <input_file_ref idref="fl-bf"/>
      </object_component>
      <object_component id="oc-2bc">
         <name>.text</name>
         <load_address>0x20b8</load_address>
         <run_address>0x20b8</run_address>
         <size>0x1b6</size>
         <input_file_ref idref="fl-c5"/>
      </object_component>
      <object_component id="oc-331">
         <name>.text</name>
         <load_address>0x226e</load_address>
         <run_address>0x226e</run_address>
         <size>0x2</size>
         <input_file_ref idref="fl-e5"/>
      </object_component>
      <object_component id="oc-23f">
         <name>.text:_pconv_e</name>
         <load_address>0x2270</load_address>
         <run_address>0x2270</run_address>
         <size>0x13c</size>
         <input_file_ref idref="fl-bf"/>
      </object_component>
      <object_component id="oc-2a2">
         <name>.text</name>
         <load_address>0x23ac</load_address>
         <run_address>0x23ac</run_address>
         <size>0x136</size>
         <input_file_ref idref="fl-c7"/>
      </object_component>
      <object_component id="oc-2ce">
         <name>.text:fcvt</name>
         <load_address>0x24e4</load_address>
         <run_address>0x24e4</run_address>
         <size>0x124</size>
         <input_file_ref idref="fl-bf"/>
      </object_component>
      <object_component id="oc-26d">
         <name>.text:fputs</name>
         <load_address>0x2608</load_address>
         <run_address>0x2608</run_address>
         <size>0x114</size>
         <input_file_ref idref="fl-c1"/>
      </object_component>
      <object_component id="oc-2e2">
         <name>.text:scalbn</name>
         <load_address>0x271c</load_address>
         <run_address>0x271c</run_address>
         <size>0x110</size>
         <input_file_ref idref="fl-e0"/>
      </object_component>
      <object_component id="oc-3dc">
         <name>.text:aligned_alloc</name>
         <load_address>0x282c</load_address>
         <run_address>0x282c</run_address>
         <size>0x108</size>
         <input_file_ref idref="fl-d8"/>
      </object_component>
      <object_component id="oc-29d">
         <name>.text</name>
         <load_address>0x2934</load_address>
         <run_address>0x2934</run_address>
         <size>0xfc</size>
         <input_file_ref idref="fl-c8"/>
      </object_component>
      <object_component id="oc-39a">
         <name>.text:free</name>
         <load_address>0x2a30</load_address>
         <run_address>0x2a30</run_address>
         <size>0xe4</size>
         <input_file_ref idref="fl-d8"/>
      </object_component>
      <object_component id="oc-36c">
         <name>.text:setvbuf</name>
         <load_address>0x2b14</load_address>
         <run_address>0x2b14</run_address>
         <size>0xdc</size>
         <input_file_ref idref="fl-c3"/>
      </object_component>
      <object_component id="oc-228">
         <name>.text:_ltostr</name>
         <load_address>0x2bf0</load_address>
         <run_address>0x2bf0</run_address>
         <size>0xb1</size>
         <input_file_ref idref="fl-bf"/>
      </object_component>
      <object_component id="oc-3a">
         <name>.text</name>
         <load_address>0x2ca2</load_address>
         <run_address>0x2ca2</run_address>
         <size>0x9c</size>
         <input_file_ref idref="fl-cb"/>
      </object_component>
      <object_component id="oc-296">
         <name>.text</name>
         <load_address>0x2d3e</load_address>
         <run_address>0x2d3e</run_address>
         <size>0x96</size>
         <input_file_ref idref="fl-cc"/>
      </object_component>
      <object_component id="oc-274">
         <name>.text:fputc</name>
         <load_address>0x2dd4</load_address>
         <run_address>0x2dd4</run_address>
         <size>0x8c</size>
         <input_file_ref idref="fl-c0"/>
      </object_component>
      <object_component id="oc-22e">
         <name>.text:__aeabi_cdcmple</name>
         <load_address>0x2e60</load_address>
         <run_address>0x2e60</run_address>
         <size>0x86</size>
         <input_file_ref idref="fl-c6"/>
      </object_component>
      <object_component id="oc-2a7">
         <name>.text:__aeabi_cdrcmple</name>
         <load_address>0x2ee6</load_address>
         <run_address>0x2ee6</run_address>
         <size>0x86</size>
         <input_file_ref idref="fl-c6"/>
      </object_component>
      <object_component id="oc-94">
         <name>.text</name>
         <load_address>0x2f6c</load_address>
         <run_address>0x2f6c</run_address>
         <size>0x7a</size>
         <input_file_ref idref="fl-c4"/>
      </object_component>
      <object_component id="oc-3e3">
         <name>.text:__TI_closefile</name>
         <load_address>0x2fe8</load_address>
         <run_address>0x2fe8</run_address>
         <size>0x74</size>
         <input_file_ref idref="fl-f5"/>
      </object_component>
      <object_component id="oc-424">
         <name>.text:split</name>
         <load_address>0x305c</load_address>
         <run_address>0x305c</run_address>
         <size>0x70</size>
         <input_file_ref idref="fl-d8"/>
      </object_component>
      <object_component id="oc-2c7">
         <name>.text:_mcpy</name>
         <load_address>0x30cc</load_address>
         <run_address>0x30cc</run_address>
         <size>0x6e</size>
         <input_file_ref idref="fl-bf"/>
      </object_component>
      <object_component id="oc-413">
         <name>.text:HOSTrename</name>
         <load_address>0x313c</load_address>
         <run_address>0x313c</run_address>
         <size>0x6c</size>
         <input_file_ref idref="fl-ee"/>
      </object_component>
      <object_component id="oc-407">
         <name>.text:HOSTlseek</name>
         <load_address>0x31a8</load_address>
         <run_address>0x31a8</run_address>
         <size>0x68</size>
         <input_file_ref idref="fl-eb"/>
      </object_component>
      <object_component id="oc-17">
         <name>.text:decompress:lzss:__TI_decompress_lzss</name>
         <load_address>0x3210</load_address>
         <run_address>0x3210</run_address>
         <size>0x68</size>
         <input_file_ref idref="fl-cf"/>
      </object_component>
      <object_component id="oc-142">
         <name>.text:printf</name>
         <load_address>0x3278</load_address>
         <run_address>0x3278</run_address>
         <size>0x68</size>
         <input_file_ref idref="fl-be"/>
      </object_component>
      <object_component id="oc-2dc">
         <name>.text:frexp</name>
         <load_address>0x32e0</load_address>
         <run_address>0x32e0</run_address>
         <size>0x64</size>
         <input_file_ref idref="fl-df"/>
      </object_component>
      <object_component id="oc-366">
         <name>.text:fseek</name>
         <load_address>0x3344</load_address>
         <run_address>0x3344</run_address>
         <size>0x64</size>
         <input_file_ref idref="fl-e4"/>
      </object_component>
      <object_component id="oc-310">
         <name>.text:__TI_wrt_ok</name>
         <load_address>0x33a8</load_address>
         <run_address>0x33a8</run_address>
         <size>0x62</size>
         <input_file_ref idref="fl-c2"/>
      </object_component>
      <object_component id="oc-3ef">
         <name>.text:HOSTopen</name>
         <load_address>0x340c</load_address>
         <run_address>0x340c</run_address>
         <size>0x60</size>
         <input_file_ref idref="fl-ec"/>
      </object_component>
      <object_component id="oc-42b">
         <name>.text:close</name>
         <load_address>0x346c</load_address>
         <run_address>0x346c</run_address>
         <size>0x5c</size>
         <input_file_ref idref="fl-fb"/>
      </object_component>
      <object_component id="oc-3fb">
         <name>.text:HOSTread</name>
         <load_address>0x34c8</load_address>
         <run_address>0x34c8</run_address>
         <size>0x58</size>
         <input_file_ref idref="fl-ed"/>
      </object_component>
      <object_component id="oc-401">
         <name>.text:HOSTwrite</name>
         <load_address>0x3520</load_address>
         <run_address>0x3520</run_address>
         <size>0x58</size>
         <input_file_ref idref="fl-f0"/>
      </object_component>
      <object_component id="oc-239">
         <name>.text:_pconv_f</name>
         <load_address>0x3578</load_address>
         <run_address>0x3578</run_address>
         <size>0x56</size>
         <input_file_ref idref="fl-bf"/>
      </object_component>
      <object_component id="oc-2b1">
         <name>.text:__TI_ltoa</name>
         <load_address>0x35ce</load_address>
         <run_address>0x35ce</run_address>
         <size>0x54</size>
         <input_file_ref idref="fl-d2"/>
      </object_component>
      <object_component id="oc-2c1">
         <name>.text:_ecpy</name>
         <load_address>0x3622</load_address>
         <run_address>0x3622</run_address>
         <size>0x52</size>
         <input_file_ref idref="fl-bf"/>
      </object_component>
      <object_component id="oc-31c">
         <name>.text:__TI_doflush</name>
         <load_address>0x3674</load_address>
         <run_address>0x3674</run_address>
         <size>0x4c</size>
         <input_file_ref idref="fl-e2"/>
      </object_component>
      <object_component id="oc-222">
         <name>.text:atoi</name>
         <load_address>0x36c0</load_address>
         <run_address>0x36c0</run_address>
         <size>0x4c</size>
         <input_file_ref idref="fl-d3"/>
      </object_component>
      <object_component id="oc-fe">
         <name>.text:exit</name>
         <load_address>0x370c</load_address>
         <run_address>0x370c</run_address>
         <size>0x48</size>
         <input_file_ref idref="fl-d0"/>
      </object_component>
      <object_component id="oc-2ac">
         <name>.text</name>
         <load_address>0x3754</load_address>
         <run_address>0x3754</run_address>
         <size>0x48</size>
         <input_file_ref idref="fl-c9"/>
      </object_component>
      <object_component id="oc-3f5">
         <name>.text:HOSTclose</name>
         <load_address>0x379c</load_address>
         <run_address>0x379c</run_address>
         <size>0x44</size>
         <input_file_ref idref="fl-ea"/>
      </object_component>
      <object_component id="oc-40d">
         <name>.text:HOSTunlink</name>
         <load_address>0x37e0</load_address>
         <run_address>0x37e0</run_address>
         <size>0x44</size>
         <input_file_ref idref="fl-ef"/>
      </object_component>
      <object_component id="oc-104">
         <name>.text:__TI_auto_init_nobinit_nopinit:__TI_auto_init_nobinit_nopinit</name>
         <load_address>0x3824</load_address>
         <run_address>0x3824</run_address>
         <size>0x44</size>
         <input_file_ref idref="fl-e6"/>
      </object_component>
      <object_component id="oc-463">
         <name>.text:getdevice</name>
         <load_address>0x3868</load_address>
         <run_address>0x3868</run_address>
         <size>0x44</size>
         <input_file_ref idref="fl-f6"/>
      </object_component>
      <object_component id="oc-2d4">
         <name>.text:_fcpy</name>
         <load_address>0x38ac</load_address>
         <run_address>0x38ac</run_address>
         <size>0x3e</size>
         <input_file_ref idref="fl-bf"/>
      </object_component>
      <object_component id="oc-43c">
         <name>.text:__TI_writemsg</name>
         <load_address>0x38ec</load_address>
         <run_address>0x38ec</run_address>
         <size>0x38</size>
         <input_file_ref idref="fl-f1"/>
      </object_component>
      <object_component id="oc-485">
         <name>.text:strncpy</name>
         <load_address>0x3924</load_address>
         <run_address>0x3924</run_address>
         <size>0x36</size>
         <input_file_ref idref="fl-f9"/>
      </object_component>
      <object_component id="oc-3a6">
         <name>.text:__TI_cleanup</name>
         <load_address>0x395c</load_address>
         <run_address>0x395c</run_address>
         <size>0x34</size>
         <input_file_ref idref="fl-e3"/>
      </object_component>
      <object_component id="oc-442">
         <name>.text:__TI_readmsg</name>
         <load_address>0x3990</load_address>
         <run_address>0x3990</run_address>
         <size>0x34</size>
         <input_file_ref idref="fl-f1"/>
      </object_component>
      <object_component id="oc-58">
         <name>.text:_c_int00_noargs:_c_int00_noargs</name>
         <load_address>0x39c4</load_address>
         <run_address>0x39c4</run_address>
         <size>0x34</size>
         <input_file_ref idref="fl-de"/>
      </object_component>
      <object_component id="oc-48b">
         <name>.text:finddevice</name>
         <load_address>0x39f8</load_address>
         <run_address>0x39f8</run_address>
         <size>0x30</size>
         <input_file_ref idref="fl-f6"/>
      </object_component>
      <object_component id="oc-2b7">
         <name>.text</name>
         <load_address>0x3a28</load_address>
         <run_address>0x3a28</run_address>
         <size>0x2e</size>
         <input_file_ref idref="fl-ca"/>
      </object_component>
      <object_component id="oc-431">
         <name>.text:unlink</name>
         <load_address>0x3a58</load_address>
         <run_address>0x3a58</run_address>
         <size>0x2c</size>
         <input_file_ref idref="fl-fc"/>
      </object_component>
      <object_component id="oc-3d5">
         <name>.text:free_list_insert</name>
         <load_address>0x3a84</load_address>
         <run_address>0x3a84</run_address>
         <size>0x28</size>
         <input_file_ref idref="fl-d8"/>
      </object_component>
      <object_component id="oc-392">
         <name>.text:lseek</name>
         <load_address>0x3aac</load_address>
         <run_address>0x3aac</run_address>
         <size>0x28</size>
         <input_file_ref idref="fl-f3"/>
      </object_component>
      <object_component id="oc-322">
         <name>.text:write</name>
         <load_address>0x3ad4</load_address>
         <run_address>0x3ad4</run_address>
         <size>0x28</size>
         <input_file_ref idref="fl-db"/>
      </object_component>
      <object_component id="oc-316">
         <name>.text:memchr</name>
         <load_address>0x3afc</load_address>
         <run_address>0x3afc</run_address>
         <size>0x20</size>
         <input_file_ref idref="fl-d7"/>
      </object_component>
      <object_component id="oc-3cf">
         <name>.text:free_list_remove</name>
         <load_address>0x3b1c</load_address>
         <run_address>0x3b1c</run_address>
         <size>0x1c</size>
         <input_file_ref idref="fl-d8"/>
      </object_component>
      <object_component id="oc-24b">
         <name>.text:memccpy</name>
         <load_address>0x3b38</load_address>
         <run_address>0x3b38</run_address>
         <size>0x1c</size>
         <input_file_ref idref="fl-d6"/>
      </object_component>
      <object_component id="oc-34a">
         <name>.text:copysign</name>
         <load_address>0x3b54</load_address>
         <run_address>0x3b54</run_address>
         <size>0x1a</size>
         <input_file_ref idref="fl-f4"/>
      </object_component>
      <object_component id="oc-4a2">
         <name>.text:strcmp</name>
         <load_address>0x3b6e</load_address>
         <run_address>0x3b6e</run_address>
         <size>0x18</size>
         <input_file_ref idref="fl-f7"/>
      </object_component>
      <object_component id="oc-2e8">
         <name>.text:strchr</name>
         <load_address>0x3b86</load_address>
         <run_address>0x3b86</run_address>
         <size>0x16</size>
         <input_file_ref idref="fl-d9"/>
      </object_component>
      <object_component id="oc-456">
         <name>.text:strcpy</name>
         <load_address>0x3b9c</load_address>
         <run_address>0x3b9c</run_address>
         <size>0x14</size>
         <input_file_ref idref="fl-f8"/>
      </object_component>
      <object_component id="oc-bc">
         <name>.text:strlen</name>
         <load_address>0x3bb0</load_address>
         <run_address>0x3bb0</run_address>
         <size>0x14</size>
         <input_file_ref idref="fl-da"/>
      </object_component>
      <object_component id="oc-251">
         <name>.text:wcslen</name>
         <load_address>0x3bc4</load_address>
         <run_address>0x3bc4</run_address>
         <size>0x12</size>
         <input_file_ref idref="fl-e1"/>
      </object_component>
      <object_component id="oc-1d">
         <name>.text:decompress:none:__TI_decompress_none</name>
         <load_address>0x3bd6</load_address>
         <run_address>0x3bd6</run_address>
         <size>0xe</size>
         <input_file_ref idref="fl-ce"/>
      </object_component>
      <object_component id="oc-6a">
         <name>.text</name>
         <load_address>0x3be4</load_address>
         <run_address>0x3be4</run_address>
         <size>0xe</size>
         <input_file_ref idref="fl-3"/>
      </object_component>
      <object_component id="oc-4c">
         <name>.text:decompress:ZI:__TI_zero_init</name>
         <load_address>0x3bf2</load_address>
         <run_address>0x3bf2</run_address>
         <size>0xc</size>
         <input_file_ref idref="fl-cd"/>
      </object_component>
      <object_component id="oc-257">
         <name>.text:__aeabi_errno_addr</name>
         <load_address>0x3c00</load_address>
         <run_address>0x3c00</run_address>
         <size>0x8</size>
         <input_file_ref idref="fl-dd"/>
      </object_component>
      <object_component id="oc-3a0">
         <name>.text:malloc</name>
         <load_address>0x3c08</load_address>
         <run_address>0x3c08</run_address>
         <size>0x8</size>
         <input_file_ref idref="fl-d8"/>
      </object_component>
      <object_component id="oc-1c9">
         <name>.text:_outc</name>
         <load_address>0x3c10</load_address>
         <run_address>0x3c10</run_address>
         <size>0x4</size>
         <input_file_ref idref="fl-be"/>
      </object_component>
      <object_component id="oc-1c3">
         <name>.text:_outs</name>
         <load_address>0x3c14</load_address>
         <run_address>0x3c14</run_address>
         <size>0x4</size>
         <input_file_ref idref="fl-be"/>
      </object_component>
      <object_component id="oc-9a">
         <name>.text:_system_pre_init</name>
         <load_address>0x3c18</load_address>
         <run_address>0x3c18</run_address>
         <size>0x4</size>
         <input_file_ref idref="fl-e7"/>
      </object_component>
      <object_component id="oc-f8">
         <name>.text:abort:abort</name>
         <load_address>0x3c1c</load_address>
         <run_address>0x3c1c</run_address>
         <size>0x4</size>
         <input_file_ref idref="fl-d0"/>
      </object_component>
      <object_component id="oc-291">
         <name>.const:.string:_ctypes_</name>
         <load_address>0x3c20</load_address>
         <run_address>0x3c20</run_address>
         <size>0x101</size>
         <input_file_ref idref="fl-d4"/>
      </object_component>
      <object_component id="oc-c9">
         <name>.const:DES_default</name>
         <load_address>0x3d24</load_address>
         <run_address>0x3d24</run_address>
         <size>0x44</size>
         <input_file_ref idref="fl-1"/>
      </object_component>
      <object_component id="oc-163">
         <name>.const:.string:FP</name>
         <load_address>0x3d68</load_address>
         <run_address>0x3d68</run_address>
         <size>0x40</size>
         <input_file_ref idref="fl-1"/>
      </object_component>
      <object_component id="oc-160">
         <name>.const:.string:IP</name>
         <load_address>0x3da8</load_address>
         <run_address>0x3da8</run_address>
         <size>0x40</size>
         <input_file_ref idref="fl-1"/>
      </object_component>
      <object_component id="oc-175">
         <name>.const:.string:S1</name>
         <load_address>0x3de8</load_address>
         <run_address>0x3de8</run_address>
         <size>0x40</size>
         <input_file_ref idref="fl-1"/>
      </object_component>
      <object_component id="oc-178">
         <name>.const:.string:S2</name>
         <load_address>0x3e28</load_address>
         <run_address>0x3e28</run_address>
         <size>0x40</size>
         <input_file_ref idref="fl-1"/>
      </object_component>
      <object_component id="oc-17b">
         <name>.const:.string:S3</name>
         <load_address>0x3e68</load_address>
         <run_address>0x3e68</run_address>
         <size>0x40</size>
         <input_file_ref idref="fl-1"/>
      </object_component>
      <object_component id="oc-17e">
         <name>.const:.string:S4</name>
         <load_address>0x3ea8</load_address>
         <run_address>0x3ea8</run_address>
         <size>0x40</size>
         <input_file_ref idref="fl-1"/>
      </object_component>
      <object_component id="oc-181">
         <name>.const:.string:S5</name>
         <load_address>0x3ee8</load_address>
         <run_address>0x3ee8</run_address>
         <size>0x40</size>
         <input_file_ref idref="fl-1"/>
      </object_component>
      <object_component id="oc-184">
         <name>.const:.string:S6</name>
         <load_address>0x3f28</load_address>
         <run_address>0x3f28</run_address>
         <size>0x40</size>
         <input_file_ref idref="fl-1"/>
      </object_component>
      <object_component id="oc-187">
         <name>.const:.string:S7</name>
         <load_address>0x3f68</load_address>
         <run_address>0x3f68</run_address>
         <size>0x40</size>
         <input_file_ref idref="fl-1"/>
      </object_component>
      <object_component id="oc-18a">
         <name>.const:.string:S8</name>
         <load_address>0x3fa8</load_address>
         <run_address>0x3fa8</run_address>
         <size>0x40</size>
         <input_file_ref idref="fl-1"/>
      </object_component>
      <object_component id="oc-166">
         <name>.const:.string:PC1</name>
         <load_address>0x3fe8</load_address>
         <run_address>0x3fe8</run_address>
         <size>0x38</size>
         <input_file_ref idref="fl-1"/>
      </object_component>
      <object_component id="oc-16f">
         <name>.const:.string:E</name>
         <load_address>0x4020</load_address>
         <run_address>0x4020</run_address>
         <size>0x30</size>
         <input_file_ref idref="fl-1"/>
      </object_component>
      <object_component id="oc-169">
         <name>.const:.string:PC2</name>
         <load_address>0x4050</load_address>
         <run_address>0x4050</run_address>
         <size>0x30</size>
         <input_file_ref idref="fl-1"/>
      </object_component>
      <object_component id="oc-172">
         <name>.const:.string:P</name>
         <load_address>0x4080</load_address>
         <run_address>0x4080</run_address>
         <size>0x20</size>
         <input_file_ref idref="fl-1"/>
      </object_component>
      <object_component id="oc-13f">
         <name>.const:.string:$P$T0$1</name>
         <load_address>0x40a0</load_address>
         <run_address>0x40a0</run_address>
         <size>0x10</size>
         <input_file_ref idref="fl-1"/>
      </object_component>
      <object_component id="oc-16c">
         <name>.const:.string:key_shifts</name>
         <load_address>0x40b0</load_address>
         <run_address>0x40b0</run_address>
         <size>0x10</size>
         <input_file_ref idref="fl-1"/>
      </object_component>
      <object_component id="oc-cc">
         <name>.const:.string:$P$T0$1</name>
         <load_address>0x40c0</load_address>
         <run_address>0x40c0</run_address>
         <size>0x8</size>
         <input_file_ref idref="fl-2"/>
      </object_component>
      <object_component id="oc-4e2">
         <name>.cinit..data.load</name>
         <load_address>0x40c8</load_address>
         <run_address>0x40c8</run_address>
         <size>0x6f</size>
      </object_component>
      <object_component id="oc-4e0">
         <name>__TI_handler_table</name>
         <load_address>0x4138</load_address>
         <run_address>0x4138</run_address>
         <size>0xc</size>
      </object_component>
      <object_component id="oc-4e3">
         <name>.cinit..bss.load</name>
         <load_address>0x4148</load_address>
         <run_address>0x4148</run_address>
         <size>0x8</size>
      </object_component>
      <object_component id="oc-4e1">
         <name>__TI_cinit_table</name>
         <load_address>0x4150</load_address>
         <run_address>0x4150</run_address>
         <size>0x10</size>
      </object_component>
      <object_component id="oc-4b4">
         <name>.binit</name>
         <load_address>0x0</load_address>
         <run_address>0x0</run_address>
         <size>0x0</size>
      </object_component>
      <object_component id="oc-136">
         <name>.data</name>
         <load_address>0x20000c28</load_address>
         <run_address>0x20000c28</run_address>
         <size>0x4</size>
         <input_file_ref idref="fl-4"/>
      </object_component>
      <object_component id="oc-197">
         <name>.data:$O1$$</name>
         <load_address>0x20000c08</load_address>
         <run_address>0x20000c08</run_address>
         <size>0xc</size>
         <input_file_ref idref="fl-d0"/>
      </object_component>
      <object_component id="oc-19a">
         <name>.data:$O1$$</name>
         <load_address>0x20000c14</load_address>
         <run_address>0x20000c14</run_address>
         <size>0x8</size>
         <input_file_ref idref="fl-d1"/>
      </object_component>
      <object_component id="oc-1c0">
         <name>.data:_ftable</name>
         <load_address>0x20000a40</load_address>
         <run_address>0x20000a40</run_address>
         <size>0xf0</size>
         <input_file_ref idref="fl-d5"/>
      </object_component>
      <object_component id="oc-3e9">
         <name>.data</name>
         <load_address>0x20000bf8</load_address>
         <run_address>0x20000bf8</run_address>
         <size>0x10</size>
         <input_file_ref idref="fl-d5"/>
      </object_component>
      <object_component id="oc-41f">
         <name>.data:$O1$$</name>
         <load_address>0x20000c1c</load_address>
         <run_address>0x20000c1c</run_address>
         <size>0x8</size>
         <input_file_ref idref="fl-d8"/>
      </object_component>
      <object_component id="oc-3b9">
         <name>.data:_device</name>
         <load_address>0x20000b30</load_address>
         <run_address>0x20000b30</run_address>
         <size>0x78</size>
         <input_file_ref idref="fl-dc"/>
      </object_component>
      <object_component id="oc-378">
         <name>.data:_stream</name>
         <load_address>0x20000ba8</load_address>
         <run_address>0x20000ba8</run_address>
         <size>0x50</size>
         <input_file_ref idref="fl-dc"/>
      </object_component>
      <object_component id="oc-2f8">
         <name>.data</name>
         <load_address>0x20000c24</load_address>
         <run_address>0x20000c24</run_address>
         <size>0x4</size>
         <input_file_ref idref="fl-dd"/>
      </object_component>
      <object_component id="oc-14b">
         <name>.bss:des_key</name>
         <uninitialized>true</uninitialized>
         <run_address>0x20000608</run_address>
         <size>0x8</size>
         <input_file_ref idref="fl-1"/>
      </object_component>
      <object_component id="oc-14e">
         <name>.bss:round_key</name>
         <uninitialized>true</uninitialized>
         <run_address>0x20000544</run_address>
         <size>0x80</size>
         <input_file_ref idref="fl-1"/>
      </object_component>
      <object_component id="oc-46d">
         <name>.bss:_CIOBUF_</name>
         <uninitialized>true</uninitialized>
         <run_address>0x20000384</run_address>
         <size>0x120</size>
         <input_file_ref idref="fl-f1"/>
      </object_component>
      <object_component id="oc-148">
         <name>.common:config</name>
         <uninitialized>true</uninitialized>
         <run_address>0x200005c4</run_address>
         <size>0x44</size>
      </object_component>
      <object_component id="oc-b9">
         <name>.common:FLAG</name>
         <uninitialized>true</uninitialized>
         <run_address>0x20000630</run_address>
         <size>0x4</size>
      </object_component>
      <object_component id="oc-c5">
         <name>.common:bc</name>
         <uninitialized>true</uninitialized>
         <run_address>0x20000000</run_address>
         <size>0x384</size>
      </object_component>
      <object_component id="oc-c6">
         <name>.common:x</name>
         <uninitialized>true</uninitialized>
         <run_address>0x20000639</run_address>
         <size>0x1</size>
      </object_component>
      <object_component id="oc-c2">
         <name>.common:buffer</name>
         <uninitialized>true</uninitialized>
         <run_address>0x20000610</run_address>
         <size>0x8</size>
      </object_component>
      <object_component id="oc-c3">
         <name>.common:index</name>
         <uninitialized>true</uninitialized>
         <run_address>0x20000638</run_address>
         <size>0x1</size>
      </object_component>
      <object_component id="oc-c7">
         <name>.common:i</name>
         <uninitialized>true</uninitialized>
         <run_address>0x20000634</run_address>
         <size>0x4</size>
      </object_component>
      <object_component id="oc-c4">
         <name>.common:output</name>
         <uninitialized>true</uninitialized>
         <run_address>0x20000620</run_address>
         <size>0x8</size>
      </object_component>
      <object_component id="oc-c8">
         <name>.common:message</name>
         <uninitialized>true</uninitialized>
         <run_address>0x20000618</run_address>
         <size>0x8</size>
      </object_component>
      <object_component id="oc-437">
         <name>.common:__TI_tmpnams</name>
         <uninitialized>true</uninitialized>
         <run_address>0x200004a4</run_address>
         <size>0xa0</size>
      </object_component>
      <object_component id="oc-448">
         <name>.common:parmbuf</name>
         <uninitialized>true</uninitialized>
         <run_address>0x20000628</run_address>
         <size>0x8</size>
      </object_component>
      <object_component id="oc-29">
         <name>.sysmem</name>
         <uninitialized>true</uninitialized>
         <run_address>0x20000640</run_address>
         <size>0x10</size>
         <input_file_ref idref="fl-d8"/>
      </object_component>
      <object_component id="oc-4e6">
         <name>.sysmem</name>
         <uninitialized>true</uninitialized>
         <run_address>0x20000640</run_address>
         <size>0x0</size>
      </object_component>
      <object_component id="oc-2c">
         <name>.stack</name>
         <uninitialized>true</uninitialized>
         <run_address>0x2000fe00</run_address>
         <size>0x4</size>
         <input_file_ref idref="fl-de"/>
      </object_component>
      <object_component id="oc-4e5">
         <name>.stack</name>
         <uninitialized>true</uninitialized>
         <run_address>0x2000fe00</run_address>
         <size>0x0</size>
      </object_component>
      <object_component id="oc-149">
         <name>.debug_info</name>
         <load_address>0x0</load_address>
         <run_address>0x0</run_address>
         <size>0x3b1</size>
         <input_file_ref idref="fl-1"/>
      </object_component>
      <object_component id="oc-14c">
         <name>.debug_info</name>
         <load_address>0x3b1</load_address>
         <run_address>0x3b1</run_address>
         <size>0xd6</size>
         <input_file_ref idref="fl-1"/>
      </object_component>
      <object_component id="oc-14f">
         <name>.debug_info</name>
         <load_address>0x487</load_address>
         <run_address>0x487</run_address>
         <size>0xda</size>
         <input_file_ref idref="fl-1"/>
      </object_component>
      <object_component id="oc-167">
         <name>.debug_info</name>
         <load_address>0x561</load_address>
         <run_address>0x561</run_address>
         <size>0xce</size>
         <input_file_ref idref="fl-1"/>
      </object_component>
      <object_component id="oc-16a">
         <name>.debug_info</name>
         <load_address>0x62f</load_address>
         <run_address>0x62f</run_address>
         <size>0xce</size>
         <input_file_ref idref="fl-1"/>
      </object_component>
      <object_component id="oc-16d">
         <name>.debug_info</name>
         <load_address>0x6fd</load_address>
         <run_address>0x6fd</run_address>
         <size>0xdc</size>
         <input_file_ref idref="fl-1"/>
      </object_component>
      <object_component id="oc-161">
         <name>.debug_info</name>
         <load_address>0x7d9</load_address>
         <run_address>0x7d9</run_address>
         <size>0xcc</size>
         <input_file_ref idref="fl-1"/>
      </object_component>
      <object_component id="oc-164">
         <name>.debug_info</name>
         <load_address>0x8a5</load_address>
         <run_address>0x8a5</run_address>
         <size>0xcc</size>
         <input_file_ref idref="fl-1"/>
      </object_component>
      <object_component id="oc-170">
         <name>.debug_info</name>
         <load_address>0x971</load_address>
         <run_address>0x971</run_address>
         <size>0xca</size>
         <input_file_ref idref="fl-1"/>
      </object_component>
      <object_component id="oc-176">
         <name>.debug_info</name>
         <load_address>0xa3b</load_address>
         <run_address>0xa3b</run_address>
         <size>0xcc</size>
         <input_file_ref idref="fl-1"/>
      </object_component>
      <object_component id="oc-179">
         <name>.debug_info</name>
         <load_address>0xb07</load_address>
         <run_address>0xb07</run_address>
         <size>0xcc</size>
         <input_file_ref idref="fl-1"/>
      </object_component>
      <object_component id="oc-17c">
         <name>.debug_info</name>
         <load_address>0xbd3</load_address>
         <run_address>0xbd3</run_address>
         <size>0xcc</size>
         <input_file_ref idref="fl-1"/>
      </object_component>
      <object_component id="oc-17f">
         <name>.debug_info</name>
         <load_address>0xc9f</load_address>
         <run_address>0xc9f</run_address>
         <size>0xcc</size>
         <input_file_ref idref="fl-1"/>
      </object_component>
      <object_component id="oc-182">
         <name>.debug_info</name>
         <load_address>0xd6b</load_address>
         <run_address>0xd6b</run_address>
         <size>0xcc</size>
         <input_file_ref idref="fl-1"/>
      </object_component>
      <object_component id="oc-185">
         <name>.debug_info</name>
         <load_address>0xe37</load_address>
         <run_address>0xe37</run_address>
         <size>0xcc</size>
         <input_file_ref idref="fl-1"/>
      </object_component>
      <object_component id="oc-188">
         <name>.debug_info</name>
         <load_address>0xf03</load_address>
         <run_address>0xf03</run_address>
         <size>0xcc</size>
         <input_file_ref idref="fl-1"/>
      </object_component>
      <object_component id="oc-18b">
         <name>.debug_info</name>
         <load_address>0xfcf</load_address>
         <run_address>0xfcf</run_address>
         <size>0xcc</size>
         <input_file_ref idref="fl-1"/>
      </object_component>
      <object_component id="oc-173">
         <name>.debug_info</name>
         <load_address>0x109b</load_address>
         <run_address>0x109b</run_address>
         <size>0xca</size>
         <input_file_ref idref="fl-1"/>
      </object_component>
      <object_component id="oc-ca">
         <name>.debug_info</name>
         <load_address>0x1165</load_address>
         <run_address>0x1165</run_address>
         <size>0xdf</size>
         <input_file_ref idref="fl-1"/>
      </object_component>
      <object_component id="oc-140">
         <name>.debug_info</name>
         <load_address>0x1244</load_address>
         <run_address>0x1244</run_address>
         <size>0xd6</size>
         <input_file_ref idref="fl-1"/>
      </object_component>
      <object_component id="oc-b4">
         <name>.debug_info</name>
         <load_address>0x131a</load_address>
         <run_address>0x131a</run_address>
         <size>0xd49</size>
         <input_file_ref idref="fl-1"/>
      </object_component>
      <object_component id="oc-d0">
         <name>.debug_info</name>
         <load_address>0x2063</load_address>
         <run_address>0x2063</run_address>
         <size>0x1fa</size>
         <input_file_ref idref="fl-1"/>
      </object_component>
      <object_component id="oc-d7">
         <name>.debug_info</name>
         <load_address>0x225d</load_address>
         <run_address>0x225d</run_address>
         <size>0x26b</size>
         <input_file_ref idref="fl-1"/>
      </object_component>
      <object_component id="oc-35">
         <name>.debug_info</name>
         <load_address>0x24c8</load_address>
         <run_address>0x24c8</run_address>
         <size>0x84</size>
         <input_file_ref idref="fl-1"/>
      </object_component>
      <object_component id="oc-191">
         <name>.debug_info</name>
         <load_address>0x254c</load_address>
         <run_address>0x254c</run_address>
         <size>0x2a4</size>
         <input_file_ref idref="fl-1"/>
      </object_component>
      <object_component id="oc-13a">
         <name>.debug_info</name>
         <load_address>0x27f0</load_address>
         <run_address>0x27f0</run_address>
         <size>0xbb</size>
         <input_file_ref idref="fl-1"/>
      </object_component>
      <object_component id="oc-1d8">
         <name>.debug_info</name>
         <load_address>0x28ab</load_address>
         <run_address>0x28ab</run_address>
         <size>0xcc</size>
         <input_file_ref idref="fl-1"/>
      </object_component>
      <object_component id="oc-1d1">
         <name>.debug_info</name>
         <load_address>0x2977</load_address>
         <run_address>0x2977</run_address>
         <size>0x2c</size>
         <input_file_ref idref="fl-1"/>
      </object_component>
      <object_component id="oc-ba">
         <name>.debug_info</name>
         <load_address>0x29a3</load_address>
         <run_address>0x29a3</run_address>
         <size>0x726</size>
         <input_file_ref idref="fl-2"/>
      </object_component>
      <object_component id="oc-cd">
         <name>.debug_info</name>
         <load_address>0x30c9</load_address>
         <run_address>0x30c9</run_address>
         <size>0xd7</size>
         <input_file_ref idref="fl-2"/>
      </object_component>
      <object_component id="oc-71">
         <name>.debug_info</name>
         <load_address>0x31a0</load_address>
         <run_address>0x31a0</run_address>
         <size>0x894</size>
         <input_file_ref idref="fl-2"/>
      </object_component>
      <object_component id="oc-154">
         <name>.debug_info</name>
         <load_address>0x3a34</load_address>
         <run_address>0x3a34</run_address>
         <size>0x37e2</size>
         <input_file_ref idref="fl-2"/>
      </object_component>
      <object_component id="oc-159">
         <name>.debug_info</name>
         <load_address>0x7216</load_address>
         <run_address>0x7216</run_address>
         <size>0x1055</size>
         <input_file_ref idref="fl-2"/>
      </object_component>
      <object_component id="oc-ef">
         <name>.debug_info</name>
         <load_address>0x826b</load_address>
         <run_address>0x826b</run_address>
         <size>0x2c</size>
         <input_file_ref idref="fl-2"/>
      </object_component>
      <object_component id="oc-78">
         <name>.debug_info</name>
         <load_address>0x8297</load_address>
         <run_address>0x8297</run_address>
         <size>0x2d1</size>
         <input_file_ref idref="fl-3"/>
      </object_component>
      <object_component id="oc-27">
         <name>.debug_info</name>
         <load_address>0x8568</load_address>
         <run_address>0x8568</run_address>
         <size>0xfd</size>
         <input_file_ref idref="fl-3"/>
      </object_component>
      <object_component id="oc-6b">
         <name>.debug_info</name>
         <load_address>0x8665</load_address>
         <run_address>0x8665</run_address>
         <size>0x1c4</size>
         <input_file_ref idref="fl-3"/>
      </object_component>
      <object_component id="oc-137">
         <name>.debug_info</name>
         <load_address>0x8829</load_address>
         <run_address>0x8829</run_address>
         <size>0xf6</size>
         <input_file_ref idref="fl-4"/>
      </object_component>
      <object_component id="oc-ad">
         <name>.debug_info</name>
         <load_address>0x891f</load_address>
         <run_address>0x891f</run_address>
         <size>0x268</size>
         <input_file_ref idref="fl-4"/>
      </object_component>
      <object_component id="oc-1d0">
         <name>.debug_info</name>
         <load_address>0x8b87</load_address>
         <run_address>0x8b87</run_address>
         <size>0x3e5</size>
         <input_file_ref idref="fl-be"/>
      </object_component>
      <object_component id="oc-1cd">
         <name>.debug_info</name>
         <load_address>0x8f6c</load_address>
         <run_address>0x8f6c</run_address>
         <size>0x157</size>
         <input_file_ref idref="fl-be"/>
      </object_component>
      <object_component id="oc-1c7">
         <name>.debug_info</name>
         <load_address>0x90c3</load_address>
         <run_address>0x90c3</run_address>
         <size>0x166</size>
         <input_file_ref idref="fl-be"/>
      </object_component>
      <object_component id="oc-146">
         <name>.debug_info</name>
         <load_address>0x9229</load_address>
         <run_address>0x9229</run_address>
         <size>0x1ac</size>
         <input_file_ref idref="fl-be"/>
      </object_component>
      <object_component id="oc-27d">
         <name>.debug_info</name>
         <load_address>0x93d5</load_address>
         <run_address>0x93d5</run_address>
         <size>0xb2</size>
         <input_file_ref idref="fl-be"/>
      </object_component>
      <object_component id="oc-25e">
         <name>.debug_info</name>
         <load_address>0x9487</load_address>
         <run_address>0x9487</run_address>
         <size>0x590</size>
         <input_file_ref idref="fl-bf"/>
      </object_component>
      <object_component id="oc-229">
         <name>.debug_info</name>
         <load_address>0x9a17</load_address>
         <run_address>0x9a17</run_address>
         <size>0x21e</size>
         <input_file_ref idref="fl-bf"/>
      </object_component>
      <object_component id="oc-2c2">
         <name>.debug_info</name>
         <load_address>0x9c35</load_address>
         <run_address>0x9c35</run_address>
         <size>0x1b3</size>
         <input_file_ref idref="fl-bf"/>
      </object_component>
      <object_component id="oc-2c8">
         <name>.debug_info</name>
         <load_address>0x9de8</load_address>
         <run_address>0x9de8</run_address>
         <size>0x21b</size>
         <input_file_ref idref="fl-bf"/>
      </object_component>
      <object_component id="oc-234">
         <name>.debug_info</name>
         <load_address>0xa003</load_address>
         <run_address>0xa003</run_address>
         <size>0x3c0</size>
         <input_file_ref idref="fl-bf"/>
      </object_component>
      <object_component id="oc-2cf">
         <name>.debug_info</name>
         <load_address>0xa3c3</load_address>
         <run_address>0xa3c3</run_address>
         <size>0x30a</size>
         <input_file_ref idref="fl-bf"/>
      </object_component>
      <object_component id="oc-2d5">
         <name>.debug_info</name>
         <load_address>0xa6cd</load_address>
         <run_address>0xa6cd</run_address>
         <size>0x215</size>
         <input_file_ref idref="fl-bf"/>
      </object_component>
      <object_component id="oc-23a">
         <name>.debug_info</name>
         <load_address>0xa8e2</load_address>
         <run_address>0xa8e2</run_address>
         <size>0x215</size>
         <input_file_ref idref="fl-bf"/>
      </object_component>
      <object_component id="oc-240">
         <name>.debug_info</name>
         <load_address>0xaaf7</load_address>
         <run_address>0xaaf7</run_address>
         <size>0x304</size>
         <input_file_ref idref="fl-bf"/>
      </object_component>
      <object_component id="oc-246">
         <name>.debug_info</name>
         <load_address>0xadfb</load_address>
         <run_address>0xadfb</run_address>
         <size>0x4b5</size>
         <input_file_ref idref="fl-bf"/>
      </object_component>
      <object_component id="oc-1bb">
         <name>.debug_info</name>
         <load_address>0xb2b0</load_address>
         <run_address>0xb2b0</run_address>
         <size>0x5f4</size>
         <input_file_ref idref="fl-bf"/>
      </object_component>
      <object_component id="oc-25f">
         <name>.debug_info</name>
         <load_address>0xb8a4</load_address>
         <run_address>0xb8a4</run_address>
         <size>0x86</size>
         <input_file_ref idref="fl-bf"/>
      </object_component>
      <object_component id="oc-304">
         <name>.debug_info</name>
         <load_address>0xb92a</load_address>
         <run_address>0xb92a</run_address>
         <size>0x39</size>
         <input_file_ref idref="fl-bf"/>
      </object_component>
      <object_component id="oc-361">
         <name>.debug_info</name>
         <load_address>0xb963</load_address>
         <run_address>0xb963</run_address>
         <size>0xb6</size>
         <input_file_ref idref="fl-bf"/>
      </object_component>
      <object_component id="oc-309">
         <name>.debug_info</name>
         <load_address>0xba19</load_address>
         <run_address>0xba19</run_address>
         <size>0x46</size>
         <input_file_ref idref="fl-bf"/>
      </object_component>
      <object_component id="oc-264">
         <name>.debug_info</name>
         <load_address>0xba5f</load_address>
         <run_address>0xba5f</run_address>
         <size>0x46</size>
         <input_file_ref idref="fl-bf"/>
      </object_component>
      <object_component id="oc-2ff">
         <name>.debug_info</name>
         <load_address>0xbaa5</load_address>
         <run_address>0xbaa5</run_address>
         <size>0x2c</size>
         <input_file_ref idref="fl-bf"/>
      </object_component>
      <object_component id="oc-32b">
         <name>.debug_info</name>
         <load_address>0xbad1</load_address>
         <run_address>0xbad1</run_address>
         <size>0x383</size>
         <input_file_ref idref="fl-c0"/>
      </object_component>
      <object_component id="oc-275">
         <name>.debug_info</name>
         <load_address>0xbe54</load_address>
         <run_address>0xbe54</run_address>
         <size>0x1ea</size>
         <input_file_ref idref="fl-c0"/>
      </object_component>
      <object_component id="oc-329">
         <name>.debug_info</name>
         <load_address>0xc03e</load_address>
         <run_address>0xc03e</run_address>
         <size>0x3fc</size>
         <input_file_ref idref="fl-c1"/>
      </object_component>
      <object_component id="oc-26e">
         <name>.debug_info</name>
         <load_address>0xc43a</load_address>
         <run_address>0xc43a</run_address>
         <size>0x2e2</size>
         <input_file_ref idref="fl-c1"/>
      </object_component>
      <object_component id="oc-373">
         <name>.debug_info</name>
         <load_address>0xc71c</load_address>
         <run_address>0xc71c</run_address>
         <size>0x300</size>
         <input_file_ref idref="fl-c2"/>
      </object_component>
      <object_component id="oc-311">
         <name>.debug_info</name>
         <load_address>0xca1c</load_address>
         <run_address>0xca1c</run_address>
         <size>0x19c</size>
         <input_file_ref idref="fl-c2"/>
      </object_component>
      <object_component id="oc-3ae">
         <name>.debug_info</name>
         <load_address>0xcbb8</load_address>
         <run_address>0xcbb8</run_address>
         <size>0xbf</size>
         <input_file_ref idref="fl-c2"/>
      </object_component>
      <object_component id="oc-3ad">
         <name>.debug_info</name>
         <load_address>0xcc77</load_address>
         <run_address>0xcc77</run_address>
         <size>0x374</size>
         <input_file_ref idref="fl-c3"/>
      </object_component>
      <object_component id="oc-36d">
         <name>.debug_info</name>
         <load_address>0xcfeb</load_address>
         <run_address>0xcfeb</run_address>
         <size>0x20b</size>
         <input_file_ref idref="fl-c3"/>
      </object_component>
      <object_component id="oc-95">
         <name>.debug_info</name>
         <load_address>0xd1f6</load_address>
         <run_address>0xd1f6</run_address>
         <size>0x147</size>
         <input_file_ref idref="fl-c4"/>
      </object_component>
      <object_component id="oc-2bd">
         <name>.debug_info</name>
         <load_address>0xd33d</load_address>
         <run_address>0xd33d</run_address>
         <size>0x14c</size>
         <input_file_ref idref="fl-c5"/>
      </object_component>
      <object_component id="oc-22f">
         <name>.debug_info</name>
         <load_address>0xd489</load_address>
         <run_address>0xd489</run_address>
         <size>0x128</size>
         <input_file_ref idref="fl-c6"/>
      </object_component>
      <object_component id="oc-2a8">
         <name>.debug_info</name>
         <load_address>0xd5b1</load_address>
         <run_address>0xd5b1</run_address>
         <size>0x12a</size>
         <input_file_ref idref="fl-c6"/>
      </object_component>
      <object_component id="oc-2a3">
         <name>.debug_info</name>
         <load_address>0xd6db</load_address>
         <run_address>0xd6db</run_address>
         <size>0x13a</size>
         <input_file_ref idref="fl-c7"/>
      </object_component>
      <object_component id="oc-29e">
         <name>.debug_info</name>
         <load_address>0xd815</load_address>
         <run_address>0xd815</run_address>
         <size>0x13a</size>
         <input_file_ref idref="fl-c8"/>
      </object_component>
      <object_component id="oc-2ad">
         <name>.debug_info</name>
         <load_address>0xd94f</load_address>
         <run_address>0xd94f</run_address>
         <size>0x12e</size>
         <input_file_ref idref="fl-c9"/>
      </object_component>
      <object_component id="oc-2b8">
         <name>.debug_info</name>
         <load_address>0xda7d</load_address>
         <run_address>0xda7d</run_address>
         <size>0x12c</size>
         <input_file_ref idref="fl-ca"/>
      </object_component>
      <object_component id="oc-3b">
         <name>.debug_info</name>
         <load_address>0xdba9</load_address>
         <run_address>0xdba9</run_address>
         <size>0x119</size>
         <input_file_ref idref="fl-cb"/>
      </object_component>
      <object_component id="oc-297">
         <name>.debug_info</name>
         <load_address>0xdcc2</load_address>
         <run_address>0xdcc2</run_address>
         <size>0x134</size>
         <input_file_ref idref="fl-cc"/>
      </object_component>
      <object_component id="oc-93">
         <name>.debug_info</name>
         <load_address>0xddf6</load_address>
         <run_address>0xddf6</run_address>
         <size>0x2d4</size>
         <input_file_ref idref="fl-cd"/>
      </object_component>
      <object_component id="oc-4d">
         <name>.debug_info</name>
         <load_address>0xe0ca</load_address>
         <run_address>0xe0ca</run_address>
         <size>0x1b5</size>
         <input_file_ref idref="fl-cd"/>
      </object_component>
      <object_component id="oc-8e">
         <name>.debug_info</name>
         <load_address>0xe27f</load_address>
         <run_address>0xe27f</run_address>
         <size>0x46</size>
         <input_file_ref idref="fl-cd"/>
      </object_component>
      <object_component id="oc-45">
         <name>.debug_info</name>
         <load_address>0xe2c5</load_address>
         <run_address>0xe2c5</run_address>
         <size>0x2a8</size>
         <input_file_ref idref="fl-ce"/>
      </object_component>
      <object_component id="oc-1e">
         <name>.debug_info</name>
         <load_address>0xe56d</load_address>
         <run_address>0xe56d</run_address>
         <size>0x1ea</size>
         <input_file_ref idref="fl-ce"/>
      </object_component>
      <object_component id="oc-40">
         <name>.debug_info</name>
         <load_address>0xe757</load_address>
         <run_address>0xe757</run_address>
         <size>0x46</size>
         <input_file_ref idref="fl-ce"/>
      </object_component>
      <object_component id="oc-86">
         <name>.debug_info</name>
         <load_address>0xe79d</load_address>
         <run_address>0xe79d</run_address>
         <size>0x2c</size>
         <input_file_ref idref="fl-ce"/>
      </object_component>
      <object_component id="oc-84">
         <name>.debug_info</name>
         <load_address>0xe7c9</load_address>
         <run_address>0xe7c9</run_address>
         <size>0x29e</size>
         <input_file_ref idref="fl-cf"/>
      </object_component>
      <object_component id="oc-18">
         <name>.debug_info</name>
         <load_address>0xea67</load_address>
         <run_address>0xea67</run_address>
         <size>0x250</size>
         <input_file_ref idref="fl-cf"/>
      </object_component>
      <object_component id="oc-30">
         <name>.debug_info</name>
         <load_address>0xecb7</load_address>
         <run_address>0xecb7</run_address>
         <size>0x60</size>
         <input_file_ref idref="fl-cf"/>
      </object_component>
      <object_component id="oc-e8">
         <name>.debug_info</name>
         <load_address>0xed17</load_address>
         <run_address>0xed17</run_address>
         <size>0x46</size>
         <input_file_ref idref="fl-cf"/>
      </object_component>
      <object_component id="oc-7f">
         <name>.debug_info</name>
         <load_address>0xed5d</load_address>
         <run_address>0xed5d</run_address>
         <size>0x39</size>
         <input_file_ref idref="fl-cf"/>
      </object_component>
      <object_component id="oc-19e">
         <name>.debug_info</name>
         <load_address>0xed96</load_address>
         <run_address>0xed96</run_address>
         <size>0x3ad</size>
         <input_file_ref idref="fl-d0"/>
      </object_component>
      <object_component id="oc-198">
         <name>.debug_info</name>
         <load_address>0xf143</load_address>
         <run_address>0xf143</run_address>
         <size>0x190</size>
         <input_file_ref idref="fl-d0"/>
      </object_component>
      <object_component id="oc-f9">
         <name>.debug_info</name>
         <load_address>0xf2d3</load_address>
         <run_address>0xf2d3</run_address>
         <size>0x122</size>
         <input_file_ref idref="fl-d0"/>
      </object_component>
      <object_component id="oc-ff">
         <name>.debug_info</name>
         <load_address>0xf3f5</load_address>
         <run_address>0xf3f5</run_address>
         <size>0x184</size>
         <input_file_ref idref="fl-d0"/>
      </object_component>
      <object_component id="oc-20b">
         <name>.debug_info</name>
         <load_address>0xf579</load_address>
         <run_address>0xf579</run_address>
         <size>0x2c9</size>
         <input_file_ref idref="fl-d1"/>
      </object_component>
      <object_component id="oc-19b">
         <name>.debug_info</name>
         <load_address>0xf842</load_address>
         <run_address>0xf842</run_address>
         <size>0x11e</size>
         <input_file_ref idref="fl-d1"/>
      </object_component>
      <object_component id="oc-204">
         <name>.debug_info</name>
         <load_address>0xf960</load_address>
         <run_address>0xf960</run_address>
         <size>0x12e</size>
         <input_file_ref idref="fl-d1"/>
      </object_component>
      <object_component id="oc-33c">
         <name>.debug_info</name>
         <load_address>0xfa8e</load_address>
         <run_address>0xfa8e</run_address>
         <size>0x29c</size>
         <input_file_ref idref="fl-d2"/>
      </object_component>
      <object_component id="oc-2b2">
         <name>.debug_info</name>
         <load_address>0xfd2a</load_address>
         <run_address>0xfd2a</run_address>
         <size>0x1da</size>
         <input_file_ref idref="fl-d2"/>
      </object_component>
      <object_component id="oc-295">
         <name>.debug_info</name>
         <load_address>0xff04</load_address>
         <run_address>0xff04</run_address>
         <size>0x2b9</size>
         <input_file_ref idref="fl-d3"/>
      </object_component>
      <object_component id="oc-224">
         <name>.debug_info</name>
         <load_address>0x101bd</load_address>
         <run_address>0x101bd</run_address>
         <size>0x17c</size>
         <input_file_ref idref="fl-d3"/>
      </object_component>
      <object_component id="oc-32e">
         <name>.debug_info</name>
         <load_address>0x10339</load_address>
         <run_address>0x10339</run_address>
         <size>0xf9</size>
         <input_file_ref idref="fl-d4"/>
      </object_component>
      <object_component id="oc-292">
         <name>.debug_info</name>
         <load_address>0x10432</load_address>
         <run_address>0x10432</run_address>
         <size>0x105</size>
         <input_file_ref idref="fl-d4"/>
      </object_component>
      <object_component id="oc-26b">
         <name>.debug_info</name>
         <load_address>0x10537</load_address>
         <run_address>0x10537</run_address>
         <size>0x144</size>
         <input_file_ref idref="fl-d5"/>
      </object_component>
      <object_component id="oc-1c1">
         <name>.debug_info</name>
         <load_address>0x1067b</load_address>
         <run_address>0x1067b</run_address>
         <size>0x102</size>
         <input_file_ref idref="fl-d5"/>
      </object_component>
      <object_component id="oc-3ea">
         <name>.debug_info</name>
         <load_address>0x1077d</load_address>
         <run_address>0x1077d</run_address>
         <size>0x18f</size>
         <input_file_ref idref="fl-d5"/>
      </object_component>
      <object_component id="oc-2f0">
         <name>.debug_info</name>
         <load_address>0x1090c</load_address>
         <run_address>0x1090c</run_address>
         <size>0x2a7</size>
         <input_file_ref idref="fl-d6"/>
      </object_component>
      <object_component id="oc-24c">
         <name>.debug_info</name>
         <load_address>0x10bb3</load_address>
         <run_address>0x10bb3</run_address>
         <size>0x1b8</size>
         <input_file_ref idref="fl-d6"/>
      </object_component>
      <object_component id="oc-375">
         <name>.debug_info</name>
         <load_address>0x10d6b</load_address>
         <run_address>0x10d6b</run_address>
         <size>0x2a5</size>
         <input_file_ref idref="fl-d7"/>
      </object_component>
      <object_component id="oc-317">
         <name>.debug_info</name>
         <load_address>0x11010</load_address>
         <run_address>0x11010</run_address>
         <size>0x25d</size>
         <input_file_ref idref="fl-d7"/>
      </object_component>
      <object_component id="oc-7b">
         <name>.debug_info</name>
         <load_address>0x1126d</load_address>
         <run_address>0x1126d</run_address>
         <size>0x3b2</size>
         <input_file_ref idref="fl-d8"/>
      </object_component>
      <object_component id="oc-2a">
         <name>.debug_info</name>
         <load_address>0x1161f</load_address>
         <run_address>0x1161f</run_address>
         <size>0x10c</size>
         <input_file_ref idref="fl-d8"/>
      </object_component>
      <object_component id="oc-420">
         <name>.debug_info</name>
         <load_address>0x1172b</load_address>
[...]
      </symbol>
      <symbol id="sm-466">
         <name>__aeabi_memclr</name>
         <value>0x2f6d</value>
         <object_component_ref idref="oc-94"/>
      </symbol>
      <symbol id="sm-47d">
         <name>__aeabi_dsub</name>
         <value>0x20b9</value>
         <object_component_ref idref="oc-2bc"/>
      </symbol>
      <symbol id="sm-47e">
         <name>__aeabi_dadd</name>
         <value>0x20c3</value>
         <object_component_ref idref="oc-2bc"/>
      </symbol>
      <symbol id="sm-4a0">
         <name>__aeabi_cdcmpeq</name>
         <value>0x2e61</value>
         <object_component_ref idref="oc-22e"/>
      </symbol>
      <symbol id="sm-4a1">
         <name>__aeabi_cdcmple</name>
         <value>0x2e61</value>
         <object_component_ref idref="oc-22e"/>
      </symbol>
      <symbol id="sm-4a2">
         <name>__aeabi_cdrcmple</name>
         <value>0x2ee7</value>
         <object_component_ref idref="oc-2a7"/>
      </symbol>
      <symbol id="sm-4b6">
         <name>__aeabi_ddiv</name>
         <value>0x23ad</value>
         <object_component_ref idref="oc-2a2"/>
      </symbol>
      <symbol id="sm-4c1">
         <name>__aeabi_dmul</name>
         <value>0x2935</value>
         <object_component_ref idref="oc-29d"/>
      </symbol>
      <symbol id="sm-4cb">
         <name>__aeabi_d2iz</name>
         <value>0x3755</value>
         <object_component_ref idref="oc-2ac"/>
      </symbol>
      <symbol id="sm-4d5">
         <name>__aeabi_i2d</name>
         <value>0x3a29</value>
         <object_component_ref idref="oc-2b7"/>
      </symbol>
      <symbol id="sm-4f0">
         <name>memcpy</name>
         <value>0x2ca3</value>
         <object_component_ref idref="oc-3a"/>
      </symbol>
      <symbol id="sm-4f1">
         <name>__aeabi_memcpy</name>
         <value>0x2ca3</value>
         <object_component_ref idref="oc-3a"/>
      </symbol>
      <symbol id="sm-4f2">
         <name>__aeabi_memcpy8</name>
         <value>0x2ca3</value>
         <object_component_ref idref="oc-3a"/>
      </symbol>
      <symbol id="sm-4f3">
         <name>__aeabi_memcpy4</name>
         <value>0x2ca3</value>
         <object_component_ref idref="oc-3a"/>
      </symbol>
      <symbol id="sm-500">
         <name>__aeabi_uldivmod</name>
         <value>0x2d3f</value>
         <object_component_ref idref="oc-296"/>
      </symbol>
      <symbol id="sm-512">
         <name>__TI_zero_init</name>
         <value>0x3bf3</value>
         <object_component_ref idref="oc-4c"/>
      </symbol>
      <symbol id="sm-529">
         <name>__TI_decompress_none</name>
         <value>0x3bd7</value>
         <object_component_ref idref="oc-1d"/>
      </symbol>
      <symbol id="sm-54c">
         <name>__TI_decompress_lzss</name>
         <value>0x3211</value>
         <object_component_ref idref="oc-17"/>
      </symbol>
      <symbol id="sm-572">
         <name>C$$EXIT</name>
         <value>0x3c1d</value>
         <object_component_ref idref="oc-f8"/>
      </symbol>
      <symbol id="sm-573">
         <name>abort</name>
         <value>0x3c1d</value>
         <object_component_ref idref="oc-f8"/>
      </symbol>
      <symbol id="sm-574">
         <name>__TI_dtors_ptr</name>
         <value>0x20000c0c</value>
         <object_component_ref idref="oc-197"/>
      </symbol>
      <symbol id="sm-575">
         <name>__TI_cleanup_ptr</name>
         <value>0x20000c08</value>
         <object_component_ref idref="oc-197"/>
      </symbol>
      <symbol id="sm-576">
         <name>__TI_enable_exit_profile_output</name>
         <value>0x20000c10</value>
         <object_component_ref idref="oc-197"/>
      </symbol>
      <symbol id="sm-577">
         <name>exit</name>
         <value>0x370d</value>
         <object_component_ref idref="oc-fe"/>
      </symbol>
      <symbol id="sm-58c">
         <name>_nop</name>
         <value>0xb33</value>
         <object_component_ref idref="oc-203"/>
      </symbol>
      <symbol id="sm-58d">
         <name>_lock</name>
         <value>0x20000c14</value>
         <object_component_ref idref="oc-19a"/>
      </symbol>
      <symbol id="sm-58e">
         <name>_unlock</name>
         <value>0x20000c18</value>
         <object_component_ref idref="oc-19a"/>
      </symbol>
      <symbol id="sm-59d">
         <name>__TI_ltoa</name>
         <value>0x35cf</value>
         <object_component_ref idref="oc-2b1"/>
      </symbol>
      <symbol id="sm-5b3">
         <name>atoi</name>
         <value>0x36c1</value>
         <object_component_ref idref="oc-222"/>
      </symbol>
      <symbol id="sm-5be">
         <name>_ctypes_</name>
         <value>0x3c20</value>
         <object_component_ref idref="oc-291"/>
      </symbol>
      <symbol id="sm-5d3">
         <name>__TI_tmpnams</name>
         <value>0x200004a4</value>
      </symbol>
      <symbol id="sm-5d4">
         <name>__aeabi_stdout</name>
         <value>0x20000c00</value>
         <object_component_ref idref="oc-3e9"/>
      </symbol>
      <symbol id="sm-5d5">
         <name>__aeabi_stderr</name>
         <value>0x20000c04</value>
         <object_component_ref idref="oc-3e9"/>
      </symbol>
      <symbol id="sm-5d6">
         <name>__aeabi_stdin</name>
         <value>0x20000bfc</value>
         <object_component_ref idref="oc-3e9"/>
      </symbol>
      <symbol id="sm-5d7">
         <name>_ftable</name>
         <value>0x20000a40</value>
         <object_component_ref idref="oc-1c0"/>
      </symbol>
      <symbol id="sm-5d8">
         <name>__TI_ft_end</name>
         <value>0x20000bf8</value>
         <object_component_ref idref="oc-3e9"/>
      </symbol>
      <symbol id="sm-5e8">
         <name>memccpy</name>
         <value>0x3b39</value>
         <object_component_ref idref="oc-24b"/>
      </symbol>
      <symbol id="sm-5f8">
         <name>memchr</name>
         <value>0x3afd</value>
         <object_component_ref idref="oc-316"/>
      </symbol>
      <symbol id="sm-681">
         <name>_sys_memory</name>
         <value>0x20000640</value>
         <object_component_ref idref="oc-29"/>
      </symbol>
      <symbol id="sm-682">
         <name>free</name>
         <value>0x2a31</value>
         <object_component_ref idref="oc-39a"/>
      </symbol>
      <symbol id="sm-683">
         <name>memalign</name>
         <value>0x282d</value>
         <object_component_ref idref="oc-3dc"/>
      </symbol>
      <symbol id="sm-684">
         <name>malloc</name>
         <value>0x3c09</value>
         <object_component_ref idref="oc-3a0"/>
      </symbol>
      <symbol id="sm-685">
         <name>aligned_alloc</name>
         <value>0x282d</value>
         <object_component_ref idref="oc-3dc"/>
      </symbol>
      <symbol id="sm-695">
         <name>strchr</name>
         <value>0x3b87</value>
         <object_component_ref idref="oc-2e8"/>
      </symbol>
      <symbol id="sm-6a3">
         <name>strlen</name>
         <value>0x3bb1</value>
         <object_component_ref idref="oc-bc"/>
      </symbol>
      <symbol id="sm-6bd">
         <name>write</name>
         <value>0x3ad5</value>
         <object_component_ref idref="oc-322"/>
      </symbol>
      <symbol id="sm-6ce">
         <name>_stream</name>
         <value>0x20000ba8</value>
         <object_component_ref idref="oc-378"/>
      </symbol>
      <symbol id="sm-6cf">
         <name>_device</name>
         <value>0x20000b30</value>
         <object_component_ref idref="oc-3b9"/>
      </symbol>
      <symbol id="sm-6e5">
         <name>__aeabi_errno_addr</name>
         <value>0x3c01</value>
         <object_component_ref idref="oc-257"/>
      </symbol>
      <symbol id="sm-6e6">
         <name>errno</name>
         <value>0x20000c24</value>
         <object_component_ref idref="oc-2f8"/>
      </symbol>
      <symbol id="sm-6f9">
         <name>__stack</name>
         <value>0x2000fe00</value>
         <object_component_ref idref="oc-2c"/>
      </symbol>
      <symbol id="sm-6fa">
         <name>_c_int00_noargs</name>
         <value>0x39c5</value>
         <object_component_ref idref="oc-58"/>
      </symbol>
      <symbol id="sm-71a">
         <name>frexpl</name>
         <value>0x32e1</value>
         <object_component_ref idref="oc-2dc"/>
      </symbol>
      <symbol id="sm-71b">
         <name>frexp</name>
         <value>0x32e1</value>
         <object_component_ref idref="oc-2dc"/>
      </symbol>
      <symbol id="sm-738">
         <name>scalbn</name>
         <value>0x271d</value>
         <object_component_ref idref="oc-2e2"/>
      </symbol>
      <symbol id="sm-739">
         <name>scalbnl</name>
         <value>0x271d</value>
         <object_component_ref idref="oc-2e2"/>
      </symbol>
      <symbol id="sm-73a">
         <name>ldexpl</name>
         <value>0x271d</value>
         <object_component_ref idref="oc-2e2"/>
      </symbol>
      <symbol id="sm-73b">
         <name>ldexp</name>
         <value>0x271d</value>
         <object_component_ref idref="oc-2e2"/>
      </symbol>
      <symbol id="sm-754">
         <name>wcslen</name>
         <value>0x3bc5</value>
         <object_component_ref idref="oc-251"/>
      </symbol>
      <symbol id="sm-764">
         <name>__TI_doflush</name>
         <value>0x3675</value>
         <object_component_ref idref="oc-31c"/>
      </symbol>
      <symbol id="sm-774">
         <name>__TI_cleanup</name>
         <value>0x395d</value>
         <object_component_ref idref="oc-3a6"/>
      </symbol>
      <symbol id="sm-786">
         <name>fseek</name>
         <value>0x3345</value>
         <object_component_ref idref="oc-366"/>
      </symbol>
      <symbol id="sm-790">
         <name>__aeabi_idiv0</name>
         <value>0x226f</value>
         <object_component_ref idref="oc-331"/>
      </symbol>
      <symbol id="sm-791">
         <name>__aeabi_ldiv0</name>
         <value>0x226f</value>
         <object_component_ref idref="oc-331"/>
      </symbol>
      <symbol id="sm-7b9">
         <name>__TI_auto_init_nobinit_nopinit</name>
         <value>0x3825</value>
         <object_component_ref idref="oc-104"/>
      </symbol>
      <symbol id="sm-7c3">
         <name>_system_pre_init</name>
         <value>0x3c19</value>
         <object_component_ref idref="oc-9a"/>
      </symbol>
      <symbol id="sm-7d6">
         <name>HOSTclose</name>
         <value>0x379d</value>
         <object_component_ref idref="oc-3f5"/>
      </symbol>
      <symbol id="sm-7e7">
         <name>HOSTlseek</name>
         <value>0x31a9</value>
         <object_component_ref idref="oc-407"/>
      </symbol>
      <symbol id="sm-7f9">
         <name>parmbuf</name>
         <value>0x20000628</value>
      </symbol>
      <symbol id="sm-7fa">
         <name>HOSTopen</name>
         <value>0x340d</value>
         <object_component_ref idref="oc-3ef"/>
      </symbol>
      <symbol id="sm-80b">
         <name>HOSTread</name>
         <value>0x34c9</value>
         <object_component_ref idref="oc-3fb"/>
      </symbol>
      <symbol id="sm-81c">
         <name>HOSTrename</name>
         <value>0x313d</value>
         <object_component_ref idref="oc-413"/>
      </symbol>
      <symbol id="sm-82d">
         <name>HOSTunlink</name>
         <value>0x37e1</value>
         <object_component_ref idref="oc-40d"/>
      </symbol>
      <symbol id="sm-83e">
         <name>HOSTwrite</name>
         <value>0x3521</value>
         <object_component_ref idref="oc-401"/>
      </symbol>
      <symbol id="sm-862">
         <name>__TI_readmsg</name>
         <value>0x3991</value>
         <object_component_ref idref="oc-442"/>
      </symbol>
      <symbol id="sm-863">
         <name>C$$IO$$</name>
         <value>0x391b</value>
         <object_component_ref idref="oc-43c"/>
      </symbol>
      <symbol id="sm-864">
         <name>__CIOBUF_</name>
         <value>0x20000384</value>
         <object_component_ref idref="oc-46d"/>
      </symbol>
      <symbol id="sm-865">
         <name>__TI_writemsg</name>
         <value>0x38ed</value>
         <object_component_ref idref="oc-43c"/>
      </symbol>
      <symbol id="sm-876">
         <name>lseek</name>
         <value>0x3aad</value>
         <object_component_ref idref="oc-392"/>
      </symbol>
      <symbol id="sm-880">
         <name>copysign</name>
         <value>0x3b55</value>
         <object_component_ref idref="oc-34a"/>
      </symbol>
      <symbol id="sm-881">
         <name>copysignl</name>
         <value>0x3b55</value>
         <object_component_ref idref="oc-34a"/>
      </symbol>
      <symbol id="sm-896">
         <name>__TI_closefile</name>
         <value>0x2fe9</value>
         <object_component_ref idref="oc-3e3"/>
      </symbol>
      <symbol id="sm-8b9">
         <name>finddevice</name>
         <value>0x39f9</value>
         <object_component_ref idref="oc-48b"/>
      </symbol>
      <symbol id="sm-8ba">
         <name>getdevice</name>
         <value>0x3869</value>
         <object_component_ref idref="oc-463"/>
      </symbol>
      <symbol id="sm-8c9">
         <name>strcmp</name>
         <value>0x3b6f</value>
         <object_component_ref idref="oc-4a2"/>
      </symbol>
      <symbol id="sm-8d7">
         <name>strcpy</name>
         <value>0x3b9d</value>
         <object_component_ref idref="oc-456"/>
      </symbol>
      <symbol id="sm-8e7">
         <name>strncpy</name>
         <value>0x3925</value>
         <object_component_ref idref="oc-485"/>
      </symbol>
      <symbol id="sm-8fc">
         <name>close</name>
         <value>0x346d</value>
         <object_component_ref idref="oc-42b"/>
      </symbol>
      <symbol id="sm-90c">
         <name>unlink</name>
         <value>0x3a59</value>
         <object_component_ref idref="oc-431"/>
      </symbol>
      <symbol id="sm-90d">
         <name>__TI_static_base__</name>
         <value>0x0</value>
      </symbol>
      <symbol id="sm-910">
         <name>__mpu_init</name>
         <value>0x0</value>
      </symbol>
      <symbol id="sm-911">
         <name>_system_post_cinit</name>
         <value>0x0</value>
      </symbol>
      <symbol id="sm-912">
         <name>NMI_Handler</name>
         <value>0x3bf1</value>
      </symbol>
      <symbol id="sm-913">
         <name>HardFault_Handler</name>
         <value>0x3bf1</value>
      </symbol>
      <symbol id="sm-914">
         <name>MemManage_Handler</name>
         <value>0x3bf1</value>
      </symbol>
      <symbol id="sm-915">
         <name>BusFault_Handler</name>
         <value>0x3bf1</value>
      </symbol>
      <symbol id="sm-916">
         <name>UsageFault_Handler</name>
         <value>0x3bf1</value>
      </symbol>
      <symbol id="sm-917">
         <name>SVC_Handler</name>
         <value>0x3bf1</value>
      </symbol>
      <symbol id="sm-918">
         <name>DebugMon_Handler</name>
         <value>0x3bf1</value>
      </symbol>
      <symbol id="sm-919">
         <name>PendSV_Handler</name>
         <value>0x3bf1</value>
      </symbol>
      <symbol id="sm-91a">
         <name>SysTick_Handler</name>
         <value>0x3bf1</value>
      </symbol>
      <symbol id="sm-91b">
         <name>PSS_IRQHandler</name>
         <value>0x3bf1</value>
      </symbol>
      <symbol id="sm-91c">
         <name>CS_IRQHandler</name>
         <value>0x3bf1</value>
      </symbol>
      <symbol id="sm-91d">
         <name>PCM_IRQHandler</name>
         <value>0x3bf1</value>
      </symbol>
      <symbol id="sm-91e">
         <name>WDT_A_IRQHandler</name>
         <value>0x3bf1</value>
      </symbol>
      <symbol id="sm-91f">
         <name>FPU_IRQHandler</name>
         <value>0x3bf1</value>
      </symbol>
      <symbol id="sm-920">
         <name>FLCTL_IRQHandler</name>
         <value>0x3bf1</value>
      </symbol>
      <symbol id="sm-921">
         <name>COMP_E0_IRQHandler</name>
         <value>0x3bf1</value>
      </symbol>
      <symbol id="sm-922">
         <name>COMP_E1_IRQHandler</name>
         <value>0x3bf1</value>
      </symbol>
      <symbol id="sm-923">
         <name>TA0_0_IRQHandler</name>
         <value>0x3bf1</value>
      </symbol>
      <symbol id="sm-924">
         <name>TA0_N_IRQHandler</name>
         <value>0x3bf1</value>
      </symbol>
      <symbol id="sm-925">
         <name>TA1_0_IRQHandler</name>
         <value>0x3bf1</value>
      </symbol>
      <symbol id="sm-926">
         <name>TA1_N_IRQHandler</name>
         <value>0x3bf1</value>
      </symbol>
      <symbol id="sm-927">
         <name>TA2_0_IRQHandler</name>
         <value>0x3bf1</value>
      </symbol>
      <symbol id="sm-928">
         <name>TA2_N_IRQHandler</name>
         <value>0x3bf1</value>
      </symbol>
      <symbol id="sm-929">
         <name>TA3_0_IRQHandler</name>
         <value>0x3bf1</value>
      </symbol>
      <symbol id="sm-92a">
         <name>TA3_N_IRQHandler</name>
         <value>0x3bf1</value>
      </symbol>
      <symbol id="sm-92b">
         <name>EUSCIA0_IRQHandler</name>
         <value>0x146b</value>
      </symbol>
      <symbol id="sm-92c">
         <name>EUSCIA1_IRQHandler</name>
         <value>0x3bf1</value>
      </symbol>
      <symbol id="sm-92d">
         <name>EUSCIA2_IRQHandler</name>
         <value>0x14e7</value>
      </symbol>
      <symbol id="sm-92e">
         <name>EUSCIA3_IRQHandler</name>
         <value>0x3bf1</value>
      </symbol>
      <symbol id="sm-92f">
         <name>EUSCIB0_IRQHandler</name>
         <value>0x3bf1</value>
      </symbol>
      <symbol id="sm-930">
         <name>EUSCIB1_IRQHandler</name>
         <value>0x3bf1</value>
      </symbol>
      <symbol id="sm-931">
         <name>EUSCIB2_IRQHandler</name>
         <value>0x3bf1</value>
      </symbol>
      <symbol id="sm-932">
         <name>EUSCIB3_IRQHandler</name>
         <value>0x3bf1</value>
      </symbol>
      <symbol id="sm-933">
         <name>ADC14_IRQHandler</name>
         <value>0x3bf1</value>
      </symbol>
      <symbol id="sm-934">
         <name>T32_INT1_IRQHandler</name>
         <value>0x3bf1</value>
      </symbol>
      <symbol id="sm-935">
         <name>T32_INT2_IRQHandler</name>
         <value>0x3bf1</value>
      </symbol>
      <symbol id="sm-936">
         <name>T32_INTC_IRQHandler</name>
         <value>0x3bf1</value>
      </symbol>
      <symbol id="sm-937">
         <name>AES256_IRQHandler</name>
         <value>0x3bf1</value>
      </symbol>
      <symbol id="sm-938">
         <name>RTC_C_IRQHandler</name>
         <value>0x3bf1</value>
      </symbol>
      <symbol id="sm-939">
         <name>DMA_ERR_IRQHandler</name>
         <value>0x3bf1</value>
      </symbol>
      <symbol id="sm-93a">
         <name>DMA_INT3_IRQHandler</name>
         <value>0x3bf1</value>
      </symbol>
      <symbol id="sm-93b">
         <name>DMA_INT2_IRQHandler</name>
         <value>0x3bf1</value>
      </symbol>
      <symbol id="sm-93c">
         <name>DMA_INT1_IRQHandler</name>
         <value>0x3bf1</value>
      </symbol>
      <symbol id="sm-93d">
         <name>DMA_INT0_IRQHandler</name>
         <value>0x3bf1</value>
      </symbol>
      <symbol id="sm-93e">
         <name>PORT1_IRQHandler</name>
         <value>0x3bf1</value>
      </symbol>
      <symbol id="sm-93f">
         <name>PORT2_IRQHandler</name>
         <value>0x3bf1</value>
      </symbol>
      <symbol id="sm-940">
         <name>PORT3_IRQHandler</name>
         <value>0x3bf1</value>
      </symbol>
      <symbol id="sm-941">
         <name>PORT4_IRQHandler</name>
         <value>0x3bf1</value>
      </symbol>
      <symbol id="sm-942">
         <name>PORT5_IRQHandler</name>
         <value>0x3bf1</value>
      </symbol>
      <symbol id="sm-943">
         <name>PORT6_IRQHandler</name>
         <value>0x3bf1</value>
      </symbol>
      <symbol id="sm-944">
         <name>remove</name>
         <value>0x3a59</value>
      </symbol>
   </symbol_table>
   <title>Link successful</title>
</link_info>
