******************************************************************************
                  TI ARM Linker Unix v20.2.1                   
******************************************************************************
>> Linked Wed Dec  2 12:50:22 2020

OUTPUT FILE NAME:   <Server for cyber.out>
ENTRY POINT SYMBOL: "_c_int00_noargs"  address: 00003c51


MEMORY CONFIGURATION

         name            origin    length      used     unused   attr    fill
----------------------  --------  ---------  --------  --------  ----  --------
  MAIN                  00000000   00040000  00004480  0003bb80  R  X
  INFO                  00200000   00004000  00000000  00004000  R  X
  SRAM_CODE             01000000   00010000  00000ea8  0000f158  RW X
  SRAM_DATA             20000000   00010000  00000ea8  0000f158  RW  


SEGMENT ALLOCATION MAP

run origin  load origin   length   init length attrs members
----------  ----------- ---------- ----------- ----- -------
00000000    00000000    00004480   00004480    r-x
  00000000    00000000    000000e4   000000e4    r-- .intvecs
  000000e4    000000e4    00003dfc   00003dfc    r-x .text
  00003ee0    00003ee0    000004a8   000004a8    r-- .const
  00004388    00004388    000000f8   000000f8    r-- .cinit
20000000    20000000    00000ca9   00000000    rw-
  20000000    20000000    00000667   00000000    rw- .bss
  20000668    20000668    00000400   00000000    rw- .sysmem
  20000a68    20000a68    00000241   00000000    rw- .data
2000fe00    2000fe00    00000200   00000000    rw-
  2000fe00    2000fe00    00000200   00000000    rw- .stack


SECTION ALLOCATION MAP

 output                                  attributes/
section   page    origin      length       input sections
--------  ----  ----------  ----------   ----------------
.intvecs   0    00000000    000000e4     
                  00000000    000000e4     startup_msp432p401r_ccs.obj (.intvecs:retain)

.text      0    000000e4    00003dfc     
                  000000e4    00000a4e     rtsv7M4_T_le_v4SPD16_eabi.lib : _printfi.c.obj (.text:__TI_printfi)
                  00000b32    00000002                                   : _lock.c.obj (.text:_nop)
                  00000b34    000008f4     des.obj (.text)
                  00001428    000007a8     main.obj (.text)
                  00001bd0    00000334     system_msp432p401r.obj (.text)
                  00001f04    00000270     rtsv7M4_T_le_v4SPD16_eabi.lib : _printfi.c.obj (.text:_pconv_a)
                  00002174    000001d0                                   : _printfi.c.obj (.text:_pconv_g)
                  00002344    000001b6                                   : fd_add_t2.asm.obj (.text)
                  000024fa    00000002                                   : div0.asm.obj (.text)
                  000024fc    0000013c                                   : _printfi.c.obj (.text:_pconv_e)
                  00002638    00000136                                   : fd_div_t2.asm.obj (.text)
                  0000276e    00000002     --HOLE-- [fill = 0]
                  00002770    00000124                                   : _printfi.c.obj (.text:fcvt)
                  00002894    00000114                                   : fputs.c.obj (.text:fputs)
                  000029a8    00000110                                   : s_scalbn.c.obj (.text:scalbn)
                  00002ab8    00000108                                   : memory.c.obj (.text:aligned_alloc)
                  00002bc0    000000fc                                   : fd_mul_t2.asm.obj (.text)
                  00002cbc    000000e4                                   : memory.c.obj (.text:free)
                  00002da0    000000dc                                   : setvbuf.c.obj (.text:setvbuf)
                  00002e7c    000000b1                                   : _printfi.c.obj (.text:_ltostr)
                  00002f2d    00000001     --HOLE-- [fill = 0]
                  00002f2e    0000009c                                   : memcpy_t2.asm.obj (.text)
                  00002fca    00000096                                   : ull_div_t2.asm.obj (.text)
                  00003060    0000008c                                   : fputc.c.obj (.text:fputc)
                  000030ec    00000086                                   : fd_cmp_t2.asm.obj (.text:__aeabi_cdcmple)
                  00003172    00000086                                   : fd_cmp_t2.asm.obj (.text:__aeabi_cdrcmple)
                  000031f8    0000007a                                   : memset_t2.asm.obj (.text)
                  00003272    00000002     --HOLE-- [fill = 0]
                  00003274    00000074                                   : fclose.c.obj (.text:__TI_closefile)
                  000032e8    00000070                                   : memory.c.obj (.text:split)
                  00003358    0000006e                                   : _printfi.c.obj (.text:_mcpy)
                  000033c6    00000002     --HOLE-- [fill = 0]
                  000033c8    0000006c                                   : hostrename.c.obj (.text:HOSTrename)
                  00003434    00000068                                   : hostlseek.c.obj (.text:HOSTlseek)
                  0000349c    00000068                                   : copy_decompress_lzss.c.obj (.text:decompress:lzss:__TI_decompress_lzss)
                  00003504    00000068                                   : printf.c.obj (.text:printf)
                  0000356c    00000064                                   : s_frexp.c.obj (.text:frexp)
                  000035d0    00000064                                   : fseek.c.obj (.text:fseek)
                  00003634    00000062                                   : _io_perm.c.obj (.text:__TI_wrt_ok)
                  00003696    00000002     --HOLE-- [fill = 0]
                  00003698    00000060                                   : hostopen.c.obj (.text:HOSTopen)
                  000036f8    0000005c                                   : close.c.obj (.text:close)
                  00003754    00000058                                   : hostread.c.obj (.text:HOSTread)
                  000037ac    00000058                                   : hostwrite.c.obj (.text:HOSTwrite)
                  00003804    00000056                                   : _printfi.c.obj (.text:_pconv_f)
                  0000385a    00000054                                   : _ltoa.c.obj (.text:__TI_ltoa)
                  000038ae    00000052                                   : _printfi.c.obj (.text:_ecpy)
                  00003900    0000004c                                   : fflush.c.obj (.text:__TI_doflush)
                  0000394c    0000004c                                   : atoi.c.obj (.text:atoi)
                  00003998    00000048                                   : exit.c.obj (.text:exit)
                  000039e0    00000048                                   : fd_toi_t2.asm.obj (.text)
                  00003a28    00000044                                   : hostclose.c.obj (.text:HOSTclose)
                  00003a6c    00000044                                   : hostunlink.c.obj (.text:HOSTunlink)
                  00003ab0    00000044                                   : autoinit.c.obj (.text:__TI_auto_init_nobinit_nopinit:__TI_auto_init_nobinit_nopinit)
                  00003af4    00000044                                   : getdevice.c.obj (.text:getdevice)
                  00003b38    0000003e                                   : _printfi.c.obj (.text:_fcpy)
                  00003b76    00000002     --HOLE-- [fill = 0]
                  00003b78    00000038                                   : trgmsg.c.obj (.text:__TI_writemsg)
                  00003bb0    00000036                                   : strncpy.c.obj (.text:strncpy)
                  00003be6    00000002     --HOLE-- [fill = 0]
                  00003be8    00000034                                   : fopen.c.obj (.text:__TI_cleanup)
                  00003c1c    00000034                                   : trgmsg.c.obj (.text:__TI_readmsg)
                  00003c50    00000034                                   : boot_cortex_m.c.obj (.text:_c_int00_noargs:_c_int00_noargs)
                  00003c84    00000034                                   : strstr.c.obj (.text:strstr)
                  00003cb8    00000030                                   : getdevice.c.obj (.text:finddevice)
                  00003ce8    0000002e                                   : i_tofd_t2.asm.obj (.text)
                  00003d16    00000002     --HOLE-- [fill = 0]
                  00003d18    0000002c                                   : unlink.c.obj (.text:unlink)
                  00003d44    00000028                                   : memory.c.obj (.text:free_list_insert)
                  00003d6c    00000028                                   : lseek.c.obj (.text:lseek)
                  00003d94    00000028                                   : write.c.obj (.text:write)
                  00003dbc    00000020                                   : memchr.c.obj (.text:memchr)
                  00003ddc    0000001c                                   : memory.c.obj (.text:free_list_remove)
                  00003df8    0000001c                                   : memccpy.c.obj (.text:memccpy)
                  00003e14    0000001a                                   : s_copysign.c.obj (.text:copysign)
                  00003e2e    00000018                                   : strcmp.c.obj (.text:strcmp)
                  00003e46    00000016                                   : strchr.c.obj (.text:strchr)
                  00003e5c    00000014                                   : strcpy.c.obj (.text:strcpy)
                  00003e70    00000014                                   : strlen.c.obj (.text:strlen)
                  00003e84    00000012                                   : wcslen.c.obj (.text:wcslen)
                  00003e96    0000000e                                   : copy_decompress_none.c.obj (.text:decompress:none:__TI_decompress_none)
                  00003ea4    0000000e     startup_msp432p401r_ccs.obj (.text)
                  00003eb2    0000000c     rtsv7M4_T_le_v4SPD16_eabi.lib : copy_zero_init.c.obj (.text:decompress:ZI:__TI_zero_init)
                  00003ebe    00000002     --HOLE-- [fill = 0]
                  00003ec0    00000008                                   : errno.c.obj (.text:__aeabi_errno_addr)
                  00003ec8    00000008                                   : memory.c.obj (.text:malloc)
                  00003ed0    00000004                                   : printf.c.obj (.text:_outc)
                  00003ed4    00000004                                   : printf.c.obj (.text:_outs)
                  00003ed8    00000004                                   : pre_init.c.obj (.text:_system_pre_init)
                  00003edc    00000004                                   : exit.c.obj (.text:abort:abort)

.const     0    00003ee0    000004a8     
                  00003ee0    00000101     rtsv7M4_T_le_v4SPD16_eabi.lib : ctype.c.obj (.const:.string:_ctypes_)
                  00003fe1    00000003     --HOLE-- [fill = 0]
                  00003fe4    00000044     des.obj (.const:DES_default)
                  00004028    00000040     des.obj (.const:.string:FP)
                  00004068    00000040     des.obj (.const:.string:IP)
                  000040a8    00000040     des.obj (.const:.string:S1)
                  000040e8    00000040     des.obj (.const:.string:S2)
                  00004128    00000040     des.obj (.const:.string:S3)
                  00004168    00000040     des.obj (.const:.string:S4)
                  000041a8    00000040     des.obj (.const:.string:S5)
                  000041e8    00000040     des.obj (.const:.string:S6)
                  00004228    00000040     des.obj (.const:.string:S7)
                  00004268    00000040     des.obj (.const:.string:S8)
                  000042a8    00000038     des.obj (.const:.string:PC1)
                  000042e0    00000030     des.obj (.const:.string:E)
                  00004310    00000030     des.obj (.const:.string:PC2)
                  00004340    00000020     des.obj (.const:.string:P)
                  00004360    00000010     des.obj (.const:.string:$P$T0$1)
                  00004370    00000010     des.obj (.const:.string:key_shifts)
                  00004380    00000008     main.obj (.const:.string:$P$T0$1)

.cinit     0    00004388    000000f8     
                  00004388    000000ce     (.cinit..data.load) [load image, compression = lzss]
                  00004456    00000002     --HOLE-- [fill = 0]
                  00004458    0000000c     (__TI_handler_table)
                  00004464    00000004     --HOLE-- [fill = 0]
                  00004468    00000008     (.cinit..bss.load) [load image, compression = zero_init]
                  00004470    00000010     (__TI_cinit_table)

.init_array 
*          0    00000000    00000000     UNINITIALIZED

.binit     0    00000000    00000000     

.bss       0    20000000    00000667     UNINITIALIZED
                  20000000    00000384     (.common:bc)
                  20000384    00000120     rtsv7M4_T_le_v4SPD16_eabi.lib : trgmsg.c.obj (.bss:_CIOBUF_)
                  200004a4    000000a0     (.common:__TI_tmpnams)
                  20000544    00000080     des.obj (.bss:round_key)
                  200005c4    00000044     (.common:config)
                  20000608    00000034     (.common:tempBuffer)
                  2000063c    00000008     des.obj (.bss:des_key)
                  20000644    00000008     (.common:message)
                  2000064c    00000008     (.common:parmbuf)
                  20000654    00000008     (.common:passcode)
                  2000065c    00000004     (.common:i)
                  20000660    00000004     (.common:tic)
                  20000664    00000001     (.common:LIMIT)
                  20000665    00000001     (.common:ServoMotor)
                  20000666    00000001     (.common:x)

.sysmem    0    20000668    00000400     UNINITIALIZED
                  20000668    00000010     rtsv7M4_T_le_v4SPD16_eabi.lib : memory.c.obj (.sysmem)
                  20000678    000003f0     --HOLE--

.data      0    20000a68    00000241     UNINITIALIZED
                  20000a68    000000f0     rtsv7M4_T_le_v4SPD16_eabi.lib : defs.c.obj (.data:_ftable)
                  20000b58    00000078                                   : host_device.c.obj (.data:_device)
                  20000bd0    00000054     main.obj (.data:pulse)
                  20000c24    00000050     rtsv7M4_T_le_v4SPD16_eabi.lib : host_device.c.obj (.data:_stream)
                  20000c74    00000010                                   : defs.c.obj (.data)
                  20000c84    0000000c                                   : exit.c.obj (.data:$O1$$)
                  20000c90    00000008                                   : _lock.c.obj (.data:$O1$$)
                  20000c98    00000008                                   : memory.c.obj (.data:$O1$$)
                  20000ca0    00000004                                   : errno.c.obj (.data)
                  20000ca4    00000004     system_msp432p401r.obj (.data)
                  20000ca8    00000001     main.obj (.data)

.stack     0    2000fe00    00000200     UNINITIALIZED
                  2000fe00    00000004     rtsv7M4_T_le_v4SPD16_eabi.lib : boot_cortex_m.c.obj (.stack)
                  2000fe04    000001fc     --HOLE--

__llvm_prf_cnts 
*          0    20000000    00000000     UNINITIALIZED

MODULE SUMMARY

       Module                        code    ro data   rw data
       ------                        ----    -------   -------
    ./
       main.obj                      1960    8         2128   
       des.obj                       2292    924       408    
       system_msp432p401r.obj        820     0         8      
       startup_msp432p401r_ccs.obj   14      228       0      
    +--+-----------------------------+-------+---------+---------+
       Total:                        5086    1160      2544   
                                                              
    /Applications/ti/ccs1011/ccs/tools/compiler/ti-cgt-arm_20.2.1.LTS/lib/rtsv7M4_T_le_v4SPD16_eabi.lib
       _printfi.c.obj                4851    0         0      
       defs.c.obj                    0       0         832    
       memory.c.obj                  680     0         16     
       trgmsg.c.obj                  108     0         576    
       fd_add_t2.asm.obj             438     0         0      
       host_device.c.obj             0       0         400    
       fd_div_t2.asm.obj             310     0         0      
       fputs.c.obj                   276     0         0      
       s_scalbn.c.obj                272     0         0      
       fd_cmp_t2.asm.obj             268     0         0      
       ctype.c.obj                   0       257       0      
       fd_mul_t2.asm.obj             252     0         0      
       setvbuf.c.obj                 220     0         0      
       memcpy_t2.asm.obj             156     0         0      
       ull_div_t2.asm.obj            150     0         0      
       fputc.c.obj                   140     0         0      
       memset_t2.asm.obj             122     0         0      
       fclose.c.obj                  116     0         0      
       getdevice.c.obj               116     0         0      
       hostopen.c.obj                96      0         16     
       printf.c.obj                  112     0         0      
       hostrename.c.obj              108     0         0      
       copy_decompress_lzss.c.obj    104     0         0      
       hostlseek.c.obj               104     0         0      
       exit.c.obj                    76      0         24     
       fseek.c.obj                   100     0         0      
       s_frexp.c.obj                 100     0         0      
       _io_perm.c.obj                98      0         0      
       close.c.obj                   92      0         0      
       hostread.c.obj                88      0         0      
       hostwrite.c.obj               88      0         0      
       _ltoa.c.obj                   84      0         0      
       atoi.c.obj                    76      0         0      
       fflush.c.obj                  76      0         0      
       fd_toi_t2.asm.obj             72      0         0      
       autoinit.c.obj                68      0         0      
       hostclose.c.obj               68      0         0      
       hostunlink.c.obj              68      0         0      
       strncpy.c.obj                 54      0         0      
       boot_cortex_m.c.obj           52      0         0      
       fopen.c.obj                   52      0         0      
       strstr.c.obj                  52      0         0      
       i_tofd_t2.asm.obj             46      0         0      
       unlink.c.obj                  44      0         0      
       lseek.c.obj                   40      0         0      
       write.c.obj                   40      0         0      
       memchr.c.obj                  32      0         0      
       memccpy.c.obj                 28      0         0      
       s_copysign.c.obj              26      0         0      
       strcmp.c.obj                  24      0         0      
       strchr.c.obj                  22      0         0      
       strcpy.c.obj                  20      0         0      
       strlen.c.obj                  20      0         0      
       _lock.c.obj                   2       0         16     
       wcslen.c.obj                  18      0         0      
       errno.c.obj                   8       0         8      
       copy_decompress_none.c.obj    14      0         0      
       copy_zero_init.c.obj          12      0         0      
       pre_init.c.obj                4       0         0      
       div0.asm.obj                  2       0         0      
    +--+-----------------------------+-------+---------+---------+
       Total:                        10765   257       1888   
                                                              
       Heap:                         0       0         2048   
       Stack:                        0       0         1024   
       Linker Generated:             0       242       0      
    +--+-----------------------------+-------+---------+---------+
       Grand Total:                  15851   1659      7504   


LINKER GENERATED COPY TABLES

__TI_cinit_table @ 00004470 records: 2, size/record: 8, table size: 16
	.data: load addr=00004388, load size=000000ce bytes, run addr=20000a68, run size=00000241 bytes, compression=lzss
	.bss: load addr=00004468, load size=00000008 bytes, run addr=20000000, run size=00000667 bytes, compression=zero_init


LINKER GENERATED HANDLER TABLE

__TI_handler_table @ 00004458 records: 3, size/record: 4, table size: 12
	index: 0, handler: __TI_decompress_lzss
	index: 1, handler: __TI_decompress_none
	index: 2, handler: __TI_zero_init


GLOBAL SYMBOLS: SORTED ALPHABETICALLY BY Name 

address   name                           
-------   ----                           
00003eb1  ADC14_IRQHandler               
00003eb1  AES256_IRQHandler              
00003eb1  BusFault_Handler               
00003edd  C$$EXIT                        
00003ba7  C$$IO$$                        
00001565  CLRScreen                      
00003eb1  COMP_E0_IRQHandler             
00003eb1  COMP_E1_IRQHandler             
00003eb1  CS_IRQHandler                  
00001813  DES                            
00003fe4  DES_default                    
00003eb1  DMA_ERR_IRQHandler             
00003eb1  DMA_INT0_IRQHandler            
00003eb1  DMA_INT1_IRQHandler            
00003eb1  DMA_INT2_IRQHandler            
00003eb1  DMA_INT3_IRQHandler            
00003eb1  DebugMon_Handler               
00003eb1  Default_Handler                
00003eb1  EUSCIA0_IRQHandler             
00003eb1  EUSCIA1_IRQHandler             
00001467  EUSCIA2_IRQHandler             
00001467  EUSCIA2_IRQHandler             
00003eb1  EUSCIA3_IRQHandler             
00003eb1  EUSCIB0_IRQHandler             
00003eb1  EUSCIB1_IRQHandler             
00003eb1  EUSCIB2_IRQHandler             
00003eb1  EUSCIB3_IRQHandler             
00003eb1  FLCTL_IRQHandler               
00003eb1  FPU_IRQHandler                 
00003a29  HOSTclose                      
00003435  HOSTlseek                      
00003699  HOSTopen                       
00003755  HOSTread                       
000033c9  HOSTrename                     
00003a6d  HOSTunlink                     
000037ad  HOSTwrite                      
00003eb1  HardFault_Handler              
000017cd  InitVar                        
20000664  LIMIT                          
00003eb1  MemManage_Handler              
00003eb1  NMI_Handler                    
00003eb1  PCM_IRQHandler                 
00003eb1  PORT1_IRQHandler               
00003eb1  PORT2_IRQHandler               
00003eb1  PORT3_IRQHandler               
00003eb1  PORT4_IRQHandler               
00003eb1  PORT5_IRQHandler               
00003eb1  PORT6_IRQHandler               
00003eb1  PSS_IRQHandler                 
00003eb1  PendSV_Handler                 
00001969  PortSetup                      
00001669  PrintConnect                   
00001a73  PuttySetup                     
00003eb1  RTC_C_IRQHandler               
00003ea5  Reset_Handler                  
00003eb1  SVC_Handler                    
00001575  SendBc                         
00001505  SendPutty                      
20000ca8  ServoIndex                     
20000665  ServoMotor                     
00001897  ServoMotorSetup                
00001871  Set12Mhz                       
000019e5  SysTickSetup                   
000014ad  SysTick_Handler                
000014ad  SysTick_Handler                
20000ca4  SystemCoreClock                
00001bd1  SystemCoreClockUpdate          
00001e49  SystemInit                     
00003eb1  T32_INT1_IRQHandler            
00003eb1  T32_INT2_IRQHandler            
00003eb1  T32_INTC_IRQHandler            
00003eb1  TA0_0_IRQHandler               
00003eb1  TA0_N_IRQHandler               
00001485  TA1_0_IRQHandler               
00001485  TA1_0_IRQHandler               
00003eb1  TA1_N_IRQHandler               
00003eb1  TA2_0_IRQHandler               
00003eb1  TA2_N_IRQHandler               
00003eb1  TA3_0_IRQHandler               
00003eb1  TA3_N_IRQHandler               
00001a0d  TimerA0Setup                   
00001a45  TimerA1Setup                   
00003eb1  UsageFault_Handler             
4000480c  WDTCTL_SYM                     
00003eb1  WDT_A_IRQHandler               
00001591  WifiCreate                     
00001535  WifiNetwork                    
00001ad9  WifiSetup                      
20000384  __CIOBUF_                      
20010000  __STACK_END                    
00000200  __STACK_SIZE                   
00000400  __SYSMEM_SIZE                  
00004470  __TI_CINIT_Base                
00004480  __TI_CINIT_Limit               
00004458  __TI_Handler_Table_Base        
00004464  __TI_Handler_Table_Limit       
00003ab1  __TI_auto_init_nobinit_nopinit 
00003be9  __TI_cleanup                   
20000c84  __TI_cleanup_ptr               
00003275  __TI_closefile                 
0000349d  __TI_decompress_lzss           
00003e97  __TI_decompress_none           
00003901  __TI_doflush                   
20000c88  __TI_dtors_ptr                 
20000c8c  __TI_enable_exit_profile_output
20000c74  __TI_ft_end                    
0000385b  __TI_ltoa                      
ffffffff  __TI_pprof_out_hndl            
000000e5  __TI_printfi                   
ffffffff  __TI_prof_data_size            
ffffffff  __TI_prof_data_start           
00003c1d  __TI_readmsg                   
00000000  __TI_static_base__             
200004a4  __TI_tmpnams                   
00003b79  __TI_writemsg                  
00003635  __TI_wrt_ok                    
00003eb3  __TI_zero_init                 
000030ed  __aeabi_cdcmpeq                
000030ed  __aeabi_cdcmple                
00003173  __aeabi_cdrcmple               
000039e1  __aeabi_d2iz                   
0000234f  __aeabi_dadd                   
00002639  __aeabi_ddiv                   
00002bc1  __aeabi_dmul                   
00002345  __aeabi_dsub                   
00003ec1  __aeabi_errno_addr             
00003ce9  __aeabi_i2d                    
000024fb  __aeabi_idiv0                  
000024fb  __aeabi_ldiv0                  
000031f9  __aeabi_memclr                 
000031f9  __aeabi_memclr4                
000031f9  __aeabi_memclr8                
00002f2f  __aeabi_memcpy                 
00002f2f  __aeabi_memcpy4                
00002f2f  __aeabi_memcpy8                
000031fb  __aeabi_memset                 
000031fb  __aeabi_memset4                
000031fb  __aeabi_memset8                
20000c80  __aeabi_stderr                 
20000c78  __aeabi_stdin                  
20000c7c  __aeabi_stdout                 
00002fcb  __aeabi_uldivmod               
ffffffff  __binit__                      
ffffffff  __c_args__                     
UNDEFED   __mpu_init                     
2000fe00  __stack                        
20000000  __start___llvm_prf_cnts        
20000000  __stop___llvm_prf_cnts         
00003c51  _c_int00_noargs                
00003ee0  _ctypes_                       
20000b58  _device                        
20000a68  _ftable                        
20000c90  _lock                          
00000b33  _nop                           
20000c24  _stream                        
20000668  _sys_memory                    
UNDEFED   _system_post_cinit             
00003ed9  _system_pre_init               
20000c94  _unlock                        
00003edd  abort                          
00002ab9  aligned_alloc                  
0000394d  atoi                           
20000000  bc                             
ffffffff  binit                          
00000bcf  change_bit                     
00000b9f  clear_bit                      
000036f9  close                          
200005c4  config                         
00003e15  copysign                       
00003e15  copysignl                      
00000bef  count_bit                      
000011f1  des_crypt                      
00001409  des_decrypt                    
000013f1  des_encrypt                    
00001001  des_f                          
00000fb5  des_get_roundkey               
00000c71  des_init                       
20000ca0  errno                          
00003999  exit                           
00003cb9  finddevice                     
00003061  fputc                          
00002895  fputs                          
00002cbd  free                           
0000356d  frexp                          
0000356d  frexpl                         
000035d1  fseek                          
00000b35  get_bit                        
00003af5  getdevice                      
2000065c  i                              
00000000  interruptVectors               
000029a9  ldexp                          
000029a9  ldexpl                         
00000c21  left_shift                     
00003d6d  lseek                          
00001429  main                           
00003ec9  malloc                         
00002ab9  memalign                       
00003df9  memccpy                        
00003dbd  memchr                         
00002f2f  memcpy                         
00003201  memset                         
20000644  message                        
2000064c  parmbuf                        
20000654  passcode                       
00000c4d  print_key                      
00003505  printf                         
20000bd0  pulse                          
00003061  putc                           
00003d19  remove                         
000029a9  scalbn                         
000029a9  scalbnl                        
00000b6f  set_bit                        
00002da1  setvbuf                        
00003e47  strchr                         
00003e2f  strcmp                         
00003e5d  strcpy                         
00003e71  strlen                         
00003bb1  strncpy                        
00003c85  strstr                         
20000608  tempBuffer                     
20000660  tic                            
00003d19  unlink                         
00003e85  wcslen                         
00003d95  write                          
20000666  x                              


GLOBAL SYMBOLS: SORTED BY Symbol Address 

address   name                           
-------   ----                           
00000000  __TI_static_base__             
00000000  interruptVectors               
000000e5  __TI_printfi                   
00000200  __STACK_SIZE                   
00000400  __SYSMEM_SIZE                  
00000b33  _nop                           
00000b35  get_bit                        
00000b6f  set_bit                        
00000b9f  clear_bit                      
00000bcf  change_bit                     
00000bef  count_bit                      
00000c21  left_shift                     
00000c4d  print_key                      
00000c71  des_init                       
00000fb5  des_get_roundkey               
00001001  des_f                          
000011f1  des_crypt                      
000013f1  des_encrypt                    
00001409  des_decrypt                    
00001429  main                           
00001467  EUSCIA2_IRQHandler             
00001467  EUSCIA2_IRQHandler             
00001485  TA1_0_IRQHandler               
00001485  TA1_0_IRQHandler               
000014ad  SysTick_Handler                
000014ad  SysTick_Handler                
00001505  SendPutty                      
00001535  WifiNetwork                    
00001565  CLRScreen                      
00001575  SendBc                         
00001591  WifiCreate                     
00001669  PrintConnect                   
000017cd  InitVar                        
00001813  DES                            
00001871  Set12Mhz                       
00001897  ServoMotorSetup                
00001969  PortSetup                      
000019e5  SysTickSetup                   
00001a0d  TimerA0Setup                   
00001a45  TimerA1Setup                   
00001a73  PuttySetup                     
00001ad9  WifiSetup                      
00001bd1  SystemCoreClockUpdate          
00001e49  SystemInit                     
00002345  __aeabi_dsub                   
0000234f  __aeabi_dadd                   
000024fb  __aeabi_idiv0                  
000024fb  __aeabi_ldiv0                  
00002639  __aeabi_ddiv                   
00002895  fputs                          
000029a9  ldexp                          
000029a9  ldexpl                         
000029a9  scalbn                         
000029a9  scalbnl                        
00002ab9  aligned_alloc                  
00002ab9  memalign                       
00002bc1  __aeabi_dmul                   
00002cbd  free                           
00002da1  setvbuf                        
00002f2f  __aeabi_memcpy                 
00002f2f  __aeabi_memcpy4                
00002f2f  __aeabi_memcpy8                
00002f2f  memcpy                         
00002fcb  __aeabi_uldivmod               
00003061  fputc                          
00003061  putc                           
000030ed  __aeabi_cdcmpeq                
000030ed  __aeabi_cdcmple                
00003173  __aeabi_cdrcmple               
000031f9  __aeabi_memclr                 
000031f9  __aeabi_memclr4                
000031f9  __aeabi_memclr8                
000031fb  __aeabi_memset                 
000031fb  __aeabi_memset4                
000031fb  __aeabi_memset8                
00003201  memset                         
00003275  __TI_closefile                 
000033c9  HOSTrename                     
00003435  HOSTlseek                      
0000349d  __TI_decompress_lzss           
00003505  printf                         
0000356d  frexp                          
0000356d  frexpl                         
000035d1  fseek                          
00003635  __TI_wrt_ok                    
00003699  HOSTopen                       
000036f9  close                          
00003755  HOSTread                       
000037ad  HOSTwrite                      
0000385b  __TI_ltoa                      
00003901  __TI_doflush                   
0000394d  atoi                           
00003999  exit                           
000039e1  __aeabi_d2iz                   
00003a29  HOSTclose                      
00003a6d  HOSTunlink                     
00003ab1  __TI_auto_init_nobinit_nopinit 
00003af5  getdevice                      
00003b79  __TI_writemsg                  
00003ba7  C$$IO$$                        
00003bb1  strncpy                        
00003be9  __TI_cleanup                   
00003c1d  __TI_readmsg                   
00003c51  _c_int00_noargs                
00003c85  strstr                         
00003cb9  finddevice                     
00003ce9  __aeabi_i2d                    
00003d19  remove                         
00003d19  unlink                         
00003d6d  lseek                          
00003d95  write                          
00003dbd  memchr                         
00003df9  memccpy                        
00003e15  copysign                       
00003e15  copysignl                      
00003e2f  strcmp                         
00003e47  strchr                         
00003e5d  strcpy                         
00003e71  strlen                         
00003e85  wcslen                         
00003e97  __TI_decompress_none           
00003ea5  Reset_Handler                  
00003eb1  ADC14_IRQHandler               
00003eb1  AES256_IRQHandler              
00003eb1  BusFault_Handler               
00003eb1  COMP_E0_IRQHandler             
00003eb1  COMP_E1_IRQHandler             
00003eb1  CS_IRQHandler                  
00003eb1  DMA_ERR_IRQHandler             
00003eb1  DMA_INT0_IRQHandler            
00003eb1  DMA_INT1_IRQHandler            
00003eb1  DMA_INT2_IRQHandler            
00003eb1  DMA_INT3_IRQHandler            
00003eb1  DebugMon_Handler               
00003eb1  Default_Handler                
00003eb1  EUSCIA0_IRQHandler             
00003eb1  EUSCIA1_IRQHandler             
00003eb1  EUSCIA3_IRQHandler             
00003eb1  EUSCIB0_IRQHandler             
00003eb1  EUSCIB1_IRQHandler             
00003eb1  EUSCIB2_IRQHandler             
00003eb1  EUSCIB3_IRQHandler             
00003eb1  FLCTL_IRQHandler               
00003eb1  FPU_IRQHandler                 
00003eb1  HardFault_Handler              
00003eb1  MemManage_Handler              
00003eb1  NMI_Handler                    
00003eb1  PCM_IRQHandler                 
00003eb1  PORT1_IRQHandler               
00003eb1  PORT2_IRQHandler               
00003eb1  PORT3_IRQHandler               
00003eb1  PORT4_IRQHandler               
00003eb1  PORT5_IRQHandler               
00003eb1  PORT6_IRQHandler               
00003eb1  PSS_IRQHandler                 
00003eb1  PendSV_Handler                 
00003eb1  RTC_C_IRQHandler               
00003eb1  SVC_Handler                    
00003eb1  T32_INT1_IRQHandler            
00003eb1  T32_INT2_IRQHandler            
00003eb1  T32_INTC_IRQHandler            
00003eb1  TA0_0_IRQHandler               
00003eb1  TA0_N_IRQHandler               
00003eb1  TA1_N_IRQHandler               
00003eb1  TA2_0_IRQHandler               
00003eb1  TA2_N_IRQHandler               
00003eb1  TA3_0_IRQHandler               
00003eb1  TA3_N_IRQHandler               
00003eb1  UsageFault_Handler             
00003eb1  WDT_A_IRQHandler               
00003eb3  __TI_zero_init                 
00003ec1  __aeabi_errno_addr             
00003ec9  malloc                         
00003ed9  _system_pre_init               
00003edd  C$$EXIT                        
00003edd  abort                          
00003ee0  _ctypes_                       
00003fe4  DES_default                    
00004458  __TI_Handler_Table_Base        
00004464  __TI_Handler_Table_Limit       
00004470  __TI_CINIT_Base                
00004480  __TI_CINIT_Limit               
20000000  __start___llvm_prf_cnts        
20000000  __stop___llvm_prf_cnts         
20000000  bc                             
20000384  __CIOBUF_                      
200004a4  __TI_tmpnams                   
200005c4  config                         
20000608  tempBuffer                     
20000644  message                        
2000064c  parmbuf                        
20000654  passcode                       
2000065c  i                              
20000660  tic                            
20000664  LIMIT                          
20000665  ServoMotor                     
20000666  x                              
20000668  _sys_memory                    
20000a68  _ftable                        
20000b58  _device                        
20000bd0  pulse                          
20000c24  _stream                        
20000c74  __TI_ft_end                    
20000c78  __aeabi_stdin                  
20000c7c  __aeabi_stdout                 
20000c80  __aeabi_stderr                 
20000c84  __TI_cleanup_ptr               
20000c88  __TI_dtors_ptr                 
20000c8c  __TI_enable_exit_profile_output
20000c90  _lock                          
20000c94  _unlock                        
20000ca0  errno                          
20000ca4  SystemCoreClock                
20000ca8  ServoIndex                     
2000fe00  __stack                        
20010000  __STACK_END                    
4000480c  WDTCTL_SYM                     
ffffffff  __TI_pprof_out_hndl            
ffffffff  __TI_prof_data_size            
ffffffff  __TI_prof_data_start           
ffffffff  __binit__                      
ffffffff  __c_args__                     
ffffffff  binit                          
UNDEFED   __mpu_init                     
UNDEFED   _system_post_cinit             

[225 symbols]
