<?xml version="1.0" encoding="ISO-8859-1" ?>
<link_info>
   <banner>TI ARM Linker Unix v20.2.1.LTS</banner>
   <copyright>Copyright (c) 1996-2018 Texas Instruments Incorporated</copyright>
   <link_time>0x5fc7effe</link_time>
   <link_errors>0x0</link_errors>
   <output_file>Server for cyber.out</output_file>
   <entry_point>
      <name>_c_int00_noargs</name>
      <address>0x3c51</address>
   </entry_point>
   <input_file_list>
      <input_file id="fl-1">
         <path>./</path>
         <kind>object</kind>
         <file>des.obj</file>
         <name>des.obj</name>
      </input_file>
      <input_file id="fl-2">
         <path>./</path>
         <kind>object</kind>
         <file>main.obj</file>
         <name>main.obj</name>
      </input_file>
      <input_file id="fl-3">
         <path>./</path>
         <kind>object</kind>
         <file>startup_msp432p401r_ccs.obj</file>
         <name>startup_msp432p401r_ccs.obj</name>
      </input_file>
      <input_file id="fl-4">
         <path>./</path>
         <kind>object</kind>
         <file>system_msp432p401r.obj</file>
         <name>system_msp432p401r.obj</name>
      </input_file>
      <input_file id="fl-8">
         <kind>object</kind>
         <file>&lt;internal&gt;</file>
         <name>&lt;internal&gt;</name>
      </input_file>
      <input_file id="fl-be">
         <path>/Applications/ti/ccs1011/ccs/tools/compiler/ti-cgt-arm_20.2.1.LTS/lib/</path>
         <kind>archive</kind>
         <file>rtsv7M4_T_le_v4SPD16_eabi.lib</file>
         <name>printf.c.obj</name>
      </input_file>
      <input_file id="fl-bf">
         <path>/Applications/ti/ccs1011/ccs/tools/compiler/ti-cgt-arm_20.2.1.LTS/lib/</path>
         <kind>archive</kind>
         <file>rtsv7M4_T_le_v4SPD16_eabi.lib</file>
         <name>_printfi.c.obj</name>
      </input_file>
      <input_file id="fl-c0">
         <path>/Applications/ti/ccs1011/ccs/tools/compiler/ti-cgt-arm_20.2.1.LTS/lib/</path>
         <kind>archive</kind>
         <file>rtsv7M4_T_le_v4SPD16_eabi.lib</file>
         <name>fputc.c.obj</name>
      </input_file>
      <input_file id="fl-c1">
         <path>/Applications/ti/ccs1011/ccs/tools/compiler/ti-cgt-arm_20.2.1.LTS/lib/</path>
         <kind>archive</kind>
         <file>rtsv7M4_T_le_v4SPD16_eabi.lib</file>
         <name>fputs.c.obj</name>
      </input_file>
      <input_file id="fl-c2">
         <path>/Applications/ti/ccs1011/ccs/tools/compiler/ti-cgt-arm_20.2.1.LTS/lib/</path>
         <kind>archive</kind>
         <file>rtsv7M4_T_le_v4SPD16_eabi.lib</file>
         <name>_io_perm.c.obj</name>
      </input_file>
      <input_file id="fl-c3">
         <path>/Applications/ti/ccs1011/ccs/tools/compiler/ti-cgt-arm_20.2.1.LTS/lib/</path>
         <kind>archive</kind>
         <file>rtsv7M4_T_le_v4SPD16_eabi.lib</file>
         <name>setvbuf.c.obj</name>
      </input_file>
      <input_file id="fl-c4">
         <path>/Applications/ti/ccs1011/ccs/tools/compiler/ti-cgt-arm_20.2.1.LTS/lib/</path>
         <kind>archive</kind>
         <file>rtsv7M4_T_le_v4SPD16_eabi.lib</file>
         <name>memset_t2.asm.obj</name>
      </input_file>
      <input_file id="fl-c5">
         <path>/Applications/ti/ccs1011/ccs/tools/compiler/ti-cgt-arm_20.2.1.LTS/lib/</path>
         <kind>archive</kind>
         <file>rtsv7M4_T_le_v4SPD16_eabi.lib</file>
         <name>fd_add_t2.asm.obj</name>
      </input_file>
      <input_file id="fl-c6">
         <path>/Applications/ti/ccs1011/ccs/tools/compiler/ti-cgt-arm_20.2.1.LTS/lib/</path>
         <kind>archive</kind>
         <file>rtsv7M4_T_le_v4SPD16_eabi.lib</file>
         <name>fd_cmp_t2.asm.obj</name>
      </input_file>
      <input_file id="fl-c7">
         <path>/Applications/ti/ccs1011/ccs/tools/compiler/ti-cgt-arm_20.2.1.LTS/lib/</path>
         <kind>archive</kind>
         <file>rtsv7M4_T_le_v4SPD16_eabi.lib</file>
         <name>fd_div_t2.asm.obj</name>
      </input_file>
      <input_file id="fl-c8">
         <path>/Applications/ti/ccs1011/ccs/tools/compiler/ti-cgt-arm_20.2.1.LTS/lib/</path>
         <kind>archive</kind>
         <file>rtsv7M4_T_le_v4SPD16_eabi.lib</file>
         <name>fd_mul_t2.asm.obj</name>
      </input_file>
      <input_file id="fl-c9">
         <path>/Applications/ti/ccs1011/ccs/tools/compiler/ti-cgt-arm_20.2.1.LTS/lib/</path>
         <kind>archive</kind>
         <file>rtsv7M4_T_le_v4SPD16_eabi.lib</file>
         <name>fd_toi_t2.asm.obj</name>
      </input_file>
      <input_file id="fl-ca">
         <path>/Applications/ti/ccs1011/ccs/tools/compiler/ti-cgt-arm_20.2.1.LTS/lib/</path>
         <kind>archive</kind>
         <file>rtsv7M4_T_le_v4SPD16_eabi.lib</file>
         <name>i_tofd_t2.asm.obj</name>
      </input_file>
      <input_file id="fl-cb">
         <path>/Applications/ti/ccs1011/ccs/tools/compiler/ti-cgt-arm_20.2.1.LTS/lib/</path>
         <kind>archive</kind>
         <file>rtsv7M4_T_le_v4SPD16_eabi.lib</file>
         <name>memcpy_t2.asm.obj</name>
      </input_file>
      <input_file id="fl-cc">
         <path>/Applications/ti/ccs1011/ccs/tools/compiler/ti-cgt-arm_20.2.1.LTS/lib/</path>
         <kind>archive</kind>
         <file>rtsv7M4_T_le_v4SPD16_eabi.lib</file>
         <name>ull_div_t2.asm.obj</name>
      </input_file>
      <input_file id="fl-cd">
         <path>/Applications/ti/ccs1011/ccs/tools/compiler/ti-cgt-arm_20.2.1.LTS/lib/</path>
         <kind>archive</kind>
         <file>rtsv7M4_T_le_v4SPD16_eabi.lib</file>
         <name>copy_zero_init.c.obj</name>
      </input_file>
      <input_file id="fl-ce">
         <path>/Applications/ti/ccs1011/ccs/tools/compiler/ti-cgt-arm_20.2.1.LTS/lib/</path>
         <kind>archive</kind>
         <file>rtsv7M4_T_le_v4SPD16_eabi.lib</file>
         <name>copy_decompress_none.c.obj</name>
      </input_file>
      <input_file id="fl-cf">
         <path>/Applications/ti/ccs1011/ccs/tools/compiler/ti-cgt-arm_20.2.1.LTS/lib/</path>
         <kind>archive</kind>
         <file>rtsv7M4_T_le_v4SPD16_eabi.lib</file>
         <name>copy_decompress_lzss.c.obj</name>
      </input_file>
      <input_file id="fl-d0">
         <path>/Applications/ti/ccs1011/ccs/tools/compiler/ti-cgt-arm_20.2.1.LTS/lib/</path>
         <kind>archive</kind>
         <file>rtsv7M4_T_le_v4SPD16_eabi.lib</file>
         <name>exit.c.obj</name>
      </input_file>
      <input_file id="fl-d1">
         <path>/Applications/ti/ccs1011/ccs/tools/compiler/ti-cgt-arm_20.2.1.LTS/lib/</path>
         <kind>archive</kind>
         <file>rtsv7M4_T_le_v4SPD16_eabi.lib</file>
         <name>_lock.c.obj</name>
      </input_file>
      <input_file id="fl-d2">
         <path>/Applications/ti/ccs1011/ccs/tools/compiler/ti-cgt-arm_20.2.1.LTS/lib/</path>
         <kind>archive</kind>
         <file>rtsv7M4_T_le_v4SPD16_eabi.lib</file>
         <name>_ltoa.c.obj</name>
      </input_file>
      <input_file id="fl-d3">
         <path>/Applications/ti/ccs1011/ccs/tools/compiler/ti-cgt-arm_20.2.1.LTS/lib/</path>
         <kind>archive</kind>
         <file>rtsv7M4_T_le_v4SPD16_eabi.lib</file>
         <name>atoi.c.obj</name>
      </input_file>
      <input_file id="fl-d4">
         <path>/Applications/ti/ccs1011/ccs/tools/compiler/ti-cgt-arm_20.2.1.LTS/lib/</path>
         <kind>archive</kind>
         <file>rtsv7M4_T_le_v4SPD16_eabi.lib</file>
         <name>ctype.c.obj</name>
      </input_file>
      <input_file id="fl-d5">
         <path>/Applications/ti/ccs1011/ccs/tools/compiler/ti-cgt-arm_20.2.1.LTS/lib/</path>
         <kind>archive</kind>
         <file>rtsv7M4_T_le_v4SPD16_eabi.lib</file>
         <name>defs.c.obj</name>
      </input_file>
      <input_file id="fl-d6">
         <path>/Applications/ti/ccs1011/ccs/tools/compiler/ti-cgt-arm_20.2.1.LTS/lib/</path>
         <kind>archive</kind>
         <file>rtsv7M4_T_le_v4SPD16_eabi.lib</file>
         <name>memccpy.c.obj</name>
      </input_file>
      <input_file id="fl-d7">
         <path>/Applications/ti/ccs1011/ccs/tools/compiler/ti-cgt-arm_20.2.1.LTS/lib/</path>
         <kind>archive</kind>
         <file>rtsv7M4_T_le_v4SPD16_eabi.lib</file>
         <name>memchr.c.obj</name>
      </input_file>
      <input_file id="fl-d8">
         <path>/Applications/ti/ccs1011/ccs/tools/compiler/ti-cgt-arm_20.2.1.LTS/lib/</path>
         <kind>archive</kind>
         <file>rtsv7M4_T_le_v4SPD16_eabi.lib</file>
         <name>memory.c.obj</name>
      </input_file>
      <input_file id="fl-d9">
         <path>/Applications/ti/ccs1011/ccs/tools/compiler/ti-cgt-arm_20.2.1.LTS/lib/</path>
         <kind>archive</kind>
         <file>rtsv7M4_T_le_v4SPD16_eabi.lib</file>
         <name>strchr.c.obj</name>
      </input_file>
      <input_file id="fl-da">
         <path>/Applications/ti/ccs1011/ccs/tools/compiler/ti-cgt-arm_20.2.1.LTS/lib/</path>
         <kind>archive</kind>
         <file>rtsv7M4_T_le_v4SPD16_eabi.lib</file>
         <name>strcpy.c.obj</name>
      </input_file>
      <input_file id="fl-db">
         <path>/Applications/ti/ccs1011/ccs/tools/compiler/ti-cgt-arm_20.2.1.LTS/lib/</path>
         <kind>archive</kind>
         <file>rtsv7M4_T_le_v4SPD16_eabi.lib</file>
         <name>strlen.c.obj</name>
      </input_file>
      <input_file id="fl-dc">
         <path>/Applications/ti/ccs1011/ccs/tools/compiler/ti-cgt-arm_20.2.1.LTS/lib/</path>
         <kind>archive</kind>
         <file>rtsv7M4_T_le_v4SPD16_eabi.lib</file>
         <name>strstr.c.obj</name>
      </input_file>
      <input_file id="fl-dd">
         <path>/Applications/ti/ccs1011/ccs/tools/compiler/ti-cgt-arm_20.2.1.LTS/lib/</path>
         <kind>archive</kind>
         <file>rtsv7M4_T_le_v4SPD16_eabi.lib</file>
         <name>write.c.obj</name>
      </input_file>
      <input_file id="fl-de">
         <path>/Applications/ti/ccs1011/ccs/tools/compiler/ti-cgt-arm_20.2.1.LTS/lib/</path>
         <kind>archive</kind>
         <file>rtsv7M4_T_le_v4SPD16_eabi.lib</file>
         <name>host_device.c.obj</name>
      </input_file>
      <input_file id="fl-df">
         <path>/Applications/ti/ccs1011/ccs/tools/compiler/ti-cgt-arm_20.2.1.LTS/lib/</path>
         <kind>archive</kind>
         <file>rtsv7M4_T_le_v4SPD16_eabi.lib</file>
         <name>errno.c.obj</name>
      </input_file>
      <input_file id="fl-e0">
         <path>/Applications/ti/ccs1011/ccs/tools/compiler/ti-cgt-arm_20.2.1.LTS/lib/</path>
         <kind>archive</kind>
         <file>rtsv7M4_T_le_v4SPD16_eabi.lib</file>
         <name>boot_cortex_m.c.obj</name>
      </input_file>
      <input_file id="fl-e1">
         <path>/Applications/ti/ccs1011/ccs/tools/compiler/ti-cgt-arm_20.2.1.LTS/lib/</path>
         <kind>archive</kind>
         <file>rtsv7M4_T_le_v4SPD16_eabi.lib</file>
         <name>s_frexp.c.obj</name>
      </input_file>
      <input_file id="fl-e2">
         <path>/Applications/ti/ccs1011/ccs/tools/compiler/ti-cgt-arm_20.2.1.LTS/lib/</path>
         <kind>archive</kind>
         <file>rtsv7M4_T_le_v4SPD16_eabi.lib</file>
         <name>s_scalbn.c.obj</name>
      </input_file>
      <input_file id="fl-e3">
         <path>/Applications/ti/ccs1011/ccs/tools/compiler/ti-cgt-arm_20.2.1.LTS/lib/</path>
         <kind>archive</kind>
         <file>rtsv7M4_T_le_v4SPD16_eabi.lib</file>
         <name>wcslen.c.obj</name>
      </input_file>
      <input_file id="fl-e4">
         <path>/Applications/ti/ccs1011/ccs/tools/compiler/ti-cgt-arm_20.2.1.LTS/lib/</path>
         <kind>archive</kind>
         <file>rtsv7M4_T_le_v4SPD16_eabi.lib</file>
         <name>fflush.c.obj</name>
      </input_file>
      <input_file id="fl-e5">
         <path>/Applications/ti/ccs1011/ccs/tools/compiler/ti-cgt-arm_20.2.1.LTS/lib/</path>
         <kind>archive</kind>
         <file>rtsv7M4_T_le_v4SPD16_eabi.lib</file>
         <name>fopen.c.obj</name>
      </input_file>
      <input_file id="fl-e6">
         <path>/Applications/ti/ccs1011/ccs/tools/compiler/ti-cgt-arm_20.2.1.LTS/lib/</path>
         <kind>archive</kind>
         <file>rtsv7M4_T_le_v4SPD16_eabi.lib</file>
         <name>fseek.c.obj</name>
      </input_file>
      <input_file id="fl-e7">
         <path>/Applications/ti/ccs1011/ccs/tools/compiler/ti-cgt-arm_20.2.1.LTS/lib/</path>
         <kind>archive</kind>
         <file>rtsv7M4_T_le_v4SPD16_eabi.lib</file>
         <name>div0.asm.obj</name>
      </input_file>
      <input_file id="fl-e8">
         <path>/Applications/ti/ccs1011/ccs/tools/compiler/ti-cgt-arm_20.2.1.LTS/lib/</path>
         <kind>archive</kind>
         <file>rtsv7M4_T_le_v4SPD16_eabi.lib</file>
         <name>autoinit.c.obj</name>
      </input_file>
      <input_file id="fl-e9">
         <path>/Applications/ti/ccs1011/ccs/tools/compiler/ti-cgt-arm_20.2.1.LTS/lib/</path>
         <kind>archive</kind>
         <file>rtsv7M4_T_le_v4SPD16_eabi.lib</file>
         <name>pre_init.c.obj</name>
      </input_file>
      <input_file id="fl-ea">
         <path>/Applications/ti/ccs1011/ccs/tools/compiler/ti-cgt-arm_20.2.1.LTS/lib/</path>
         <kind>archive</kind>
         <file>rtsv7M4_T_le_v4SPD16_eabi.lib</file>
         <name>cpy_tbl.c.obj</name>
      </input_file>
      <input_file id="fl-eb">
         <path>/Applications/ti/ccs1011/ccs/tools/compiler/ti-cgt-arm_20.2.1.LTS/lib/</path>
         <kind>archive</kind>
         <file>rtsv7M4_T_le_v4SPD16_eabi.lib</file>
         <name>args_main.c.obj</name>
      </input_file>
      <input_file id="fl-ec">
         <path>/Applications/ti/ccs1011/ccs/tools/compiler/ti-cgt-arm_20.2.1.LTS/lib/</path>
         <kind>archive</kind>
         <file>rtsv7M4_T_le_v4SPD16_eabi.lib</file>
         <name>hostclose.c.obj</name>
      </input_file>
      <input_file id="fl-ed">
         <path>/Applications/ti/ccs1011/ccs/tools/compiler/ti-cgt-arm_20.2.1.LTS/lib/</path>
         <kind>archive</kind>
         <file>rtsv7M4_T_le_v4SPD16_eabi.lib</file>
         <name>hostlseek.c.obj</name>
      </input_file>
      <input_file id="fl-ee">
         <path>/Applications/ti/ccs1011/ccs/tools/compiler/ti-cgt-arm_20.2.1.LTS/lib/</path>
         <kind>archive</kind>
         <file>rtsv7M4_T_le_v4SPD16_eabi.lib</file>
         <name>hostopen.c.obj</name>
      </input_file>
      <input_file id="fl-ef">
         <path>/Applications/ti/ccs1011/ccs/tools/compiler/ti-cgt-arm_20.2.1.LTS/lib/</path>
         <kind>archive</kind>
         <file>rtsv7M4_T_le_v4SPD16_eabi.lib</file>
         <name>hostread.c.obj</name>
      </input_file>
      <input_file id="fl-f0">
         <path>/Applications/ti/ccs1011/ccs/tools/compiler/ti-cgt-arm_20.2.1.LTS/lib/</path>
         <kind>archive</kind>
         <file>rtsv7M4_T_le_v4SPD16_eabi.lib</file>
         <name>hostrename.c.obj</name>
      </input_file>
      <input_file id="fl-f1">
         <path>/Applications/ti/ccs1011/ccs/tools/compiler/ti-cgt-arm_20.2.1.LTS/lib/</path>
         <kind>archive</kind>
         <file>rtsv7M4_T_le_v4SPD16_eabi.lib</file>
         <name>hostunlink.c.obj</name>
      </input_file>
      <input_file id="fl-f2">
         <path>/Applications/ti/ccs1011/ccs/tools/compiler/ti-cgt-arm_20.2.1.LTS/lib/</path>
         <kind>archive</kind>
         <file>rtsv7M4_T_le_v4SPD16_eabi.lib</file>
         <name>hostwrite.c.obj</name>
      </input_file>
      <input_file id="fl-f3">
         <path>/Applications/ti/ccs1011/ccs/tools/compiler/ti-cgt-arm_20.2.1.LTS/lib/</path>
         <kind>archive</kind>
         <file>rtsv7M4_T_le_v4SPD16_eabi.lib</file>
         <name>trgmsg.c.obj</name>
      </input_file>
      <input_file id="fl-f4">
         <path>/Applications/ti/ccs1011/ccs/tools/compiler/ti-cgt-arm_20.2.1.LTS/lib/</path>
         <kind>archive</kind>
         <file>rtsv7M4_T_le_v4SPD16_eabi.lib</file>
         <name>open.c.obj</name>
      </input_file>
      <input_file id="fl-f5">
         <path>/Applications/ti/ccs1011/ccs/tools/compiler/ti-cgt-arm_20.2.1.LTS/lib/</path>
         <kind>archive</kind>
         <file>rtsv7M4_T_le_v4SPD16_eabi.lib</file>
         <name>lseek.c.obj</name>
      </input_file>
      <input_file id="fl-f6">
         <path>/Applications/ti/ccs1011/ccs/tools/compiler/ti-cgt-arm_20.2.1.LTS/lib/</path>
         <kind>archive</kind>
         <file>rtsv7M4_T_le_v4SPD16_eabi.lib</file>
         <name>s_copysign.c.obj</name>
      </input_file>
      <input_file id="fl-f7">
         <path>/Applications/ti/ccs1011/ccs/tools/compiler/ti-cgt-arm_20.2.1.LTS/lib/</path>
         <kind>archive</kind>
         <file>rtsv7M4_T_le_v4SPD16_eabi.lib</file>
         <name>fclose.c.obj</name>
      </input_file>
      <input_file id="fl-f8">
         <path>/Applications/ti/ccs1011/ccs/tools/compiler/ti-cgt-arm_20.2.1.LTS/lib/</path>
         <kind>archive</kind>
         <file>rtsv7M4_T_le_v4SPD16_eabi.lib</file>
         <name>getdevice.c.obj</name>
      </input_file>
      <input_file id="fl-f9">
         <path>/Applications/ti/ccs1011/ccs/tools/compiler/ti-cgt-arm_20.2.1.LTS/lib/</path>
         <kind>archive</kind>
         <file>rtsv7M4_T_le_v4SPD16_eabi.lib</file>
         <name>strcmp.c.obj</name>
      </input_file>
      <input_file id="fl-fa">
         <path>/Applications/ti/ccs1011/ccs/tools/compiler/ti-cgt-arm_20.2.1.LTS/lib/</path>
         <kind>archive</kind>
         <file>rtsv7M4_T_le_v4SPD16_eabi.lib</file>
         <name>strncpy.c.obj</name>
      </input_file>
      <input_file id="fl-fb">
         <path>/Applications/ti/ccs1011/ccs/tools/compiler/ti-cgt-arm_20.2.1.LTS/lib/</path>
         <kind>archive</kind>
         <file>rtsv7M4_T_le_v4SPD16_eabi.lib</file>
         <name>remove.c.obj</name>
      </input_file>
      <input_file id="fl-fc">
         <path>/Applications/ti/ccs1011/ccs/tools/compiler/ti-cgt-arm_20.2.1.LTS/lib/</path>
         <kind>archive</kind>
         <file>rtsv7M4_T_le_v4SPD16_eabi.lib</file>
         <name>close.c.obj</name>
      </input_file>
      <input_file id="fl-fd">
         <path>/Applications/ti/ccs1011/ccs/tools/compiler/ti-cgt-arm_20.2.1.LTS/lib/</path>
         <kind>archive</kind>
         <file>rtsv7M4_T_le_v4SPD16_eabi.lib</file>
         <name>unlink.c.obj</name>
      </input_file>
   </input_file_list>
   <object_component_list>
      <object_component id="oc-26">
         <name>.intvecs:retain</name>
         <load_address>0x0</load_address>
         <run_address>0x0</run_address>
         <size>0xe4</size>
         <input_file_ref idref="fl-3"/>
      </object_component>
      <object_component id="oc-1db">
         <name>.text:__TI_printfi</name>
         <load_address>0xe4</load_address>
         <run_address>0xe4</run_address>
         <size>0xa4e</size>
         <input_file_ref idref="fl-bf"/>
      </object_component>
      <object_component id="oc-222">
         <name>.text:_nop</name>
         <load_address>0xb32</load_address>
         <run_address>0xb32</run_address>
         <size>0x2</size>
         <input_file_ref idref="fl-d1"/>
      </object_component>
      <object_component id="oc-cc">
         <name>.text</name>
         <load_address>0xb34</load_address>
         <run_address>0xb34</run_address>
         <size>0x8f4</size>
         <input_file_ref idref="fl-1"/>
      </object_component>
      <object_component id="oc-70">
         <name>.text</name>
         <load_address>0x1428</load_address>
         <run_address>0x1428</run_address>
         <size>0x7a8</size>
         <input_file_ref idref="fl-2"/>
      </object_component>
      <object_component id="oc-ac">
         <name>.text</name>
         <load_address>0x1bd0</load_address>
         <run_address>0x1bd0</run_address>
         <size>0x334</size>
         <input_file_ref idref="fl-4"/>
      </object_component>
      <object_component id="oc-264">
         <name>.text:_pconv_a</name>
         <load_address>0x1f04</load_address>
         <run_address>0x1f04</run_address>
         <size>0x270</size>
         <input_file_ref idref="fl-bf"/>
      </object_component>
      <object_component id="oc-252">
         <name>.text:_pconv_g</name>
         <load_address>0x2174</load_address>
         <run_address>0x2174</run_address>
         <size>0x1d0</size>
         <input_file_ref idref="fl-bf"/>
      </object_component>
      <object_component id="oc-2db">
         <name>.text</name>
         <load_address>0x2344</load_address>
         <run_address>0x2344</run_address>
         <size>0x1b6</size>
         <input_file_ref idref="fl-c5"/>
      </object_component>
      <object_component id="oc-350">
         <name>.text</name>
         <load_address>0x24fa</load_address>
         <run_address>0x24fa</run_address>
         <size>0x2</size>
         <input_file_ref idref="fl-e7"/>
      </object_component>
      <object_component id="oc-25e">
         <name>.text:_pconv_e</name>
         <load_address>0x24fc</load_address>
         <run_address>0x24fc</run_address>
         <size>0x13c</size>
         <input_file_ref idref="fl-bf"/>
      </object_component>
      <object_component id="oc-2c1">
         <name>.text</name>
         <load_address>0x2638</load_address>
         <run_address>0x2638</run_address>
         <size>0x136</size>
         <input_file_ref idref="fl-c7"/>
      </object_component>
      <object_component id="oc-2ed">
         <name>.text:fcvt</name>
         <load_address>0x2770</load_address>
         <run_address>0x2770</run_address>
         <size>0x124</size>
         <input_file_ref idref="fl-bf"/>
      </object_component>
      <object_component id="oc-28c">
         <name>.text:fputs</name>
         <load_address>0x2894</load_address>
         <run_address>0x2894</run_address>
         <size>0x114</size>
         <input_file_ref idref="fl-c1"/>
      </object_component>
      <object_component id="oc-301">
         <name>.text:scalbn</name>
         <load_address>0x29a8</load_address>
         <run_address>0x29a8</run_address>
         <size>0x110</size>
         <input_file_ref idref="fl-e2"/>
      </object_component>
      <object_component id="oc-3fb">
         <name>.text:aligned_alloc</name>
         <load_address>0x2ab8</load_address>
         <run_address>0x2ab8</run_address>
         <size>0x108</size>
         <input_file_ref idref="fl-d8"/>
      </object_component>
      <object_component id="oc-2bc">
         <name>.text</name>
         <load_address>0x2bc0</load_address>
         <run_address>0x2bc0</run_address>
         <size>0xfc</size>
         <input_file_ref idref="fl-c8"/>
      </object_component>
      <object_component id="oc-3b9">
         <name>.text:free</name>
         <load_address>0x2cbc</load_address>
         <run_address>0x2cbc</run_address>
         <size>0xe4</size>
         <input_file_ref idref="fl-d8"/>
      </object_component>
      <object_component id="oc-38b">
         <name>.text:setvbuf</name>
         <load_address>0x2da0</load_address>
         <run_address>0x2da0</run_address>
         <size>0xdc</size>
         <input_file_ref idref="fl-c3"/>
      </object_component>
      <object_component id="oc-247">
         <name>.text:_ltostr</name>
         <load_address>0x2e7c</load_address>
         <run_address>0x2e7c</run_address>
         <size>0xb1</size>
         <input_file_ref idref="fl-bf"/>
      </object_component>
      <object_component id="oc-3a">
         <name>.text</name>
         <load_address>0x2f2e</load_address>
         <run_address>0x2f2e</run_address>
         <size>0x9c</size>
         <input_file_ref idref="fl-cb"/>
      </object_component>
      <object_component id="oc-2b5">
         <name>.text</name>
         <load_address>0x2fca</load_address>
         <run_address>0x2fca</run_address>
         <size>0x96</size>
         <input_file_ref idref="fl-cc"/>
      </object_component>
      <object_component id="oc-293">
         <name>.text:fputc</name>
         <load_address>0x3060</load_address>
         <run_address>0x3060</run_address>
         <size>0x8c</size>
         <input_file_ref idref="fl-c0"/>
      </object_component>
      <object_component id="oc-24d">
         <name>.text:__aeabi_cdcmple</name>
         <load_address>0x30ec</load_address>
         <run_address>0x30ec</run_address>
         <size>0x86</size>
         <input_file_ref idref="fl-c6"/>
      </object_component>
      <object_component id="oc-2c6">
         <name>.text:__aeabi_cdrcmple</name>
         <load_address>0x3172</load_address>
         <run_address>0x3172</run_address>
         <size>0x86</size>
         <input_file_ref idref="fl-c6"/>
      </object_component>
      <object_component id="oc-94">
         <name>.text</name>
         <load_address>0x31f8</load_address>
         <run_address>0x31f8</run_address>
         <size>0x7a</size>
         <input_file_ref idref="fl-c4"/>
      </object_component>
      <object_component id="oc-402">
         <name>.text:__TI_closefile</name>
         <load_address>0x3274</load_address>
         <run_address>0x3274</run_address>
         <size>0x74</size>
         <input_file_ref idref="fl-f7"/>
      </object_component>
      <object_component id="oc-443">
         <name>.text:split</name>
         <load_address>0x32e8</load_address>
         <run_address>0x32e8</run_address>
         <size>0x70</size>
         <input_file_ref idref="fl-d8"/>
      </object_component>
      <object_component id="oc-2e6">
         <name>.text:_mcpy</name>
         <load_address>0x3358</load_address>
         <run_address>0x3358</run_address>
         <size>0x6e</size>
         <input_file_ref idref="fl-bf"/>
      </object_component>
      <object_component id="oc-432">
         <name>.text:HOSTrename</name>
         <load_address>0x33c8</load_address>
         <run_address>0x33c8</run_address>
         <size>0x6c</size>
         <input_file_ref idref="fl-f0"/>
      </object_component>
      <object_component id="oc-426">
         <name>.text:HOSTlseek</name>
         <load_address>0x3434</load_address>
         <run_address>0x3434</run_address>
         <size>0x68</size>
         <input_file_ref idref="fl-ed"/>
      </object_component>
      <object_component id="oc-17">
         <name>.text:decompress:lzss:__TI_decompress_lzss</name>
         <load_address>0x349c</load_address>
         <run_address>0x349c</run_address>
         <size>0x68</size>
         <input_file_ref idref="fl-cf"/>
      </object_component>
      <object_component id="oc-169">
         <name>.text:printf</name>
         <load_address>0x3504</load_address>
         <run_address>0x3504</run_address>
         <size>0x68</size>
         <input_file_ref idref="fl-be"/>
      </object_component>
      <object_component id="oc-2fb">
         <name>.text:frexp</name>
         <load_address>0x356c</load_address>
         <run_address>0x356c</run_address>
         <size>0x64</size>
         <input_file_ref idref="fl-e1"/>
      </object_component>
      <object_component id="oc-385">
         <name>.text:fseek</name>
         <load_address>0x35d0</load_address>
         <run_address>0x35d0</run_address>
         <size>0x64</size>
         <input_file_ref idref="fl-e6"/>
      </object_component>
      <object_component id="oc-32f">
         <name>.text:__TI_wrt_ok</name>
         <load_address>0x3634</load_address>
         <run_address>0x3634</run_address>
         <size>0x62</size>
         <input_file_ref idref="fl-c2"/>
      </object_component>
      <object_component id="oc-40e">
         <name>.text:HOSTopen</name>
         <load_address>0x3698</load_address>
         <run_address>0x3698</run_address>
         <size>0x60</size>
         <input_file_ref idref="fl-ee"/>
      </object_component>
      <object_component id="oc-44a">
         <name>.text:close</name>
         <load_address>0x36f8</load_address>
         <run_address>0x36f8</run_address>
         <size>0x5c</size>
         <input_file_ref idref="fl-fc"/>
      </object_component>
      <object_component id="oc-41a">
         <name>.text:HOSTread</name>
         <load_address>0x3754</load_address>
         <run_address>0x3754</run_address>
         <size>0x58</size>
         <input_file_ref idref="fl-ef"/>
      </object_component>
      <object_component id="oc-420">
         <name>.text:HOSTwrite</name>
         <load_address>0x37ac</load_address>
         <run_address>0x37ac</run_address>
         <size>0x58</size>
         <input_file_ref idref="fl-f2"/>
      </object_component>
      <object_component id="oc-258">
         <name>.text:_pconv_f</name>
         <load_address>0x3804</load_address>
         <run_address>0x3804</run_address>
         <size>0x56</size>
         <input_file_ref idref="fl-bf"/>
      </object_component>
      <object_component id="oc-2d0">
         <name>.text:__TI_ltoa</name>
         <load_address>0x385a</load_address>
         <run_address>0x385a</run_address>
         <size>0x54</size>
         <input_file_ref idref="fl-d2"/>
      </object_component>
      <object_component id="oc-2e0">
         <name>.text:_ecpy</name>
         <load_address>0x38ae</load_address>
         <run_address>0x38ae</run_address>
         <size>0x52</size>
         <input_file_ref idref="fl-bf"/>
      </object_component>
      <object_component id="oc-33b">
         <name>.text:__TI_doflush</name>
         <load_address>0x3900</load_address>
         <run_address>0x3900</run_address>
         <size>0x4c</size>
         <input_file_ref idref="fl-e4"/>
      </object_component>
      <object_component id="oc-241">
         <name>.text:atoi</name>
         <load_address>0x394c</load_address>
         <run_address>0x394c</run_address>
         <size>0x4c</size>
         <input_file_ref idref="fl-d3"/>
      </object_component>
      <object_component id="oc-111">
         <name>.text:exit</name>
         <load_address>0x3998</load_address>
         <run_address>0x3998</run_address>
         <size>0x48</size>
         <input_file_ref idref="fl-d0"/>
      </object_component>
      <object_component id="oc-2cb">
         <name>.text</name>
         <load_address>0x39e0</load_address>
         <run_address>0x39e0</run_address>
         <size>0x48</size>
         <input_file_ref idref="fl-c9"/>
      </object_component>
      <object_component id="oc-414">
         <name>.text:HOSTclose</name>
         <load_address>0x3a28</load_address>
         <run_address>0x3a28</run_address>
         <size>0x44</size>
         <input_file_ref idref="fl-ec"/>
      </object_component>
      <object_component id="oc-42c">
         <name>.text:HOSTunlink</name>
         <load_address>0x3a6c</load_address>
         <run_address>0x3a6c</run_address>
         <size>0x44</size>
         <input_file_ref idref="fl-f1"/>
      </object_component>
      <object_component id="oc-117">
         <name>.text:__TI_auto_init_nobinit_nopinit:__TI_auto_init_nobinit_nopinit</name>
         <load_address>0x3ab0</load_address>
         <run_address>0x3ab0</run_address>
         <size>0x44</size>
         <input_file_ref idref="fl-e8"/>
      </object_component>
      <object_component id="oc-47c">
         <name>.text:getdevice</name>
         <load_address>0x3af4</load_address>
         <run_address>0x3af4</run_address>
         <size>0x44</size>
         <input_file_ref idref="fl-f8"/>
      </object_component>
      <object_component id="oc-2f3">
         <name>.text:_fcpy</name>
         <load_address>0x3b38</load_address>
         <run_address>0x3b38</run_address>
         <size>0x3e</size>
         <input_file_ref idref="fl-bf"/>
      </object_component>
      <object_component id="oc-45b">
         <name>.text:__TI_writemsg</name>
         <load_address>0x3b78</load_address>
         <run_address>0x3b78</run_address>
         <size>0x38</size>
         <input_file_ref idref="fl-f3"/>
      </object_component>
      <object_component id="oc-49c">
         <name>.text:strncpy</name>
         <load_address>0x3bb0</load_address>
         <run_address>0x3bb0</run_address>
         <size>0x36</size>
         <input_file_ref idref="fl-fa"/>
      </object_component>
      <object_component id="oc-3c5">
         <name>.text:__TI_cleanup</name>
         <load_address>0x3be8</load_address>
         <run_address>0x3be8</run_address>
         <size>0x34</size>
         <input_file_ref idref="fl-e5"/>
      </object_component>
      <object_component id="oc-461">
         <name>.text:__TI_readmsg</name>
         <load_address>0x3c1c</load_address>
         <run_address>0x3c1c</run_address>
         <size>0x34</size>
         <input_file_ref idref="fl-f3"/>
      </object_component>
      <object_component id="oc-58">
         <name>.text:_c_int00_noargs:_c_int00_noargs</name>
         <load_address>0x3c50</load_address>
         <run_address>0x3c50</run_address>
         <size>0x34</size>
         <input_file_ref idref="fl-e0"/>
      </object_component>
      <object_component id="oc-c0">
         <name>.text:strstr</name>
         <load_address>0x3c84</load_address>
         <run_address>0x3c84</run_address>
         <size>0x34</size>
         <input_file_ref idref="fl-dc"/>
      </object_component>
      <object_component id="oc-4a2">
         <name>.text:finddevice</name>
         <load_address>0x3cb8</load_address>
         <run_address>0x3cb8</run_address>
         <size>0x30</size>
         <input_file_ref idref="fl-f8"/>
      </object_component>
      <object_component id="oc-2d6">
         <name>.text</name>
         <load_address>0x3ce8</load_address>
         <run_address>0x3ce8</run_address>
         <size>0x2e</size>
         <input_file_ref idref="fl-ca"/>
      </object_component>
      <object_component id="oc-450">
         <name>.text:unlink</name>
         <load_address>0x3d18</load_address>
         <run_address>0x3d18</run_address>
         <size>0x2c</size>
         <input_file_ref idref="fl-fd"/>
      </object_component>
      <object_component id="oc-3f4">
         <name>.text:free_list_insert</name>
         <load_address>0x3d44</load_address>
         <run_address>0x3d44</run_address>
         <size>0x28</size>
         <input_file_ref idref="fl-d8"/>
      </object_component>
      <object_component id="oc-3b1">
         <name>.text:lseek</name>
         <load_address>0x3d6c</load_address>
         <run_address>0x3d6c</run_address>
         <size>0x28</size>
         <input_file_ref idref="fl-f5"/>
      </object_component>
      <object_component id="oc-341">
         <name>.text:write</name>
         <load_address>0x3d94</load_address>
         <run_address>0x3d94</run_address>
         <size>0x28</size>
         <input_file_ref idref="fl-dd"/>
      </object_component>
      <object_component id="oc-335">
         <name>.text:memchr</name>
         <load_address>0x3dbc</load_address>
         <run_address>0x3dbc</run_address>
         <size>0x20</size>
         <input_file_ref idref="fl-d7"/>
      </object_component>
      <object_component id="oc-3ee">
         <name>.text:free_list_remove</name>
         <load_address>0x3ddc</load_address>
         <run_address>0x3ddc</run_address>
         <size>0x1c</size>
         <input_file_ref idref="fl-d8"/>
      </object_component>
      <object_component id="oc-26a">
         <name>.text:memccpy</name>
         <load_address>0x3df8</load_address>
         <run_address>0x3df8</run_address>
         <size>0x1c</size>
         <input_file_ref idref="fl-d6"/>
      </object_component>
      <object_component id="oc-369">
         <name>.text:copysign</name>
         <load_address>0x3e14</load_address>
         <run_address>0x3e14</run_address>
         <size>0x1a</size>
         <input_file_ref idref="fl-f6"/>
      </object_component>
      <object_component id="oc-4b7">
         <name>.text:strcmp</name>
         <load_address>0x3e2e</load_address>
         <run_address>0x3e2e</run_address>
         <size>0x18</size>
         <input_file_ref idref="fl-f9"/>
      </object_component>
      <object_component id="oc-307">
         <name>.text:strchr</name>
         <load_address>0x3e46</load_address>
         <run_address>0x3e46</run_address>
         <size>0x16</size>
         <input_file_ref idref="fl-d9"/>
      </object_component>
      <object_component id="oc-c6">
         <name>.text:strcpy</name>
         <load_address>0x3e5c</load_address>
         <run_address>0x3e5c</run_address>
         <size>0x14</size>
         <input_file_ref idref="fl-da"/>
      </object_component>
      <object_component id="oc-b3">
         <name>.text:strlen</name>
         <load_address>0x3e70</load_address>
         <run_address>0x3e70</run_address>
         <size>0x14</size>
         <input_file_ref idref="fl-db"/>
      </object_component>
      <object_component id="oc-270">
         <name>.text:wcslen</name>
         <load_address>0x3e84</load_address>
         <run_address>0x3e84</run_address>
         <size>0x12</size>
         <input_file_ref idref="fl-e3"/>
      </object_component>
      <object_component id="oc-1d">
         <name>.text:decompress:none:__TI_decompress_none</name>
         <load_address>0x3e96</load_address>
         <run_address>0x3e96</run_address>
         <size>0xe</size>
         <input_file_ref idref="fl-ce"/>
      </object_component>
      <object_component id="oc-6a">
         <name>.text</name>
         <load_address>0x3ea4</load_address>
         <run_address>0x3ea4</run_address>
         <size>0xe</size>
         <input_file_ref idref="fl-3"/>
      </object_component>
      <object_component id="oc-4c">
         <name>.text:decompress:ZI:__TI_zero_init</name>
         <load_address>0x3eb2</load_address>
         <run_address>0x3eb2</run_address>
         <size>0xc</size>
         <input_file_ref idref="fl-cd"/>
      </object_component>
      <object_component id="oc-276">
         <name>.text:__aeabi_errno_addr</name>
         <load_address>0x3ec0</load_address>
         <run_address>0x3ec0</run_address>
         <size>0x8</size>
         <input_file_ref idref="fl-df"/>
      </object_component>
      <object_component id="oc-3bf">
         <name>.text:malloc</name>
         <load_address>0x3ec8</load_address>
         <run_address>0x3ec8</run_address>
         <size>0x8</size>
         <input_file_ref idref="fl-d8"/>
      </object_component>
      <object_component id="oc-1ea">
         <name>.text:_outc</name>
         <load_address>0x3ed0</load_address>
         <run_address>0x3ed0</run_address>
         <size>0x4</size>
         <input_file_ref idref="fl-be"/>
      </object_component>
      <object_component id="oc-1e4">
         <name>.text:_outs</name>
         <load_address>0x3ed4</load_address>
         <run_address>0x3ed4</run_address>
         <size>0x4</size>
         <input_file_ref idref="fl-be"/>
      </object_component>
      <object_component id="oc-9a">
         <name>.text:_system_pre_init</name>
         <load_address>0x3ed8</load_address>
         <run_address>0x3ed8</run_address>
         <size>0x4</size>
         <input_file_ref idref="fl-e9"/>
      </object_component>
      <object_component id="oc-10b">
         <name>.text:abort:abort</name>
         <load_address>0x3edc</load_address>
         <run_address>0x3edc</run_address>
         <size>0x4</size>
         <input_file_ref idref="fl-d0"/>
      </object_component>
      <object_component id="oc-2b0">
         <name>.const:.string:_ctypes_</name>
         <load_address>0x3ee0</load_address>
         <run_address>0x3ee0</run_address>
         <size>0x101</size>
         <input_file_ref idref="fl-d4"/>
      </object_component>
      <object_component id="oc-dc">
         <name>.const:DES_default</name>
         <load_address>0x3fe4</load_address>
         <run_address>0x3fe4</run_address>
         <size>0x44</size>
         <input_file_ref idref="fl-1"/>
      </object_component>
      <object_component id="oc-17e">
         <name>.const:.string:FP</name>
         <load_address>0x4028</load_address>
         <run_address>0x4028</run_address>
         <size>0x40</size>
         <input_file_ref idref="fl-1"/>
      </object_component>
      <object_component id="oc-17b">
         <name>.const:.string:IP</name>
         <load_address>0x4068</load_address>
         <run_address>0x4068</run_address>
         <size>0x40</size>
         <input_file_ref idref="fl-1"/>
      </object_component>
      <object_component id="oc-190">
         <name>.const:.string:S1</name>
         <load_address>0x40a8</load_address>
         <run_address>0x40a8</run_address>
         <size>0x40</size>
         <input_file_ref idref="fl-1"/>
      </object_component>
      <object_component id="oc-193">
         <name>.const:.string:S2</name>
         <load_address>0x40e8</load_address>
         <run_address>0x40e8</run_address>
         <size>0x40</size>
         <input_file_ref idref="fl-1"/>
      </object_component>
      <object_component id="oc-196">
         <name>.const:.string:S3</name>
         <load_address>0x4128</load_address>
         <run_address>0x4128</run_address>
         <size>0x40</size>
         <input_file_ref idref="fl-1"/>
      </object_component>
      <object_component id="oc-199">
         <name>.const:.string:S4</name>
         <load_address>0x4168</load_address>
         <run_address>0x4168</run_address>
         <size>0x40</size>
         <input_file_ref idref="fl-1"/>
      </object_component>
      <object_component id="oc-19c">
         <name>.const:.string:S5</name>
         <load_address>0x41a8</load_address>
         <run_address>0x41a8</run_address>
         <size>0x40</size>
         <input_file_ref idref="fl-1"/>
      </object_component>
      <object_component id="oc-19f">
         <name>.const:.string:S6</name>
         <load_address>0x41e8</load_address>
         <run_address>0x41e8</run_address>
         <size>0x40</size>
         <input_file_ref idref="fl-1"/>
      </object_component>
      <object_component id="oc-1a2">
         <name>.const:.string:S7</name>
         <load_address>0x4228</load_address>
         <run_address>0x4228</run_address>
         <size>0x40</size>
         <input_file_ref idref="fl-1"/>
      </object_component>
      <object_component id="oc-1a5">
         <name>.const:.string:S8</name>
         <load_address>0x4268</load_address>
         <run_address>0x4268</run_address>
         <size>0x40</size>
         <input_file_ref idref="fl-1"/>
      </object_component>
      <object_component id="oc-181">
         <name>.const:.string:PC1</name>
         <load_address>0x42a8</load_address>
         <run_address>0x42a8</run_address>
         <size>0x38</size>
         <input_file_ref idref="fl-1"/>
      </object_component>
      <object_component id="oc-18a">
         <name>.const:.string:E</name>
         <load_address>0x42e0</load_address>
         <run_address>0x42e0</run_address>
         <size>0x30</size>
         <input_file_ref idref="fl-1"/>
      </object_component>
      <object_component id="oc-184">
         <name>.const:.string:PC2</name>
         <load_address>0x4310</load_address>
         <run_address>0x4310</run_address>
         <size>0x30</size>
         <input_file_ref idref="fl-1"/>
      </object_component>
      <object_component id="oc-18d">
         <name>.const:.string:P</name>
         <load_address>0x4340</load_address>
         <run_address>0x4340</run_address>
         <size>0x20</size>
         <input_file_ref idref="fl-1"/>
      </object_component>
      <object_component id="oc-166">
         <name>.const:.string:$P$T0$1</name>
         <load_address>0x4360</load_address>
         <run_address>0x4360</run_address>
         <size>0x10</size>
         <input_file_ref idref="fl-1"/>
      </object_component>
      <object_component id="oc-187">
         <name>.const:.string:key_shifts</name>
         <load_address>0x4370</load_address>
         <run_address>0x4370</run_address>
         <size>0x10</size>
         <input_file_ref idref="fl-1"/>
      </object_component>
      <object_component id="oc-df">
         <name>.const:.string:$P$T0$1</name>
         <load_address>0x4380</load_address>
         <run_address>0x4380</run_address>
         <size>0x8</size>
         <input_file_ref idref="fl-2"/>
      </object_component>
      <object_component id="oc-4f7">
         <name>.cinit..data.load</name>
         <load_address>0x4388</load_address>
         <run_address>0x4388</run_address>
         <size>0xce</size>
      </object_component>
      <object_component id="oc-4f5">
         <name>__TI_handler_table</name>
         <load_address>0x4458</load_address>
         <run_address>0x4458</run_address>
         <size>0xc</size>
      </object_component>
      <object_component id="oc-4f8">
         <name>.cinit..bss.load</name>
         <load_address>0x4468</load_address>
         <run_address>0x4468</run_address>
         <size>0x8</size>
      </object_component>
      <object_component id="oc-4f6">
         <name>__TI_cinit_table</name>
         <load_address>0x4470</load_address>
         <run_address>0x4470</run_address>
         <size>0x10</size>
      </object_component>
      <object_component id="oc-4c9">
         <name>.binit</name>
         <load_address>0x0</load_address>
         <run_address>0x0</run_address>
         <size>0x0</size>
      </object_component>
      <object_component id="oc-bd">
         <name>.data:pulse</name>
         <load_address>0x20000bd0</load_address>
         <run_address>0x20000bd0</run_address>
         <size>0x54</size>
         <input_file_ref idref="fl-2"/>
      </object_component>
      <object_component id="oc-d4">
         <name>.data</name>
         <load_address>0x20000ca8</load_address>
         <run_address>0x20000ca8</run_address>
         <size>0x1</size>
         <input_file_ref idref="fl-2"/>
      </object_component>
      <object_component id="oc-149">
         <name>.data</name>
         <load_address>0x20000ca4</load_address>
         <run_address>0x20000ca4</run_address>
         <size>0x4</size>
         <input_file_ref idref="fl-4"/>
      </object_component>
      <object_component id="oc-1b2">
         <name>.data:$O1$$</name>
         <load_address>0x20000c84</load_address>
         <run_address>0x20000c84</run_address>
         <size>0xc</size>
         <input_file_ref idref="fl-d0"/>
      </object_component>
      <object_component id="oc-1b5">
         <name>.data:$O1$$</name>
         <load_address>0x20000c90</load_address>
         <run_address>0x20000c90</run_address>
         <size>0x8</size>
         <input_file_ref idref="fl-d1"/>
      </object_component>
      <object_component id="oc-1e1">
         <name>.data:_ftable</name>
         <load_address>0x20000a68</load_address>
         <run_address>0x20000a68</run_address>
         <size>0xf0</size>
         <input_file_ref idref="fl-d5"/>
      </object_component>
      <object_component id="oc-408">
         <name>.data</name>
         <load_address>0x20000c74</load_address>
         <run_address>0x20000c74</run_address>
         <size>0x10</size>
         <input_file_ref idref="fl-d5"/>
      </object_component>
      <object_component id="oc-43e">
         <name>.data:$O1$$</name>
         <load_address>0x20000c98</load_address>
         <run_address>0x20000c98</run_address>
         <size>0x8</size>
         <input_file_ref idref="fl-d8"/>
      </object_component>
      <object_component id="oc-3d8">
         <name>.data:_device</name>
         <load_address>0x20000b58</load_address>
         <run_address>0x20000b58</run_address>
         <size>0x78</size>
         <input_file_ref idref="fl-de"/>
      </object_component>
      <object_component id="oc-397">
         <name>.data:_stream</name>
         <load_address>0x20000c24</load_address>
         <run_address>0x20000c24</run_address>
         <size>0x50</size>
         <input_file_ref idref="fl-de"/>
      </object_component>
      <object_component id="oc-317">
         <name>.data</name>
         <load_address>0x20000ca0</load_address>
         <run_address>0x20000ca0</run_address>
         <size>0x4</size>
         <input_file_ref idref="fl-df"/>
      </object_component>
      <object_component id="oc-172">
         <name>.bss:des_key</name>
         <uninitialized>true</uninitialized>
         <run_address>0x2000063c</run_address>
         <size>0x8</size>
         <input_file_ref idref="fl-1"/>
      </object_component>
      <object_component id="oc-175">
         <name>.bss:round_key</name>
         <uninitialized>true</uninitialized>
         <run_address>0x20000544</run_address>
         <size>0x80</size>
         <input_file_ref idref="fl-1"/>
      </object_component>
      <object_component id="oc-486">
         <name>.bss:_CIOBUF_</name>
         <uninitialized>true</uninitialized>
         <run_address>0x20000384</run_address>
         <size>0x120</size>
         <input_file_ref idref="fl-f3"/>
      </object_component>
      <object_component id="oc-16f">
         <name>.common:config</name>
         <uninitialized>true</uninitialized>
         <run_address>0x200005c4</run_address>
         <size>0x44</size>
      </object_component>
      <object_component id="oc-d2">
         <name>.common:bc</name>
         <uninitialized>true</uninitialized>
         <run_address>0x20000000</run_address>
         <size>0x384</size>
      </object_component>
      <object_component id="oc-b9">
         <name>.common:x</name>
         <uninitialized>true</uninitialized>
         <run_address>0x20000666</run_address>
         <size>0x1</size>
      </object_component>
      <object_component id="oc-d8">
         <name>.common:tempBuffer</name>
         <uninitialized>true</uninitialized>
         <run_address>0x20000608</run_address>
         <size>0x34</size>
      </object_component>
      <object_component id="oc-d9">
         <name>.common:passcode</name>
         <uninitialized>true</uninitialized>
         <run_address>0x20000654</run_address>
         <size>0x8</size>
      </object_component>
      <object_component id="oc-da">
         <name>.common:message</name>
         <uninitialized>true</uninitialized>
         <run_address>0x20000644</run_address>
         <size>0x8</size>
      </object_component>
      <object_component id="oc-bc">
         <name>.common:tic</name>
         <uninitialized>true</uninitialized>
         <run_address>0x20000660</run_address>
         <size>0x4</size>
      </object_component>
      <object_component id="oc-db">
         <name>.common:i</name>
         <uninitialized>true</uninitialized>
         <run_address>0x2000065c</run_address>
         <size>0x4</size>
      </object_component>
      <object_component id="oc-d7">
         <name>.common:LIMIT</name>
         <uninitialized>true</uninitialized>
         <run_address>0x20000664</run_address>
         <size>0x1</size>
      </object_component>
      <object_component id="oc-d3">
         <name>.common:ServoMotor</name>
         <uninitialized>true</uninitialized>
         <run_address>0x20000665</run_address>
         <size>0x1</size>
      </object_component>
      <object_component id="oc-456">
         <name>.common:__TI_tmpnams</name>
         <uninitialized>true</uninitialized>
         <run_address>0x200004a4</run_address>
         <size>0xa0</size>
      </object_component>
      <object_component id="oc-467">
         <name>.common:parmbuf</name>
         <uninitialized>true</uninitialized>
         <run_address>0x2000064c</run_address>
         <size>0x8</size>
      </object_component>
      <object_component id="oc-29">
         <name>.sysmem</name>
         <uninitialized>true</uninitialized>
         <run_address>0x20000668</run_address>
         <size>0x10</size>
         <input_file_ref idref="fl-d8"/>
      </object_component>
      <object_component id="oc-4fb">
         <name>.sysmem</name>
         <uninitialized>true</uninitialized>
         <run_address>0x20000668</run_address>
         <size>0x0</size>
      </object_component>
      <object_component id="oc-2c">
         <name>.stack</name>
         <uninitialized>true</uninitialized>
         <run_address>0x2000fe00</run_address>
         <size>0x4</size>
         <input_file_ref idref="fl-e0"/>
      </object_component>
      <object_component id="oc-4fa">
         <name>.stack</name>
         <uninitialized>true</uninitialized>
         <run_address>0x2000fe00</run_address>
         <size>0x0</size>
      </object_component>
      <object_component id="oc-170">
         <name>.debug_info</name>
         <load_address>0x0</load_address>
         <run_address>0x0</run_address>
         <size>0x3b1</size>
         <input_file_ref idref="fl-1"/>
      </object_component>
      <object_component id="oc-173">
         <name>.debug_info</name>
         <load_address>0x3b1</load_address>
         <run_address>0x3b1</run_address>
         <size>0xd6</size>
         <input_file_ref idref="fl-1"/>
      </object_component>
      <object_component id="oc-176">
         <name>.debug_info</name>
         <load_address>0x487</load_address>
         <run_address>0x487</run_address>
         <size>0xda</size>
         <input_file_ref idref="fl-1"/>
      </object_component>
      <object_component id="oc-182">
         <name>.debug_info</name>
         <load_address>0x561</load_address>
         <run_address>0x561</run_address>
         <size>0xce</size>
         <input_file_ref idref="fl-1"/>
      </object_component>
      <object_component id="oc-185">
         <name>.debug_info</name>
         <load_address>0x62f</load_address>
         <run_address>0x62f</run_address>
         <size>0xce</size>
         <input_file_ref idref="fl-1"/>
      </object_component>
      <object_component id="oc-188">
         <name>.debug_info</name>
         <load_address>0x6fd</load_address>
         <run_address>0x6fd</run_address>
         <size>0xdc</size>
         <input_file_ref idref="fl-1"/>
      </object_component>
      <object_component id="oc-17c">
         <name>.debug_info</name>
         <load_address>0x7d9</load_address>
         <run_address>0x7d9</run_address>
         <size>0xcc</size>
         <input_file_ref idref="fl-1"/>
      </object_component>
      <object_component id="oc-17f">
         <name>.debug_info</name>
         <load_address>0x8a5</load_address>
         <run_address>0x8a5</run_address>
         <size>0xcc</size>
         <input_file_ref idref="fl-1"/>
      </object_component>
      <object_component id="oc-18b">
         <name>.debug_info</name>
         <load_address>0x971</load_address>
         <run_address>0x971</run_address>
         <size>0xca</size>
         <input_file_ref idref="fl-1"/>
      </object_component>
      <object_component id="oc-191">
         <name>.debug_info</name>
         <load_address>0xa3b</load_address>
         <run_address>0xa3b</run_address>
         <size>0xcc</size>
         <input_file_ref idref="fl-1"/>
      </object_component>
      <object_component id="oc-194">
         <name>.debug_info</name>
         <load_address>0xb07</load_address>
         <run_address>0xb07</run_address>
         <size>0xcc</size>
         <input_file_ref idref="fl-1"/>
      </object_component>
      <object_component id="oc-197">
         <name>.debug_info</name>
         <load_address>0xbd3</load_address>
         <run_address>0xbd3</run_address>
         <size>0xcc</size>
         <input_file_ref idref="fl-1"/>
      </object_component>
      <object_component id="oc-19a">
         <name>.debug_info</name>
         <load_address>0xc9f</load_address>
         <run_address>0xc9f</run_address>
         <size>0xcc</size>
         <input_file_ref idref="fl-1"/>
      </object_component>
      <object_component id="oc-19d">
         <name>.debug_info</name>
         <load_address>0xd6b</load_address>
         <run_address>0xd6b</run_address>
         <size>0xcc</size>
         <input_file_ref idref="fl-1"/>
      </object_component>
      <object_component id="oc-1a0">
         <name>.debug_info</name>
         <load_address>0xe37</load_address>
         <run_address>0xe37</run_address>
         <size>0xcc</size>
         <input_file_ref idref="fl-1"/>
      </object_component>
      <object_component id="oc-1a3">
         <name>.debug_info</name>
         <load_address>0xf03</load_address>
         <run_address>0xf03</run_address>
         <size>0xcc</size>
         <input_file_ref idref="fl-1"/>
      </object_component>
      <object_component id="oc-1a6">
         <name>.debug_info</name>
         <load_address>0xfcf</load_address>
         <run_address>0xfcf</run_address>
         <size>0xcc</size>
         <input_file_ref idref="fl-1"/>
      </object_component>
      <object_component id="oc-18e">
         <name>.debug_info</name>
         <load_address>0x109b</load_address>
         <run_address>0x109b</run_address>
         <size>0xca</size>
         <input_file_ref idref="fl-1"/>
      </object_component>
      <object_component id="oc-dd">
         <name>.debug_info</name>
         <load_address>0x1165</load_address>
         <run_address>0x1165</run_address>
         <size>0xdf</size>
         <input_file_ref idref="fl-1"/>
      </object_component>
      <object_component id="oc-167">
         <name>.debug_info</name>
         <load_address>0x1244</load_address>
         <run_address>0x1244</run_address>
         <size>0xd6</size>
         <input_file_ref idref="fl-1"/>
      </object_component>
      <object_component id="oc-cd">
         <name>.debug_info</name>
         <load_address>0x131a</load_address>
         <run_address>0x131a</run_address>
         <size>0xd49</size>
         <input_file_ref idref="fl-1"/>
      </object_component>
      <object_component id="oc-e3">
         <name>.debug_info</name>
         <load_address>0x2063</load_address>
         <run_address>0x2063</run_address>
         <size>0x1fa</size>
         <input_file_ref idref="fl-1"/>
      </object_component>
      <object_component id="oc-ea">
         <name>.debug_info</name>
         <load_address>0x225d</load_address>
         <run_address>0x225d</run_address>
         <size>0x26b</size>
         <input_file_ref idref="fl-1"/>
      </object_component>
      <object_component id="oc-35">
         <name>.debug_info</name>
         <load_address>0x24c8</load_address>
         <run_address>0x24c8</run_address>
         <size>0x84</size>
         <input_file_ref idref="fl-1"/>
      </object_component>
      <object_component id="oc-1ac">
         <name>.debug_info</name>
         <load_address>0x254c</load_address>
         <run_address>0x254c</run_address>
         <size>0x2a4</size>
         <input_file_ref idref="fl-1"/>
      </object_component>
      <object_component id="oc-14d">
         <name>.debug_info</name>
         <load_address>0x27f0</load_address>
         <run_address>0x27f0</run_address>
         <size>0xbb</size>
         <input_file_ref idref="fl-1"/>
      </object_component>
      <object_component id="oc-1f9">
         <name>.debug_info</name>
         <load_address>0x28ab</load_address>
         <run_address>0x28ab</run_address>
         <size>0xcc</size>
         <input_file_ref idref="fl-1"/>
      </object_component>
      <object_component id="oc-1f2">
         <name>.debug_info</name>
         <load_address>0x2977</load_address>
         <run_address>0x2977</run_address>
         <size>0x2c</size>
         <input_file_ref idref="fl-1"/>
      </object_component>
      <object_component id="oc-ba">
         <name>.debug_info</name>
         <load_address>0x29a3</load_address>
         <run_address>0x29a3</run_address>
         <size>0x7f7</size>
         <input_file_ref idref="fl-2"/>
      </object_component>
      <object_component id="oc-be">
         <name>.debug_info</name>
         <load_address>0x319a</load_address>
         <run_address>0x319a</run_address>
         <size>0xd4</size>
         <input_file_ref idref="fl-2"/>
      </object_component>
      <object_component id="oc-d5">
         <name>.debug_info</name>
         <load_address>0x326e</load_address>
         <run_address>0x326e</run_address>
         <size>0xde</size>
         <input_file_ref idref="fl-2"/>
      </object_component>
      <object_component id="oc-e0">
         <name>.debug_info</name>
         <load_address>0x334c</load_address>
         <run_address>0x334c</run_address>
         <size>0xd8</size>
         <input_file_ref idref="fl-2"/>
      </object_component>
      <object_component id="oc-71">
         <name>.debug_info</name>
         <load_address>0x3424</load_address>
         <run_address>0x3424</run_address>
         <size>0xa8d</size>
         <input_file_ref idref="fl-2"/>
      </object_component>
      <object_component id="oc-156">
         <name>.debug_info</name>
         <load_address>0x3eb1</load_address>
         <run_address>0x3eb1</run_address>
         <size>0x37e2</size>
         <input_file_ref idref="fl-2"/>
      </object_component>
      <object_component id="oc-15b">
         <name>.debug_info</name>
         <load_address>0x7693</load_address>
         <run_address>0x7693</run_address>
         <size>0x1055</size>
         <input_file_ref idref="fl-2"/>
      </object_component>
      <object_component id="oc-102">
         <name>.debug_info</name>
         <load_address>0x86e8</load_address>
         <run_address>0x86e8</run_address>
         <size>0x2c</size>
         <input_file_ref idref="fl-2"/>
      </object_component>
      <object_component id="oc-78">
         <name>.debug_info</name>
         <load_address>0x8714</load_address>
         <run_address>0x8714</run_address>
         <size>0x2d1</size>
         <input_file_ref idref="fl-3"/>
      </object_component>
      <object_component id="oc-27">
         <name>.debug_info</name>
         <load_address>0x89e5</load_address>
         <run_address>0x89e5</run_address>
         <size>0xfd</size>
         <input_file_ref idref="fl-3"/>
      </object_component>
      <object_component id="oc-6b">
         <name>.debug_info</name>
         <load_address>0x8ae2</load_address>
         <run_address>0x8ae2</run_address>
         <size>0x1c4</size>
         <input_file_ref idref="fl-3"/>
      </object_component>
      <object_component id="oc-14a">
         <name>.debug_info</name>
         <load_address>0x8ca6</load_address>
         <run_address>0x8ca6</run_address>
         <size>0xf6</size>
         <input_file_ref idref="fl-4"/>
      </object_component>
      <object_component id="oc-ad">
         <name>.debug_info</name>
         <load_address>0x8d9c</load_address>
         <run_address>0x8d9c</run_address>
         <size>0x268</size>
         <input_file_ref idref="fl-4"/>
      </object_component>
      <object_component id="oc-1f1">
         <name>.debug_info</name>
         <load_address>0x9004</load_address>
         <run_address>0x9004</run_address>
         <size>0x3e5</size>
         <input_file_ref idref="fl-be"/>
      </object_component>
      <object_component id="oc-1eb">
         <name>.debug_info</name>
         <load_address>0x93e9</load_address>
         <run_address>0x93e9</run_address>
         <size>0x157</size>
         <input_file_ref idref="fl-be"/>
      </object_component>
      <object_component id="oc-1e5">
         <name>.debug_info</name>
         <load_address>0x9540</load_address>
         <run_address>0x9540</run_address>
         <size>0x166</size>
         <input_file_ref idref="fl-be"/>
      </object_component>
      <object_component id="oc-16a">
         <name>.debug_info</name>
         <load_address>0x96a6</load_address>
         <run_address>0x96a6</run_address>
         <size>0x1ac</size>
         <input_file_ref idref="fl-be"/>
      </object_component>
      <object_component id="oc-29c">
         <name>.debug_info</name>
         <load_address>0x9852</load_address>
         <run_address>0x9852</run_address>
         <size>0xb2</size>
         <input_file_ref idref="fl-be"/>
      </object_component>
      <object_component id="oc-27d">
         <name>.debug_info</name>
         <load_address>0x9904</load_address>
         <run_address>0x9904</run_address>
         <size>0x590</size>
         <input_file_ref idref="fl-bf"/>
      </object_component>
      <object_component id="oc-249">
         <name>.debug_info</name>
         <load_address>0x9e94</load_address>
         <run_address>0x9e94</run_address>
         <size>0x21e</size>
         <input_file_ref idref="fl-bf"/>
      </object_component>
      <object_component id="oc-2e2">
         <name>.debug_info</name>
         <load_address>0xa0b2</load_address>
         <run_address>0xa0b2</run_address>
         <size>0x1b3</size>
         <input_file_ref idref="fl-bf"/>
      </object_component>
      <object_component id="oc-2e8">
         <name>.debug_info</name>
         <load_address>0xa265</load_address>
         <run_address>0xa265</run_address>
         <size>0x21b</size>
         <input_file_ref idref="fl-bf"/>
      </object_component>
      <object_component id="oc-254">
         <name>.debug_info</name>
         <load_address>0xa480</load_address>
         <run_address>0xa480</run_address>
         <size>0x3c0</size>
         <input_file_ref idref="fl-bf"/>
      </object_component>
      <object_component id="oc-2ef">
         <name>.debug_info</name>
         <load_address>0xa840</load_address>
         <run_address>0xa840</run_address>
         <size>0x30a</size>
         <input_file_ref idref="fl-bf"/>
      </object_component>
      <object_component id="oc-2f5">
         <name>.debug_info</name>
         <load_address>0xab4a</load_address>
         <run_address>0xab4a</run_address>
         <size>0x215</size>
         <input_file_ref idref="fl-bf"/>
      </object_component>
      <object_component id="oc-25a">
         <name>.debug_info</name>
         <load_address>0xad5f</load_address>
         <run_address>0xad5f</run_address>
         <size>0x215</size>
         <input_file_ref idref="fl-bf"/>
      </object_component>
      <object_component id="oc-260">
         <name>.debug_info</name>
         <load_address>0xaf74</load_address>
         <run_address>0xaf74</run_address>
         <size>0x304</size>
         <input_file_ref idref="fl-bf"/>
      </object_component>
      <object_component id="oc-266">
         <name>.debug_info</name>
         <load_address>0xb278</load_address>
         <run_address>0xb278</run_address>
         <size>0x4b5</size>
         <input_file_ref idref="fl-bf"/>
      </object_component>
      <object_component id="oc-1dd">
         <name>.debug_info</name>
         <load_address>0xb72d</load_address>
         <run_address>0xb72d</run_address>
         <size>0x5f4</size>
         <input_file_ref idref="fl-bf"/>
      </object_component>
      <object_component id="oc-27e">
         <name>.debug_info</name>
         <load_address>0xbd21</load_address>
         <run_address>0xbd21</run_address>
         <size>0x86</size>
         <input_file_ref idref="fl-bf"/>
      </object_component>
      <object_component id="oc-323">
         <name>.debug_info</name>
         <load_address>0xbda7</load_address>
         <run_address>0xbda7</run_address>
         <size>0x39</size>
         <input_file_ref idref="fl-bf"/>
      </object_component>
      <object_component id="oc-380">
         <name>.debug_info</name>
         <load_address>0xbde0</load_address>
         <run_address>0xbde0</run_address>
         <size>0xb6</size>
         <input_file_ref idref="fl-bf"/>
      </object_component>
      <object_component id="oc-328">
         <name>.debug_info</name>
         <load_address>0xbe96</load_address>
         <run_address>0xbe96</run_address>
         <size>0x46</size>
         <input_file_ref idref="fl-bf"/>
      </object_component>
      <object_component id="oc-283">
         <name>.debug_info</name>
         <load_address>0xbedc</load_address>
         <run_address>0xbedc</run_address>
         <size>0x46</size>
         <input_file_ref idref="fl-bf"/>
      </object_component>
      <object_component id="oc-31e">
         <name>.debug_info</name>
         <load_address>0xbf22</load_address>
         <run_address>0xbf22</run_address>
         <size>0x2c</size>
         <input_file_ref idref="fl-bf"/>
      </object_component>
      <object_component id="oc-34a">
         <name>.debug_info</name>
         <load_address>0xbf4e</load_address>
         <run_address>0xbf4e</run_address>
         <size>0x383</size>
         <input_file_ref idref="fl-c0"/>
      </object_component>
      <object_component id="oc-294">
         <name>.debug_info</name>
         <load_address>0xc2d1</load_address>
         <run_address>0xc2d1</run_address>
         <size>0x1ea</size>
         <input_file_ref idref="fl-c0"/>
      </object_component>
      <object_component id="oc-348">
         <name>.debug_info</name>
         <load_address>0xc4bb</load_address>
         <run_address>0xc4bb</run_address>
         <size>0x3fc</size>
         <input_file_ref idref="fl-c1"/>
      </object_component>
      <object_component id="oc-28d">
         <name>.debug_info</name>
         <load_address>0xc8b7</load_address>
         <run_address>0xc8b7</run_address>
         <size>0x2e2</size>
         <input_file_ref idref="fl-c1"/>
      </object_component>
      <object_component id="oc-392">
         <name>.debug_info</name>
         <load_address>0xcb99</load_address>
         <run_address>0xcb99</run_address>
         <size>0x300</size>
         <input_file_ref idref="fl-c2"/>
      </object_component>
      <object_component id="oc-330">
         <name>.debug_info</name>
         <load_address>0xce99</load_address>
         <run_address>0xce99</run_address>
         <size>0x19c</size>
         <input_file_ref idref="fl-c2"/>
      </object_component>
      <object_component id="oc-3cd">
         <name>.debug_info</name>
         <load_address>0xd035</load_address>
         <run_address>0xd035</run_address>
         <size>0xbf</size>
         <input_file_ref idref="fl-c2"/>
      </object_component>
      <object_component id="oc-3cc">
         <name>.debug_info</name>
         <load_address>0xd0f4</load_address>
         <run_address>0xd0f4</run_address>
         <size>0x374</size>
         <input_file_ref idref="fl-c3"/>
      </object_component>
      <object_component id="oc-38c">
         <name>.debug_info</name>
         <load_address>0xd468</load_address>
         <run_address>0xd468</run_address>
         <size>0x20b</size>
         <input_file_ref idref="fl-c3"/>
      </object_component>
      <object_component id="oc-95">
         <name>.debug_info</name>
         <load_address>0xd673</load_address>
         <run_address>0xd673</run_address>
         <size>0x147</size>
         <input_file_ref idref="fl-c4"/>
      </object_component>
      <object_component id="oc-2dc">
         <name>.debug_info</name>
         <load_address>0xd7ba</load_address>
         <run_address>0xd7ba</run_address>
         <size>0x14c</size>
         <input_file_ref idref="fl-c5"/>
      </object_component>
      <object_component id="oc-24e">
         <name>.debug_info</name>
         <load_address>0xd906</load_address>
         <run_address>0xd906</run_address>
         <size>0x128</size>
         <input_file_ref idref="fl-c6"/>
      </object_component>
      <object_component id="oc-2c7">
         <name>.debug_info</name>
         <load_address>0xda2e</load_address>
         <run_address>0xda2e</run_address>
         <size>0x12a</size>
         <input_file_ref idref="fl-c6"/>
      </object_component>
      <object_component id="oc-2c2">
         <name>.debug_info</name>
         <load_address>0xdb58</load_address>
         <run_address>0xdb58</run_address>
         <size>0x13a</size>
         <input_file_ref idref="fl-c7"/>
      </object_component>
      <object_component id="oc-2bd">
         <name>.debug_info</name>
         <load_address>0xdc92</load_address>
         <run_address>0xdc92</run_address>
         <size>0x13a</size>
         <input_file_ref idref="fl-c8"/>
      </object_component>
      <object_component id="oc-2cc">
         <name>.debug_info</name>
         <load_address>0xddcc</load_address>
         <run_address>0xddcc</run_address>
         <size>0x12e</size>
         <input_file_ref idref="fl-c9"/>
      </object_component>
      <object_component id="oc-2d7">
         <name>.debug_info</name>
         <load_address>0xdefa</load_address>
         <run_address>0xdefa</run_address>
         <size>0x12c</size>
         <input_file_ref idref="fl-ca"/>
      </object_component>
      <object_component id="oc-3b">
         <name>.debug_info</name>
         <load_address>0xe026</load_address>
         <run_address>0xe026</run_address>
         <size>0x119</size>
         <input_file_ref idref="fl-cb"/>
      </object_component>
      <object_component id="oc-2b6">
         <name>.debug_info</name>
         <load_address>0xe13f</load_address>
         <run_address>0xe13f</run_address>
         <size>0x134</size>
         <input_file_ref idref="fl-cc"/>
      </object_component>
      <object_component id="oc-93">
         <name>.debug_info</name>
         <load_address>0xe273</load_address>
         <run_address>0xe273</run_address>
         <size>0x2d4</size>
         <input_file_ref idref="fl-cd"/>
      </object_component>
      <object_component id="oc-4d">
         <name>.debug_info</name>
         <load_address>0xe547</load_address>
         <run_address>0xe547</run_address>
         <size>0x1b5</size>
         <input_file_ref idref="fl-cd"/>
      </object_component>
      <object_component id="oc-8e">
         <name>.debug_info</name>
         <load_address>0xe6fc</load_address>
         <run_address>0xe6fc</run_address>
         <size>0x46</size>
         <input_file_ref idref="fl-cd"/>
      </object_component>
      <object_component id="oc-45">
         <name>.debug_info</name>
         <load_address>0xe742</load_address>
         <run_address>0xe742</run_address>
         <size>0x2a8</size>
         <input_file_ref idref="fl-ce"/>
      </object_component>
      <object_component id="oc-1f">
         <name>.debug_info</name>
         <load_address>0xe9ea</load_address>
         <run_address>0xe9ea</run_address>
         <size>0x1ea</size>
         <input_file_ref idref="fl-ce"/>
      </object_component>
      <object_component id="oc-40">
         <name>.debug_info</name>
         <load_address>0xebd4</load_address>
         <run_address>0xebd4</run_address>
         <size>0x46</size>
         <input_file_ref idref="fl-ce"/>
      </object_component>
      <object_component id="oc-86">
         <name>.debug_info</name>
         <load_address>0xec1a</load_address>
         <run_address>0xec1a</run_address>
         <size>0x2c</size>
         <input_file_ref idref="fl-ce"/>
      </object_component>
      <object_component id="oc-84">
         <name>.debug_info</name>
         <load_address>0xec46</load_address>
         <run_address>0xec46</run_address>
         <size>0x29e</size>
         <input_file_ref idref="fl-cf"/>
      </object_component>
      <object_component id="oc-18">
         <name>.debug_info</name>
         <load_address>0xeee4</load_address>
         <run_address>0xeee4</run_address>
         <size>0x250</size>
         <input_file_ref idref="fl-cf"/>
      </object_component>
      <object_component id="oc-30">
         <name>.debug_info</name>
         <load_address>0xf134</load_address>
         <run_address>0xf134</run_address>
         <size>0x60</size>
         <input_file_ref idref="fl-cf"/>
      </object_component>
      <object_component id="oc-fb">
         <name>.debug_info</name>
         <load_address>0xf194</load_address>
         <run_address>0xf194</run_address>
         <size>0x46</size>
         <input_file_ref idref="fl-cf"/>
      </object_component>
      <object_component id="oc-7f">
         <name>.debug_info</name>
         <load_address>0xf1da</load_address>
         <run_address>0xf1da</run_address>
         <size>0x39</size>
         <input_file_ref idref="fl-cf"/>
      </object_component>
      <object_component id="oc-1b9">
         <name>.debug_info</name>
         <load_address>0xf213</load_address>
         <run_address>0xf213</run_address>
         <size>0x3ad</size>
         <input_file_ref idref="fl-d0"/>
      </object_component>
      <object_component id="oc-1b3">
         <name>.debug_info</name>
         <load_address>0xf5c0</load_address>
         <run_address>0xf5c0</run_address>
         <size>0x190</size>
         <input_file_ref idref="fl-d0"/>
      </object_component>
      <object_component id="oc-10c">
         <name>.debug_info</name>
         <load_address>0xf750</load_address>
         <run_address>0xf750</run_address>
         <size>0x122</size>
         <input_file_ref idref="fl-d0"/>
      </object_component>
      <object_component id="oc-112">
         <name>.debug_info</name>
         <load_address>0xf872</load_address>
         <run_address>0xf872</run_address>
         <size>0x184</size>
         <input_file_ref idref="fl-d0"/>
      </object_component>
      <object_component id="oc-22a">
         <name>.debug_info</name>
         <load_address>0xf9f6</load_address>
         <run_address>0xf9f6</run_address>
         <size>0x2c9</size>
         <input_file_ref idref="fl-d1"/>
      </object_component>
      <object_component id="oc-1b6">
         <name>.debug_info</name>
         <load_address>0xfcbf</load_address>
         <run_address>0xfcbf</run_address>
         <size>0x11e</size>
         <input_file_ref idref="fl-d1"/>
      </object_component>
      <object_component id="oc-223">
         <name>.debug_info</name>
         <load_address>0xfddd</load_address>
         <run_address>0xfddd</run_address>
         <size>0x12e</size>
         <input_file_ref idref="fl-d1"/>
      </object_component>
      <object_component id="oc-35b">
         <name>.debug_info</name>
         <load_address>0xff0b</load_address>
         <run_address>0xff0b</run_address>
         <size>0x29c</size>
         <input_file_ref idref="fl-d2"/>
      </object_component>
      <object_component id="oc-2d1">
         <name>.debug_info</name>
         <load_address>0x101a7</load_address>
         <run_address>0x101a7</run_address>
         <size>0x1da</size>
         <input_file_ref idref="fl-d2"/>
      </object_component>
      <object_component id="oc-2b4">
         <name>.debug_info</name>
         <load_address>0x10381</load_address>
         <run_address>0x10381</run_address>
         <size>0x2b9</size>
         <input_file_ref idref="fl-d3"/>
      </object_component>
      <object_component id="oc-242">
         <name>.debug_info</name>
         <load_address>0x1063a</load_address>
         <run_address>0x1063a</run_address>
         <size>0x17c</size>
         <input_file_ref idref="fl-d3"/>
      </object_component>
      <object_component id="oc-34d">
         <name>.debug_info</name>
         <load_address>0x107b6</load_address>
         <run_address>0x107b6</run_address>
         <size>0xf9</size>
         <input_file_ref idref="fl-d4"/>
      </object_component>
      <object_component id="oc-2b1">
         <name>.debug_info</name>
         <load_address>0x108af</load_address>
         <run_address>0x108af</run_address>
         <size>0x105</size>
         <input_file_ref idref="fl-d4"/>
      </object_component>
      <object_component id="oc-28a">
         <name>.debug_info</name>
         <load_address>0x109b4</load_address>
         <run_address>0x109b4</run_address>
         <size>0x144</size>
         <input_file_ref idref="fl-d5"/>
      </object_component>
      <object_component id="oc-1e2">
         <name>.debug_info</name>
         <load_address>0x10af8</load_address>
         <run_address>0x10af8</run_address>
         <size>0x102</size>
         <input_file_ref idref="fl-d5"/>
      </object_component>
      <object_component id="oc-409">
         <name>.debug_info</name>
         <load_address>0x10bfa</load_address>
         <run_address>0x10bfa</run_address>
[...]
         <object_component_ref idref="oc-94"/>
      </symbol>
      <symbol id="sm-4c5">
         <name>__aeabi_dsub</name>
         <value>0x2345</value>
         <object_component_ref idref="oc-2db"/>
      </symbol>
      <symbol id="sm-4c6">
         <name>__aeabi_dadd</name>
         <value>0x234f</value>
         <object_component_ref idref="oc-2db"/>
      </symbol>
      <symbol id="sm-4e8">
         <name>__aeabi_cdcmpeq</name>
         <value>0x30ed</value>
         <object_component_ref idref="oc-24d"/>
      </symbol>
      <symbol id="sm-4e9">
         <name>__aeabi_cdcmple</name>
         <value>0x30ed</value>
         <object_component_ref idref="oc-24d"/>
      </symbol>
      <symbol id="sm-4ea">
         <name>__aeabi_cdrcmple</name>
         <value>0x3173</value>
         <object_component_ref idref="oc-2c6"/>
      </symbol>
      <symbol id="sm-4fe">
         <name>__aeabi_ddiv</name>
         <value>0x2639</value>
         <object_component_ref idref="oc-2c1"/>
      </symbol>
      <symbol id="sm-509">
         <name>__aeabi_dmul</name>
         <value>0x2bc1</value>
         <object_component_ref idref="oc-2bc"/>
      </symbol>
      <symbol id="sm-513">
         <name>__aeabi_d2iz</name>
         <value>0x39e1</value>
         <object_component_ref idref="oc-2cb"/>
      </symbol>
      <symbol id="sm-51d">
         <name>__aeabi_i2d</name>
         <value>0x3ce9</value>
         <object_component_ref idref="oc-2d6"/>
      </symbol>
      <symbol id="sm-538">
         <name>memcpy</name>
         <value>0x2f2f</value>
         <object_component_ref idref="oc-3a"/>
      </symbol>
      <symbol id="sm-539">
         <name>__aeabi_memcpy</name>
         <value>0x2f2f</value>
         <object_component_ref idref="oc-3a"/>
      </symbol>
      <symbol id="sm-53a">
         <name>__aeabi_memcpy8</name>
         <value>0x2f2f</value>
         <object_component_ref idref="oc-3a"/>
      </symbol>
      <symbol id="sm-53b">
         <name>__aeabi_memcpy4</name>
         <value>0x2f2f</value>
         <object_component_ref idref="oc-3a"/>
      </symbol>
      <symbol id="sm-548">
         <name>__aeabi_uldivmod</name>
         <value>0x2fcb</value>
         <object_component_ref idref="oc-2b5"/>
      </symbol>
      <symbol id="sm-55a">
         <name>__TI_zero_init</name>
         <value>0x3eb3</value>
         <object_component_ref idref="oc-4c"/>
      </symbol>
      <symbol id="sm-571">
         <name>__TI_decompress_none</name>
         <value>0x3e97</value>
         <object_component_ref idref="oc-1d"/>
      </symbol>
      <symbol id="sm-594">
         <name>__TI_decompress_lzss</name>
         <value>0x349d</value>
         <object_component_ref idref="oc-17"/>
      </symbol>
      <symbol id="sm-5ba">
         <name>C$$EXIT</name>
         <value>0x3edd</value>
         <object_component_ref idref="oc-10b"/>
      </symbol>
      <symbol id="sm-5bb">
         <name>abort</name>
         <value>0x3edd</value>
         <object_component_ref idref="oc-10b"/>
      </symbol>
      <symbol id="sm-5bc">
         <name>__TI_dtors_ptr</name>
         <value>0x20000c88</value>
         <object_component_ref idref="oc-1b2"/>
      </symbol>
      <symbol id="sm-5bd">
         <name>__TI_cleanup_ptr</name>
         <value>0x20000c84</value>
         <object_component_ref idref="oc-1b2"/>
      </symbol>
      <symbol id="sm-5be">
         <name>__TI_enable_exit_profile_output</name>
         <value>0x20000c8c</value>
         <object_component_ref idref="oc-1b2"/>
      </symbol>
      <symbol id="sm-5bf">
         <name>exit</name>
         <value>0x3999</value>
         <object_component_ref idref="oc-111"/>
      </symbol>
      <symbol id="sm-5d4">
         <name>_nop</name>
         <value>0xb33</value>
         <object_component_ref idref="oc-222"/>
      </symbol>
      <symbol id="sm-5d5">
         <name>_lock</name>
         <value>0x20000c90</value>
         <object_component_ref idref="oc-1b5"/>
      </symbol>
      <symbol id="sm-5d6">
         <name>_unlock</name>
         <value>0x20000c94</value>
         <object_component_ref idref="oc-1b5"/>
      </symbol>
      <symbol id="sm-5e5">
         <name>__TI_ltoa</name>
         <value>0x385b</value>
         <object_component_ref idref="oc-2d0"/>
      </symbol>
      <symbol id="sm-5fb">
         <name>atoi</name>
         <value>0x394d</value>
         <object_component_ref idref="oc-241"/>
      </symbol>
      <symbol id="sm-606">
         <name>_ctypes_</name>
         <value>0x3ee0</value>
         <object_component_ref idref="oc-2b0"/>
      </symbol>
      <symbol id="sm-61b">
         <name>__TI_tmpnams</name>
         <value>0x200004a4</value>
      </symbol>
      <symbol id="sm-61c">
         <name>__aeabi_stdout</name>
         <value>0x20000c7c</value>
         <object_component_ref idref="oc-408"/>
      </symbol>
      <symbol id="sm-61d">
         <name>__aeabi_stderr</name>
         <value>0x20000c80</value>
         <object_component_ref idref="oc-408"/>
      </symbol>
      <symbol id="sm-61e">
         <name>__aeabi_stdin</name>
         <value>0x20000c78</value>
         <object_component_ref idref="oc-408"/>
      </symbol>
      <symbol id="sm-61f">
         <name>_ftable</name>
         <value>0x20000a68</value>
         <object_component_ref idref="oc-1e1"/>
      </symbol>
      <symbol id="sm-620">
         <name>__TI_ft_end</name>
         <value>0x20000c74</value>
         <object_component_ref idref="oc-408"/>
      </symbol>
      <symbol id="sm-630">
         <name>memccpy</name>
         <value>0x3df9</value>
         <object_component_ref idref="oc-26a"/>
      </symbol>
      <symbol id="sm-640">
         <name>memchr</name>
         <value>0x3dbd</value>
         <object_component_ref idref="oc-335"/>
      </symbol>
      <symbol id="sm-6c9">
         <name>_sys_memory</name>
         <value>0x20000668</value>
         <object_component_ref idref="oc-29"/>
      </symbol>
      <symbol id="sm-6ca">
         <name>free</name>
         <value>0x2cbd</value>
         <object_component_ref idref="oc-3b9"/>
      </symbol>
      <symbol id="sm-6cb">
         <name>memalign</name>
         <value>0x2ab9</value>
         <object_component_ref idref="oc-3fb"/>
      </symbol>
      <symbol id="sm-6cc">
         <name>malloc</name>
         <value>0x3ec9</value>
         <object_component_ref idref="oc-3bf"/>
      </symbol>
      <symbol id="sm-6cd">
         <name>aligned_alloc</name>
         <value>0x2ab9</value>
         <object_component_ref idref="oc-3fb"/>
      </symbol>
      <symbol id="sm-6dd">
         <name>strchr</name>
         <value>0x3e47</value>
         <object_component_ref idref="oc-307"/>
      </symbol>
      <symbol id="sm-6eb">
         <name>strcpy</name>
         <value>0x3e5d</value>
         <object_component_ref idref="oc-c6"/>
      </symbol>
      <symbol id="sm-6f9">
         <name>strlen</name>
         <value>0x3e71</value>
         <object_component_ref idref="oc-b3"/>
      </symbol>
      <symbol id="sm-70c">
         <name>strstr</name>
         <value>0x3c85</value>
         <object_component_ref idref="oc-c0"/>
      </symbol>
      <symbol id="sm-726">
         <name>write</name>
         <value>0x3d95</value>
         <object_component_ref idref="oc-341"/>
      </symbol>
      <symbol id="sm-737">
         <name>_stream</name>
         <value>0x20000c24</value>
         <object_component_ref idref="oc-397"/>
      </symbol>
      <symbol id="sm-738">
         <name>_device</name>
         <value>0x20000b58</value>
         <object_component_ref idref="oc-3d8"/>
      </symbol>
      <symbol id="sm-74e">
         <name>__aeabi_errno_addr</name>
         <value>0x3ec1</value>
         <object_component_ref idref="oc-276"/>
      </symbol>
      <symbol id="sm-74f">
         <name>errno</name>
         <value>0x20000ca0</value>
         <object_component_ref idref="oc-317"/>
      </symbol>
      <symbol id="sm-762">
         <name>__stack</name>
         <value>0x2000fe00</value>
         <object_component_ref idref="oc-2c"/>
      </symbol>
      <symbol id="sm-763">
         <name>_c_int00_noargs</name>
         <value>0x3c51</value>
         <object_component_ref idref="oc-58"/>
      </symbol>
      <symbol id="sm-783">
         <name>frexpl</name>
         <value>0x356d</value>
         <object_component_ref idref="oc-2fb"/>
      </symbol>
      <symbol id="sm-784">
         <name>frexp</name>
         <value>0x356d</value>
         <object_component_ref idref="oc-2fb"/>
      </symbol>
      <symbol id="sm-7a1">
         <name>scalbn</name>
         <value>0x29a9</value>
         <object_component_ref idref="oc-301"/>
      </symbol>
      <symbol id="sm-7a2">
         <name>scalbnl</name>
         <value>0x29a9</value>
         <object_component_ref idref="oc-301"/>
      </symbol>
      <symbol id="sm-7a3">
         <name>ldexpl</name>
         <value>0x29a9</value>
         <object_component_ref idref="oc-301"/>
      </symbol>
      <symbol id="sm-7a4">
         <name>ldexp</name>
         <value>0x29a9</value>
         <object_component_ref idref="oc-301"/>
      </symbol>
      <symbol id="sm-7bd">
         <name>wcslen</name>
         <value>0x3e85</value>
         <object_component_ref idref="oc-270"/>
      </symbol>
      <symbol id="sm-7cd">
         <name>__TI_doflush</name>
         <value>0x3901</value>
         <object_component_ref idref="oc-33b"/>
      </symbol>
      <symbol id="sm-7dd">
         <name>__TI_cleanup</name>
         <value>0x3be9</value>
         <object_component_ref idref="oc-3c5"/>
      </symbol>
      <symbol id="sm-7ef">
         <name>fseek</name>
         <value>0x35d1</value>
         <object_component_ref idref="oc-385"/>
      </symbol>
      <symbol id="sm-7f9">
         <name>__aeabi_idiv0</name>
         <value>0x24fb</value>
         <object_component_ref idref="oc-350"/>
      </symbol>
      <symbol id="sm-7fa">
         <name>__aeabi_ldiv0</name>
         <value>0x24fb</value>
         <object_component_ref idref="oc-350"/>
      </symbol>
      <symbol id="sm-822">
         <name>__TI_auto_init_nobinit_nopinit</name>
         <value>0x3ab1</value>
         <object_component_ref idref="oc-117"/>
      </symbol>
      <symbol id="sm-82c">
         <name>_system_pre_init</name>
         <value>0x3ed9</value>
         <object_component_ref idref="oc-9a"/>
      </symbol>
      <symbol id="sm-83f">
         <name>HOSTclose</name>
         <value>0x3a29</value>
         <object_component_ref idref="oc-414"/>
      </symbol>
      <symbol id="sm-850">
         <name>HOSTlseek</name>
         <value>0x3435</value>
         <object_component_ref idref="oc-426"/>
      </symbol>
      <symbol id="sm-862">
         <name>parmbuf</name>
         <value>0x2000064c</value>
      </symbol>
      <symbol id="sm-863">
         <name>HOSTopen</name>
         <value>0x3699</value>
         <object_component_ref idref="oc-40e"/>
      </symbol>
      <symbol id="sm-874">
         <name>HOSTread</name>
         <value>0x3755</value>
         <object_component_ref idref="oc-41a"/>
      </symbol>
      <symbol id="sm-885">
         <name>HOSTrename</name>
         <value>0x33c9</value>
         <object_component_ref idref="oc-432"/>
      </symbol>
      <symbol id="sm-896">
         <name>HOSTunlink</name>
         <value>0x3a6d</value>
         <object_component_ref idref="oc-42c"/>
      </symbol>
      <symbol id="sm-8a7">
         <name>HOSTwrite</name>
         <value>0x37ad</value>
         <object_component_ref idref="oc-420"/>
      </symbol>
      <symbol id="sm-8cb">
         <name>__TI_readmsg</name>
         <value>0x3c1d</value>
         <object_component_ref idref="oc-461"/>
      </symbol>
      <symbol id="sm-8cc">
         <name>C$$IO$$</name>
         <value>0x3ba7</value>
         <object_component_ref idref="oc-45b"/>
      </symbol>
      <symbol id="sm-8cd">
         <name>__CIOBUF_</name>
         <value>0x20000384</value>
         <object_component_ref idref="oc-486"/>
      </symbol>
      <symbol id="sm-8ce">
         <name>__TI_writemsg</name>
         <value>0x3b79</value>
         <object_component_ref idref="oc-45b"/>
      </symbol>
      <symbol id="sm-8df">
         <name>lseek</name>
         <value>0x3d6d</value>
         <object_component_ref idref="oc-3b1"/>
      </symbol>
      <symbol id="sm-8e9">
         <name>copysign</name>
         <value>0x3e15</value>
         <object_component_ref idref="oc-369"/>
      </symbol>
      <symbol id="sm-8ea">
         <name>copysignl</name>
         <value>0x3e15</value>
         <object_component_ref idref="oc-369"/>
      </symbol>
      <symbol id="sm-8ff">
         <name>__TI_closefile</name>
         <value>0x3275</value>
         <object_component_ref idref="oc-402"/>
      </symbol>
      <symbol id="sm-922">
         <name>finddevice</name>
         <value>0x3cb9</value>
         <object_component_ref idref="oc-4a2"/>
      </symbol>
      <symbol id="sm-923">
         <name>getdevice</name>
         <value>0x3af5</value>
         <object_component_ref idref="oc-47c"/>
      </symbol>
      <symbol id="sm-932">
         <name>strcmp</name>
         <value>0x3e2f</value>
         <object_component_ref idref="oc-4b7"/>
      </symbol>
      <symbol id="sm-942">
         <name>strncpy</name>
         <value>0x3bb1</value>
         <object_component_ref idref="oc-49c"/>
      </symbol>
      <symbol id="sm-957">
         <name>close</name>
         <value>0x36f9</value>
         <object_component_ref idref="oc-44a"/>
      </symbol>
      <symbol id="sm-967">
         <name>unlink</name>
         <value>0x3d19</value>
         <object_component_ref idref="oc-450"/>
      </symbol>
      <symbol id="sm-968">
         <name>__TI_static_base__</name>
         <value>0x0</value>
      </symbol>
      <symbol id="sm-96b">
         <name>__mpu_init</name>
         <value>0x0</value>
      </symbol>
      <symbol id="sm-96c">
         <name>_system_post_cinit</name>
         <value>0x0</value>
      </symbol>
      <symbol id="sm-96d">
         <name>NMI_Handler</name>
         <value>0x3eb1</value>
      </symbol>
      <symbol id="sm-96e">
         <name>HardFault_Handler</name>
         <value>0x3eb1</value>
      </symbol>
      <symbol id="sm-96f">
         <name>MemManage_Handler</name>
         <value>0x3eb1</value>
      </symbol>
      <symbol id="sm-970">
         <name>BusFault_Handler</name>
         <value>0x3eb1</value>
      </symbol>
      <symbol id="sm-971">
         <name>UsageFault_Handler</name>
         <value>0x3eb1</value>
      </symbol>
      <symbol id="sm-972">
         <name>SVC_Handler</name>
         <value>0x3eb1</value>
      </symbol>
      <symbol id="sm-973">
         <name>DebugMon_Handler</name>
         <value>0x3eb1</value>
      </symbol>
      <symbol id="sm-974">
         <name>PendSV_Handler</name>
         <value>0x3eb1</value>
      </symbol>
      <symbol id="sm-975">
         <name>SysTick_Handler</name>
         <value>0x14ad</value>
      </symbol>
      <symbol id="sm-976">
         <name>PSS_IRQHandler</name>
         <value>0x3eb1</value>
      </symbol>
      <symbol id="sm-977">
         <name>CS_IRQHandler</name>
         <value>0x3eb1</value>
      </symbol>
      <symbol id="sm-978">
         <name>PCM_IRQHandler</name>
         <value>0x3eb1</value>
      </symbol>
      <symbol id="sm-979">
         <name>WDT_A_IRQHandler</name>
         <value>0x3eb1</value>
      </symbol>
      <symbol id="sm-97a">
         <name>FPU_IRQHandler</name>
         <value>0x3eb1</value>
      </symbol>
      <symbol id="sm-97b">
         <name>FLCTL_IRQHandler</name>
         <value>0x3eb1</value>
      </symbol>
      <symbol id="sm-97c">
         <name>COMP_E0_IRQHandler</name>
         <value>0x3eb1</value>
      </symbol>
      <symbol id="sm-97d">
         <name>COMP_E1_IRQHandler</name>
         <value>0x3eb1</value>
      </symbol>
      <symbol id="sm-97e">
         <name>TA0_0_IRQHandler</name>
         <value>0x3eb1</value>
      </symbol>
      <symbol id="sm-97f">
         <name>TA0_N_IRQHandler</name>
         <value>0x3eb1</value>
      </symbol>
      <symbol id="sm-980">
         <name>TA1_0_IRQHandler</name>
         <value>0x1485</value>
      </symbol>
      <symbol id="sm-981">
         <name>TA1_N_IRQHandler</name>
         <value>0x3eb1</value>
      </symbol>
      <symbol id="sm-982">
         <name>TA2_0_IRQHandler</name>
         <value>0x3eb1</value>
      </symbol>
      <symbol id="sm-983">
         <name>TA2_N_IRQHandler</name>
         <value>0x3eb1</value>
      </symbol>
      <symbol id="sm-984">
         <name>TA3_0_IRQHandler</name>
         <value>0x3eb1</value>
      </symbol>
      <symbol id="sm-985">
         <name>TA3_N_IRQHandler</name>
         <value>0x3eb1</value>
      </symbol>
      <symbol id="sm-986">
         <name>EUSCIA0_IRQHandler</name>
         <value>0x3eb1</value>
      </symbol>
      <symbol id="sm-987">
         <name>EUSCIA1_IRQHandler</name>
         <value>0x3eb1</value>
      </symbol>
      <symbol id="sm-988">
         <name>EUSCIA2_IRQHandler</name>
         <value>0x1467</value>
      </symbol>
      <symbol id="sm-989">
         <name>EUSCIA3_IRQHandler</name>
         <value>0x3eb1</value>
      </symbol>
      <symbol id="sm-98a">
         <name>EUSCIB0_IRQHandler</name>
         <value>0x3eb1</value>
      </symbol>
      <symbol id="sm-98b">
         <name>EUSCIB1_IRQHandler</name>
         <value>0x3eb1</value>
      </symbol>
      <symbol id="sm-98c">
         <name>EUSCIB2_IRQHandler</name>
         <value>0x3eb1</value>
      </symbol>
      <symbol id="sm-98d">
         <name>EUSCIB3_IRQHandler</name>
         <value>0x3eb1</value>
      </symbol>
      <symbol id="sm-98e">
         <name>ADC14_IRQHandler</name>
         <value>0x3eb1</value>
      </symbol>
      <symbol id="sm-98f">
         <name>T32_INT1_IRQHandler</name>
         <value>0x3eb1</value>
      </symbol>
      <symbol id="sm-990">
         <name>T32_INT2_IRQHandler</name>
         <value>0x3eb1</value>
      </symbol>
      <symbol id="sm-991">
         <name>T32_INTC_IRQHandler</name>
         <value>0x3eb1</value>
      </symbol>
      <symbol id="sm-992">
         <name>AES256_IRQHandler</name>
         <value>0x3eb1</value>
      </symbol>
      <symbol id="sm-993">
         <name>RTC_C_IRQHandler</name>
         <value>0x3eb1</value>
      </symbol>
      <symbol id="sm-994">
         <name>DMA_ERR_IRQHandler</name>
         <value>0x3eb1</value>
      </symbol>
      <symbol id="sm-995">
         <name>DMA_INT3_IRQHandler</name>
         <value>0x3eb1</value>
      </symbol>
      <symbol id="sm-996">
         <name>DMA_INT2_IRQHandler</name>
         <value>0x3eb1</value>
      </symbol>
      <symbol id="sm-997">
         <name>DMA_INT1_IRQHandler</name>
         <value>0x3eb1</value>
      </symbol>
      <symbol id="sm-998">
         <name>DMA_INT0_IRQHandler</name>
         <value>0x3eb1</value>
      </symbol>
      <symbol id="sm-999">
         <name>PORT1_IRQHandler</name>
         <value>0x3eb1</value>
      </symbol>
      <symbol id="sm-99a">
         <name>PORT2_IRQHandler</name>
         <value>0x3eb1</value>
      </symbol>
      <symbol id="sm-99b">
         <name>PORT3_IRQHandler</name>
         <value>0x3eb1</value>
      </symbol>
      <symbol id="sm-99c">
         <name>PORT4_IRQHandler</name>
         <value>0x3eb1</value>
      </symbol>
      <symbol id="sm-99d">
         <name>PORT5_IRQHandler</name>
         <value>0x3eb1</value>
      </symbol>
      <symbol id="sm-99e">
         <name>PORT6_IRQHandler</name>
         <value>0x3eb1</value>
      </symbol>
      <symbol id="sm-99f">
         <name>remove</name>
         <value>0x3d19</value>
      </symbol>
   </symbol_table>
   <title>Link successful</title>
</link_info>
